Open Watcom Linker Version 1.9
Portions Copyright (c) 1985-2002 Sybase, Inc. All Rights Reserved.
Created on:       21/03/03 17:54:35
Executable Image: lab1.exe
creating a Windows NT character-mode executable


                        +------------+
                        |   Groups   |
                        +------------+

Group                           Address              Size
=====                           =======              ====

.idata                          00415000             00000786
DGROUP                          00416000             00013120



                        +--------------+
                        |   Segments   |
                        +--------------+

Segment                Class          Group          Address         Size
=======                =====          =====          =======         ====

BEGTEXT                CODE           AUTO           00401000        00000007
_TEXT                  CODE           AUTO           00401010        00013c90
TRANSFER CODE          CODE           AUTO           00414ca0        0000019e
.idata                 .idata         .idata         00415000        00000786
_NULL                  BEGDATA        DGROUP         00416000        00000004
_AFTERNULL             BEGDATA        DGROUP         00416004        00000000
CONST                  DATA           DGROUP         00416010        000000f0
_DATA                  DATA           DGROUP         00416100        00001070
CONST2                 DATA           DGROUP         00417170        00000000
XIB                    DATA           DGROUP         00417170        00000000
XI                     DATA           DGROUP         00417170        0000004e
XIE                    DATA           DGROUP         004171be        00000000
YIB                    DATA           DGROUP         004171be        00000000
YI                     DATA           DGROUP         004171be        00000030
YIE                    DATA           DGROUP         004171ee        00000000
DATA32                 DATA           DGROUP         004171f0        00000134
TIB                    DATA           DGROUP         00417324        00000000
TI                     DATA           DGROUP         00417324        00000000
TIE                    DATA           DGROUP         00417324        00000000
DATA                   DATA           DGROUP         00417324        00000000
STORAGE                STORAGE        DGROUP         00418000        00000024
CONST32                CONST          DGROUP         00418024        00000000
_BSS                   BSS            DGROUP         00418030        000010f0
BSS32                  BSS            DGROUP         00419120        00000000
STACK                  STACK          DGROUP         00419120        00010000


                        +----------------+
                        |   Memory Map   |
                        +----------------+

* = unreferenced symbol
+ = symbol only referenced locally

Address        Symbol
=======        ======

Module: lab2source.obj(C:\FRAN\lab2source.for)
00401010       FMAIN
00418000+      STORAGE
Module: C:\WATCOM/lib386/nt\flib7.lib(setunit.c)
00401170       RT@SetUnit
Module: C:\WATCOM/lib386/nt\flib7.lib(setfile.c)
004011b0       RT@SetFile
Module: C:\WATCOM/lib386/nt\flib7.lib(exopen.c)
00401900       RT@IOOpen
00416110+      _AccModTab
00416120+      _FormTab
0041612c+      _OpStatTab
00416140+      _BlnkTab
0041614c+      _RecFmTab
0041615c+      _CCtrlTab
00416168+      _ActionTab
00416178+      _ShareTab
Module: C:\WATCOM/lib386/nt\flib7.lib(coread)
00401916       RT@IORead
00401925*      RT@InpLOG1
00401934*      RT@InpLOG4
00401943*      RT@InpINT1
00401952*      RT@InpINT2
00401961*      RT@InpINT4
00401970       RT@InpREAL
0040197f*      RT@InpDBLE
0040198e*      RT@InpXTND
0040199d*      RT@InpCPLX
004019ac*      RT@InpDBCX
004019bb*      RT@InpXTCX
004019ca*      RT@InpCHAR
004019cf*      RT@InpSTR
004019d4*      RT@InpArr
004019d9*      RT@InpChArr
Module: C:\WATCOM/lib386/nt\flib7.lib(cortns)
00416190*      _FRT_SaveESP
004019e9*      SwitchToGen
00401a07       SwitchToRT
00401a25       RdWrCommon
00401ac9       IOType_
00401ae7       IOChar
00401b02       IOStr
00401b17       IOArr
00401b32       IOChArr
00401b54       RT@EndIO
Module: C:\WATCOM/lib386/nt\flib7.lib(exclose.c)
00401c50       RT@IOClose
Module: C:\WATCOM/lib386/nt\flib7.lib(setfmt.c)
00401c70       RT@SetFmt
Module: C:\WATCOM/lib386/nt\flib7.lib(cowrite)
00401c90       RT@IOWrite
00401c9f*      RT@OutLOG1
00401cb1*      RT@OutLOG4
00401cbf*      RT@OutINT1
00401cd1*      RT@OutINT2
00401ce1*      RT@OutINT4
00401cf0       RT@OutREAL
00401d00*      RT@OutDBLE
00401d10*      RT@OutXTND
00401d20*      RT@OutCPLX
00401d36*      RT@OutDBCX
00401d4c*      RT@OutXTCX
00401d62*      RT@OutCHAR
00401d67*      RT@OutSTR
00401d6c*      RT@PrtArr
00401d71*      RT@PrtChArr
Module: C:\WATCOM/lib386\math387r.lib(trig87)
00401dc5*      sin_
00401db9*      cos_
00401de6*      tan_
00401d78       IF@COS
00401d78*      IF@DCOS
00401d82*      IF@SIN
00401d82*      IF@DSIN
00401dd1       IF@TAN
00401dd1*      IF@DTAN
Module: C:\WATCOM/lib386/nt\clib3r.lib(cstrtwnt)
00401df2       _cstart_
00401df2*      mainCRTStartup
Module: C:\WATCOM/lib386/nt\clib3r.lib(_8087)
004161cc       __8087
004161cd       __real87
Module: C:\WATCOM/lib386/nt\emu387.lib(386)
00401e50       __init_387_emulator
00401e51*      __fini_387_emulator
Module: C:\WATCOM/lib386/nt\flib7.lib(initeng.c)
00418030       __init_english
Module: C:\WATCOM/lib386/nt\flib7.lib(initerr.c)
00418034       __init_error
Module: C:\WATCOM/lib386/nt\flib7.lib(setiocb.c)
00401e60       RT@SetIOCB
Module: C:\WATCOM/lib386/nt\flib7.lib(rdata.c)
00418040       _IORslt
00418050       _FmtBuff
00418054*      _Fmt_revert
00418058*      _Fmt_start
0041805c*      _Fmt_paren_level
00418060*      _Fmt_charptr
00418064*      _FmtEmStruct
00418068       _IOTypeRtn
0041806c*      _Fmt_end
00418070*      _Fmt_rep_spec
00418074       _FmtRoutine
00418078       _IOCB
0041807c       _Files
00418080*      _Fmt_delimited
Module: C:\WATCOM/lib386/nt\flib7.lib(rtutls.c)
00401f10       FindFtnFile_
00402000       RChkAlloc_
00402030       F_Connect_
004020b0       ConnectFile_
004020c0       GetFileInfo_
004021b0       DiscoFile_
00402220*      ChkFileName_
00402250+      ChkLogFile_
00402290       ChkIOOperation_
004022d0       GetIOErr_
004022e0       ChkIOErr_
00402300       ChkUnitId_
00402340*      ChkConnected_
00402360       SetEOF_
00402390       ClearEOF_
004023d0       SysEOF_
00402400       IsFixed_
00402410       IsCarriage_
00402420*      ChkRecordStructure_
00402450*      ChkSequential_
00402470*      ChkExist_
004024a0       StrItem_
Module: C:\WATCOM/lib386/nt\flib7.lib(exutil.c)
00402520       FindKWord_
004025b0*      ClrBuff_
004161d0       _SpecId
Module: C:\WATCOM/lib386/nt\flib7.lib(ioerr.c)
00402600       IOErr_
Module: C:\WATCOM/lib386/nt\flib7.lib(rtsysutl.c)
00402690       GetSysIOInfo_
004026b0       GetSysFileInfo_
004026e0       IsDevice_
004028b0       OpenAction_
004028f0*      DfltRecType_
00402910+      _FileAttrs_
004029d0       CloseFile_
00402a40       Scrtched_
00402a60       CloseDeleteFile_
00402ab0       Errf_
00402ad0       FPutBuff_
00402b40       FGetBuff_
00402b90       SeekFile_
00402bb0       NoEOF_
00402bc0       SysClearEOF_
00402bd0       SameFile_
00402be0*      Rewindf_
00402c00       SysCreateFile_
00402c40       CheckLogicalRecord_
00402c60       SkipLogicalRecord_
00402c80*      BackSpacef_
00402cb0*      EndFilef_
00402cf0       GetIOErrMsg_
00402d30       ReportNExist_
00402d50       ReportEOF_
00402d60*      WaitForEnter_
Module: C:\WATCOM/lib386/nt\flib7.lib(runmain.c)
00402d70*      __InitUnit6CC_
00402d80       __DevicesCC_
00402d90*      __InitAllowCommaSeparator_
00402da0       __AllowCommaSep_
00402db0+      _InitIO_
00402e20+      CloseAllFiles_
00402e60*      _FiniEx_
00402e60       RunExit_
00402ea0       RunEntry_
Module: C:\WATCOM/lib386/nt\flib7.lib(rdwr.c)
00402ed0       DoOpen_
00402f00+      _AllocBuffer_
00402f40       IOPrologue_
00403180       UpdateRecNum_
Module: C:\WATCOM/lib386/nt\flib7.lib(iomain.c)
004031c0       __ReleaseIOSys_
004031e0       IOMain_
Module: C:\WATCOM/lib386/nt\flib7.lib(exread.c)
00403410       DoRead_
Module: C:\WATCOM/lib386/nt\clib3r.lib(crwdata)
00416240       __osmajor
00416241       __osminor
00416242       __osbuild
00416244       __osver
00416248       __winmajor
0041624c       __winminor
00416250       __winver
0041620c       __LpDllName
00416210       __LpwCmdLine
00416214       __LpwPgmName
00416218       __LpwDllName
00416204       __LpCmdLine
00416208       __LpPgmName
004161fc*      __dynend
00416200       __curbrk
0041621c*      __STACKLOW
00416220       __STACKTOP
00416224       __ASTACKSIZ
00416228       __ASTACKPTR
0041622c*      __cbyte
00416230*      __cbyte2
00416234*      __child
0041623a       __Envptr
0041623e*      __Envseg
00416238       __no87
00416254       ___FPE_handler
Module: C:\WATCOM/lib386/nt\flib7.lib(thrdutil.c)
004034a0*      __InitMultiThreadIO_
0041625c       ___SwitchStkLow
Module: C:\WATCOM/lib386/nt\flib7.lib(rfmtexec.c)
00403de0       R_FExec_
Module: C:\WATCOM/lib386/nt\flib7.lib(exwrite.c)
00403e80       DoWrite_
Module: C:\WATCOM/lib386/nt\clib3r.lib(chipvar)
00416260       ___chipbug
00416260       __chipbug
Module: C:\WATCOM/lib386/nt\clib3r.lib(chipt32.asm)
00403ea8       __fptan_chk
Module: C:\WATCOM/lib386/nt\clib3r.lib(main2wnt.c)
00403f60       __NTMain
Module: C:\WATCOM/lib386/nt\clib3r.lib(segdefns)
00401003       ___begtext
00416000*      __nullarea
00417170       __Start_XI
004171be       __End_XI
004171be       __Start_YI
004171ee       __End_YI
Module: C:\WATCOM/lib386/nt\clib3r.lib(chk8087.c)
00403fe0*      _fpreset_
00404020       __chk8087_
00404030*      __init_8087_
Module: C:\WATCOM/lib386/nt\flib7.lib(english.c)
00404080       __UseEnglishCharSet_
Module: C:\WATCOM/lib386/nt\flib7.lib(errincl.c)
00404190       __InitError_
00416264+      _PGroupTable
00416268+      _PErrWord
Module: C:\WATCOM/lib386/nt\flib7.lib(rtinit.c)
0041626c       ___FAppType
00416270       __ExceptionInit
00416274       __ExceptionFini
004041c0*      __InitFThreadData_
00404200+      RTSysFini_
00404210       RTSysInit_
0041627c       __AccessFIO
00416280       __ReleaseFIO
00416284       __PartialReleaseFIO
00418088       ___FThreadDataOffset
0041718e*      ___fthread_data_size
Module: C:\WATCOM/lib386/nt\clib3r.lib(mainwnt.c)
00416288       ___TlsIndex
0041628c       ___FirstThreadData
00416290       ___GetThreadPtr
00416294       __AccessFileH
00416298       __ReleaseFileH
0041629c       __AccessIOB
004162a0       __ReleaseIOB
004162a4       __AccessNHeap
004162a8       __AccessFHeap
004162ac       __ReleaseNHeap
00404280*      __threadid_
004042a0+      __sig_null_rtn_
004042b0+      __NTInit_
00404490+      __NTFini_
004044f0       __NTMainInit_
00404550       __exit_
004162b0       __ReleaseFHeap
004162b4       __AccessTDList
004162b8       __ReleaseTDList
004162bc       __AccessFList
004162c0       __ReleaseFList
004162c4       __ThreadExitRtn
004162c8       ___sig_init_rtn
004162cc       ___sig_fini_rtn
004162d0       ___process_fini
00418094       ___Is_DLL
Module: C:\WATCOM/lib386/nt\flib7.lib(ioinit.c)
004045b0       IOSysInit_
Module: C:\WATCOM/lib386/nt\flib7.lib(rterr.c)
004162d8+      _TraceRoutine
00404600+      FlushStdUnit_
00404650+      WriteErr_
00404720       ErrHandler_
00404760       RTErr_
004162e4+      LG@ERR_HOOK
Module: C:\WATCOM/lib386/nt\flib7.lib(fdutil.c)
00404790       LocFile_
004047a0       LocUnit_
004047d0       ExtractInfo_
Module: C:\WATCOM/lib386/nt\flib7.lib(rstdio.c)
00404900       _InitStandardInput_
00404930       _InitStandardOutput_
Module: C:\WATCOM/lib386/nt\flib7.lib(rmemmgr.c)
00404960       RMemAlloc_
00404970       RMemFree_
Module: C:\WATCOM/lib386/nt\clib3r.lib(memset.c)
00404980       memset_
Module: C:\WATCOM/lib386/nt\flib7.lib(deffname.c)
004162e8       _DefFName
Module: C:\WATCOM/lib386/nt\flib7.lib(stracc.c)
004049a0       TrimStr_
004049e0       GetStr_
Module: C:\WATCOM/lib386/nt\flib7.lib(spawn.c)
00404a10       Spawn_
00404a70       Suicide_
Module: C:\WATCOM/lib386/nt\clib3r.lib(memicmp.c)
00404ab0       memicmp_
Module: C:\WATCOM/lib386/nt\flib7.lib(blderr.c)
00404b70       Substitute_
00404d30       ErrCodOrg_
Module: C:\WATCOM/lib386/nt\clib3r.lib(accsswnt.c)
00404d40       access_
Module: C:\WATCOM/lib386/nt\clib3r.lib(fullpath.c)
00404d80+      _sys_fullpath_
00404e00       _fullpath_
Module: C:\WATCOM/lib386/nt\clib3r.lib(fstatwnt.c)
00404e70       fstat_
Module: C:\WATCOM/lib386/nt\flib7.lib(poserr.c)
004051d0       Errorf_
004051f0*      EOFile_
00405210       ErrorMsg_
00405250       FSetTrunc_
00405260       FSetSysErr_
00405280       FSetErr_
004052a0       FSetEof_
004052c0       IOOk_
Module: C:\WATCOM/lib386/nt\clib3r.lib(statwnt.c)
004053e5       stat_
Module: C:\WATCOM/lib386/nt\flib7.lib(posopen.c)
00405620       InitStd_
004056e0       SetIOBufferSize_
00405700+      _AllocFile_
004057f0       Openf_
004058e0       Closef_
Module: C:\WATCOM/lib386/nt\flib7.lib(posdat.c)
004164d8       _FStdIn
004164dc       _FStdOut
004164e0       _FStdErr
Module: C:\WATCOM/lib386/nt\flib7.lib(posflush.c)
00405960       FlushBuffer_
Module: C:\WATCOM/lib386/nt\flib7.lib(posdel.c)
00405a10       Scratchf_
Module: C:\WATCOM/lib386/nt\clib3r.lib(nodefwin.c)
004164e4*      __WindowsIsWindowedHandle
004164e8*      __WindowsRemoveWindowedHandle
004164ec*      __WindowsNewWindow
004164f0*      __WindowsCloseWindow
004164f4*      __WindowsSetAbout
004164f8*      __WindowsSetAppTitle
004164fc*      __WindowsSetConTitle
00416500*      __WindowsDestroyOnClose
00416504*      __WindowsYieldControl
00416508*      __WindowsShutDown
0041650c*      __WindowsStdin
00416510       __WindowsStdout
00416514*      __WindowsKbhit
00416518*      __WindowsGetch
0041651c*      __WindowsGetche
00416520*      __WindowsPutch
00405a30*      _dwShutDown_
00405a30*      _dwYield_
00405a30*      _dwSetConTitle_
00405a30*      _dwSetAppTitle_
00405a30*      _dwSetAboutDlg_
00405a30       _dwDeleteOnClose_
00416524*      __WindowsExitRtn
004186b0*      __init_default_win
Module: C:\WATCOM/lib386/nt\flib7.lib(posput.c)
00405a40       FPutRec_
00405a80       ChopFile_
00405ad0*      PutRec_
00405bf0       writebytes_
00405c70       SysWrite_
Module: C:\WATCOM/lib386/nt\flib7.lib(posget.c)
00405db0       readbytes_
00405e80       SysRead_
004062f0       FGetRec_
00406320*      GetRec_
00406340       GetStdChar_
00406390       FCheckLogical_
00406410       FSkipLogical_
004064e0*      FGetVarRecLen_
Module: C:\WATCOM/lib386/nt\flib7.lib(posseek.c)
004065d0       FSeekRec_
00406610       CurrFileOffset_
00406610       FGetFilePos_
00406630       SysSeek_
00406820*      FSeekAbs_
Module: C:\WATCOM/lib386/nt\clib3r.lib(stricmp.c)
00406830       stricmp_
Module: C:\WATCOM/lib386/nt\flib7.lib(posrew.c)
00406870       FRewind_
Module: C:\WATCOM/lib386/nt\flib7.lib(posback.c)
004068e0       FBackspace_
Module: C:\WATCOM/lib386/nt\flib7.lib(postrunc.c)
004069c0       FTruncate_
Module: C:\WATCOM/lib386/nt\clib3r.lib(errno.c)
004069e0       __get_errno_ptr_
004069f0*      __get_doserrno_ptr_
Module: C:\WATCOM/lib386/nt\flib7.lib(sdfile.c)
00416528*      _FFCtrlSeq
0041652a*      _SkipCtrlSeq
0041652c       _NormalCtrlSeq
0041652e       _SDTermIn
00416532       _SDTermOut
00416536*      _SDPrtName
Module: C:\WATCOM/lib386/nt\flib7.lib(unfmtin.c)
00406a00       UnFmtIn_
00406aa0+      NextUnFmtRec_
Module: C:\WATCOM/lib386/nt\flib7.lib(freein.c)
00406e80+      GetNum_
00407080       FreeIn_
00407090*      DoFreeIn_
004070c0+      BumpComma_
004070f0+      Blanks_
00407110+      CheckEor_
Module: C:\WATCOM/lib386/nt\flib7.lib(wrutils.c)
00407720       F_SendData_
00407780*      SendLine_
00407790       SendEOR_
00407820*      SendInt_
00407850       SendStr_
00407870+      SendWSLStr_
00407890       SendChar_
004078b0       Drop_
00407a70       IOItemResult_
Module: C:\WATCOM/lib386/nt\flib7.lib(rfmtutil.c)
00407b20       R_ChkType_
00407b50       R_NewRec_
00407b90       R_ChkIType_
00407bc0       R_ChkFType_
00407bf0       R_ChkRecLen_
00407c10+      GetLen_
00407c50       R_FOStr_
00407c60*      FOString_
00407cd0       R_FIStr_
00407d90       R_FOLog_
00407de0       R_FILog_
00407ec0       R_FIFloat_
004080b0       GetReal_
004081c0       R_FOF_
00408240       R_FOE_
00408380+      FmtH2B_
00408470       R_FIHex_
004085f0       R_FOHex_
00408600*      FOHex_
00408700       R_FIInt_
00408810       R_FOInt_
00408a70       R_FOG_
00408cf0+      ChkBuffLen_
Module: C:\WATCOM/lib386/nt\flib7.lib(arrayio.c)
00408db0       ArrayIOType_
Module: C:\WATCOM/lib386/nt\flib7.lib(unfmtout.c)
00408f10       UnFmtOut_
Module: C:\WATCOM/lib386/nt\flib7.lib(freeout.c)
00409360       FreeOut_
0041653c+      _OutRtn
Module: C:\WATCOM/lib386/nt\clib3r.lib(chipbug.c)
00409440       __verify_pentium_fdiv_bug_
Module: C:\WATCOM/lib386/nt\clib3r.lib(initrtns.c)
004094b0       __InitRtns
00409500       __FiniRtns
Module: C:\WATCOM/lib386/nt\clib3r.lib(mthrdini.c)
00409560       __InitThreadData_
00416570       ___ThreadDataSize
Module: C:\WATCOM/lib386/nt\clib3r.lib(cmain386.c)
00409590       __CMain
Module: C:\WATCOM/lib386/nt\clib3r.lib(dosseg)
00001234       __DOSseg__
Module: C:\WATCOM/lib386/nt\clib3r.lib(8087cw.c)
00416574       __8087cw
Module: C:\WATCOM/lib386/nt\clib3r.lib(save8087.c)
00416578       ___Save8087
0041657c       ___Rest8087
Module: C:\WATCOM/lib386/nt\clib3r.lib(init8087)
004095d4       __x87id
Module: C:\WATCOM/lib386/nt\flib7.lib(csetinfo.c)
004186b4       _CharSetInfo
Module: C:\WATCOM/lib386/nt\flib7.lib(errmsg.c)
00409940       _GroupTable
004099f0       _ErrWord
Module: C:\WATCOM/lib386/nt\flib7.lib(errrtns.c)
004186c8       ___ErrorFini
004186cc       ___ErrorInit
004186d0       ___BldErrMsg
Module: C:\WATCOM/lib386/nt\flib7.lib(rttraps.c)
0040a110       __EnableF77RTExceptionHandling_
0040a120       R_TrapInit_
0040a1b0       R_TrapFini_
0040a1c0*      __InitExceptionVectors_
Module: C:\WATCOM/lib386/nt\clib3r.lib(atexit.c)
0040a1d5       atexit_
Module: C:\WATCOM/lib386/nt\clib3r.lib(regdata.c)
0040a230       __RegisterThreadDataSize_
Module: C:\WATCOM/lib386/nt\clib3r.lib(hdlman.c)
00416580+      ___NHandles
00416584+      ___OSHandles
00416588+      ___FakeHandles
0040a260+      __growPOSIXHandles_
0040a300       __allocPOSIXHandle_
0040a3c0       __freePOSIXHandle_
0040a3e0       __getOSHandle_
0040a3f0       __setOSHandle_
0040a440+      __NTGetFakeHandle_
0040a4b0       __initPOSIXHandles_
0040a590*      __set_handles_
0040a5a0*      _grow_handles_
Module: C:\WATCOM/lib386/nt\clib3r.lib(environ.c)
00418758       ___env_mask
0041875c       _environ
00418760       __wenviron
Module: C:\WATCOM/lib386/nt\clib3r.lib(getmodfn.c)
0040a5e0       __lib_GetModuleFileNameW_
Module: C:\WATCOM/lib386/nt\clib3r.lib(strdup.c)
0040a680       __clib_strdup_
Module: C:\WATCOM/lib386/nt\clib3r.lib(istable.c)
0040a6c0       __IsTable
Module: C:\WATCOM/lib386/nt\clib3r.lib(ustrdup.c)
0040a7c1       __clib_wcsdup_
Module: C:\WATCOM/lib386/nt\clib3r.lib(nfree.c)
0040a7f0       _nfree_
0040a7f0       free_
00418764       ___MiniHeapFreeRover
Module: C:\WATCOM/lib386/nt\clib3r.lib(excptwnt.c)
0040af60+      ___ReportException@4
0040b3b0       __DefaultExceptionHandler_
0040b3f0+      ___ExceptionFilter
0040b600       __NewExceptionFilter_
0040b630       __DoneExceptionFilter_
00416594       ___oscode_check_func
00416598       ___raise_func
00418768*      _sw
0041876c       ___ExceptionHandled
0041876d+      ___ReportInvoked
Module: C:\WATCOM/lib386/nt\clib3r.lib(stklmwnt.c)
0040b670       __init_stack_limits_
Module: C:\WATCOM/lib386/nt\flib7.lib(errutil.c)
0040b6e0       BldErrCode_
0040b740*      MsgFormat_
0040b770*      MsgBuffer_
004165b0+      _PGrpCodes
Module: C:\WATCOM/lib386/nt\clib3r.lib(enterdb.c)
0040b7a0       __EnterWVIDEO_
004165b4       ___WD_Present
Module: C:\WATCOM/lib386/nt\flib7.lib(stdio.c)
0040b7e0       StdBuffer_
0040b800+      StdWrite_
0040b8e0       StdFlush_
0040b910       StdWriteNL_
Module: C:\WATCOM/lib386/nt\clib3r.lib(getenv.c)
0040b940       getenv_
Module: C:\WATCOM/lib386/nt\clib3r.lib(ltoa.c)
0040b9d0       ultoa_
0040ba20       ltoa_
Module: C:\WATCOM/lib386/nt\clib3r.lib(nmalloc.c)
0040ba50       _nmalloc_
0040ba50       malloc_
004169c0       ___nheapbeg
004169c4       ___MiniHeapRover
004169c8       ___LargestSizeB4MiniHeapRover
Module: C:\WATCOM/lib386/nt\clib3r.lib(__stos)
0040bb50       __STOSB
0040bb87*      __STOSD
Module: C:\WATCOM/lib386/nt\clib3r.lib(setjmp)
0040bbf4       _setjmp_
0040bc2d       longjmp_
Module: C:\WATCOM/lib386/nt\clib3r.lib(exit.c)
0040bcb5+      __null_int23_exit_
0040bcb6       exit_
0040bd06*      _exit_
004169cc+      ___int23_exit
004169d0+      ___FPE_handler_exit
Module: C:\WATCOM/lib386/nt\clib3r.lib(memmove.c)
0040bd20       memmove_
Module: C:\WATCOM/lib386/nt\clib3r.lib(itoa.c)
0040bd80       utoa_
0040bdd0       itoa_
Module: C:\WATCOM/lib386/nt\clib3r.lib(fgtattr.c)
0040be00       __fixed_GetFileAttributesA_
Module: C:\WATCOM/lib386/nt\clib3r.lib(dosret.c)
0040bea0*      _dosretax_
0040beb0*      _dosret0_
0040bec0       __set_errno_dos_
0040bef0*      __set_errno_dos_reterr_
0040bf00       __set_errno_nt_
0040bf10*      __set_errno_nt_reterr_
Module: C:\WATCOM/lib386/nt\clib3r.lib(seterrno.c)
0040bf24       __set_errno_
0040bf32*      __set_EDOM_
0040bf40       __set_ERANGE_
0040bf4e*      __set_EINVAL_
0040bf61       __set_doserrno_
Module: C:\WATCOM/lib386/nt\clib3r.lib(gtcwdwnt.c)
0040bf70       getcwd_
Module: C:\WATCOM/lib386/nt\clib3r.lib(iomode.c)
0040c000       __GetIOMode_
0040c020       __SetIOMode_nogrow_
00416ad8       ___NFiles
00416adc       ___init_mode
00416b2c       ___io_mode
Module: C:\WATCOM/lib386/nt\clib3r.lib(iomodtty.c)
0040c040       __ChkTTYIOMode_
0040c080       __IOMode_
Module: C:\WATCOM/lib386/nt\clib3r.lib(ntdirinf.c)
0040c0a0       __MakeDOSDT_
0040c0d0*      __FromDOSDT_
0040c100*      __GetNTDirInfo_
0040c140*      __NTFindNextFileWithAttr_
Module: C:\WATCOM/lib386/nt\clib3r.lib(d2ttime.c)
0040c1a0       _d2ttime_
Module: C:\WATCOM/lib386/nt\clib3r.lib(strerror.c)
0040c540       strerror_
0040c560*      _strerror_
0040c630*      _doserror_
00416b30+      __sys_errlist
00416bd4+      __sys_nerr
Module: C:\WATCOM/lib386/nt\clib3r.lib(_strcmp)
0040c660       strcmp_
Module: C:\WATCOM/lib386/nt\clib3r.lib(mbspbrk.c)
0040c7a0       _mbspbrk_
Module: C:\WATCOM/lib386/nt\clib3r.lib(mbsinc.c)
0040c7f0       _mbsinc_
Module: C:\WATCOM/lib386/nt\clib3r.lib(tolower.c)
0040c820       tolower_
Module: C:\WATCOM/lib386/nt\clib3r.lib(stiomode.c)
0040c830       __grow_iomode_
0040c900+      __shrink_iomode_
0040c940       __SetIOMode_
Module: C:\WATCOM/lib386/nt\clib3r.lib(close.c)
0040c9b0       close_
Module: C:\WATCOM/lib386/nt\clib3r.lib(openwnt.c)
0040cbd0*      open_
0040cbf0       sopen_
Module: C:\WATCOM/lib386/nt\clib3r.lib(lseek.c)
0040cc20       lseek_
Module: C:\WATCOM/lib386/nt\flib7.lib(poscc.c)
0040cc70*      __LineFeedWithFormFeed_
0040cc80       FSetCC_
Module: C:\WATCOM/lib386/nt\clib3r.lib(write.c)
0040cf30       write_
Module: C:\WATCOM/lib386/nt\clib3r.lib(unlnkwnt.c)
0040d190       unlink_
Module: C:\WATCOM/lib386/nt\clib3r.lib(chsizwnt.c)
0040d210       chsize_
Module: C:\WATCOM/lib386/nt\clib3r.lib(read.c)
0040d300       read_
Module: C:\WATCOM/lib386/nt\flib7.lib(rdutils.c)
0040d490       NextRec_
Module: C:\WATCOM/lib386/nt\flib7.lib(unfmtutl.c)
0040d5a0       _SizeVars
Module: C:\WATCOM/lib386/nt\clib3r.lib(toupper.c)
0040d5b0       toupper_
Module: C:\WATCOM/lib386/nt\flib7.lib(chrutils.c)
0040d5c0       JmpBlanks_
Module: C:\WATCOM/lib386/nt\flib7.lib(fmtcnvt.c)
0040d5e0       FmtS2I_
0040d710       FmtS2F_
Module: C:\WATCOM/lib386/nt\flib7.lib(ifile.c)
0040dae0       SendIFBuff_
0040db10       NextIFBuff_
Module: C:\WATCOM/lib386/nt\flib7.lib(cctrl.c)
0040db40       CheckCCtrl_
Module: C:\WATCOM/lib386/nt\flib7.lib(undefcg.c)
0040dc40       OutLogCG_
0040dc50       OutIntCG_
0040dc90+      FmtRealCG_
0040dcc0+      FmtDoubleCG_
0040dcf0+      FmtExtendedCG_
0040dd20+      UndefIntCG_
0040dd20+      UndefLogCG_
0040dd20+      UndefExtendedCG_
0040dd20+      UndefDoubleCG_
0040dd20+      UndefRealCG_
0040dd30+      GetRealCG_
00416be0       _FmtRealRtn
00416be4       _FmtDoubleRtn
00416be8       _FmtExtendedRtn
00416bec       _SendStrRtn
00416bf0       _UndefRealRtn
00416bf4       _UndefDoubleRtn
00416bf8       _UndefExtendedRtn
00416bfc       _UndefLogRtn
00416c00       _UndefIntRtn
00416c04       _GetRealRtn
Module: C:\WATCOM/lib386/nt\flib7.lib(rfmtlog.c)
0040dd50       R_FmtLog_
Module: C:\WATCOM/lib386/nt\flib7.lib(fmtrtns.c)
0040dd80       R_F2E_
0040def0       R_F2F_
0040e080       SetMaxPrec_
Module: C:\WATCOM/lib386/nt\flib7.lib(flt86.c)
0040e090       _P1d100
0040e098       _P1d_99
Module: C:\WATCOM/lib386\math387r.lib(pow87)
0040e1f9*      pow_
0040e0a0       IF@DPOW
0040e0a0*      IF@POW
Module: C:\WATCOM/lib386/nt\flib7.lib(hexcnv.c)
0040e220       Hex_
0040e240*      HSToB_
0040e2b0       BToHS_
Module: C:\WATCOM/lib386/nt\clib3r.lib(strupr.c)
0040e300       strupr_
Module: C:\WATCOM/lib386/nt\clib3r.lib(cinit.c)
0040e320       __CommonInit_
Module: C:\WATCOM/lib386/nt\clib3r.lib(___argc.c)
00418878       ____Argc
0041887c       ____Argv
Module: C:\WATCOM/lib386/nt\flib7.lib(rtmain.c)
0040e330       main_
Module: C:\WATCOM/lib386/nt\clib3r.lib(signlwnt.c)
00416c08+      __SignalTable
0040e350+      __SetSignalFunc_
0040e3a0+      __GetSignalFunc_
0040e3d0+      __GetSignalOSCode_
0040e400+      __CheckSignalExCode_
0040e540+      __sigabort_
0040e550       __sigfpe_handler_
0040e5a0       signal_
0040e630+      raise_
0040e6a0+      __SigInit_
0040e6f0+      __SigFini_
0040e730+      __sig_init_
Module: C:\WATCOM/lib386/nt\flib7.lib(fptraps.c)
0040e810*      __MaskDefaultFPE_
0040e830       FPTrapInit_
0040e860       FPTrapFini_
Module: C:\WATCOM/lib386/nt\clib3r.lib(trdlist.c)
0040e8d0       __GetThreadData_
0040e920       __ReallocThreadData_
0040ea10       __AddThreadData_
0040ea90       __RemoveThreadData_
0040eaf0       __ResizeThreadDataList_
0040eb20       __FreeThreadDataList_
0040eb50*      __ActiveThreads_
Module: C:\WATCOM/lib386/nt\clib3r.lib(nrealloc.c)
0040eb70*      _nrealloc_
0040eb70       realloc_
Module: C:\WATCOM/lib386/nt\clib3r.lib(setenvp.c)
0040ebf0       __setenvp_
0040ecb0       __freeenvp_
Module: C:\WATCOM/lib386/nt\clib3r.lib(ustrlen.c)
0040ecfd       wcslen_
Module: C:\WATCOM/lib386/nt\clib3r.lib(memcpy.c)
0040ed10       memcpy_
Module: C:\WATCOM/lib386/nt\clib3r.lib(mem.c)
0040ed30       __MemAllocator
0040ede0       __MemFree
Module: C:\WATCOM/lib386/nt\clib3r.lib(conutwnt.c)
0040ef30*      __NTRealKey_
0040efe0*      __NTConsoleInput_
0040eff0       __NTConsoleOutput_
Module: C:\WATCOM/lib386/nt\clib3r.lib(fclex387.c)
0040f000       _ClearFPE_
Module: C:\WATCOM/lib386/nt\flib7.lib(errgrp.c)
0040f010       _GrpCodes
Module: C:\WATCOM/lib386/nt\clib3r.lib(iob.c)
00416c7c       ___iob
00416e84       __fmode
00418888       ___OpenStreams
0041888c       ___ClosedStreams
Module: C:\WATCOM/lib386/nt\clib3r.lib(setmd.c)
0040f0a0       setmode_
Module: C:\WATCOM/lib386/nt\clib3r.lib(mbterm.c)
0040f190       _mbterm_
Module: C:\WATCOM/lib386/nt\clib3r.lib(mbsnextc.c)
0040f1d0       _mbsnextc_
Module: C:\WATCOM/lib386/nt\clib3r.lib(mbcupper.c)
0040f210       _mbctoupper_
Module: C:\WATCOM/lib386/nt\clib3r.lib(alphabet.c)
004160a4       ___Alphabet
Module: C:\WATCOM/lib386/nt\clib3r.lib(nmemneed.c)
0040f240       __nmemneed_
Module: C:\WATCOM/lib386/nt\clib3r.lib(grownear.c)
0040f3b0       __ExpandDGROUP_
Module: C:\WATCOM/lib386/nt\clib3r.lib(ljmphdl.c)
00416e88       ___longjmp_handler
Module: C:\WATCOM/lib386/nt\clib3r.lib(isattwnt.c)
0040f3e0       isatty_
Module: C:\WATCOM/lib386/nt\clib3r.lib(strncpy.c)
0040f400       strncpy_
Module: C:\WATCOM/lib386/nt\clib3r.lib(mktime.c)
0040f440       mktime_
Module: C:\WATCOM/lib386/nt\clib3r.lib(mbschr.c)
0040f4d0       _mbschr_
Module: C:\WATCOM/lib386/nt\clib3r.lib(mbisdbcs.c)
00418890       ___IsDBCS
Module: C:\WATCOM/lib386/nt\clib3r.lib(mbislead.c)
0040f530*      _ismbblead_
00418894       ___MBCSIsTable
Module: C:\WATCOM/lib386/nt\clib3r.lib(_clsewnt.c)
0040f550       __close_
Module: C:\WATCOM/lib386/nt\clib3r.lib(ntfio.c)
0040f5b0*      __GetNTCreateAttr_
0040f5f0       __GetNTAccessAttr_
0040f620       __GetNTShareAttr_
Module: C:\WATCOM/lib386/nt\clib3r.lib(umaskval.c)
00416e8c       ___umaskval
Module: C:\WATCOM/lib386/nt\clib3r.lib(__lseek.c)
0040f680       __lseek_
Module: C:\WATCOM/lib386/nt\clib3r.lib(stackwnt.c)
0040f6c0       stackavail_
Module: C:\WATCOM/lib386/nt\clib3r.lib(stk)
0040f6d1*      __CHK
0040f6e1*      __STK
0040f700       __STKOVERFLOW_
0040f710*      __GRO
0040f730*      __alloca_probe
Module: C:\WATCOM/lib386/nt\flib7.lib(intarith.c)
0040f750       AddIOFlo_
0040f760*      SubIOFlo_
0040f770       MulIOFlo_
Module: C:\WATCOM/lib386\math387r.lib(strtod.c)
0040fc93+      __Strtold_
0040fdfa       strtod_
Module: C:\WATCOM/lib386/nt\flib7.lib(expchk.c)
0040ff40       ToFFormat_
Module: C:\WATCOM/lib386\math387r.lib(ldcvt.c)
00410067       _LDScale10x_
0041060e       __LDcvt_
Module: C:\WATCOM/lib386\math387r.lib(pow87e.c)
00410a5b       __pow87_err_
Module: C:\WATCOM/lib386\math387r.lib(exp87)
00410b4b*      exp_
00410ae4*      __@DEXP1
00410aec*      IF@EXP
00410aec*      IF@DEXP
00410aee       __@DEXP
Module: C:\WATCOM/lib386/nt\clib3r.lib(chipd32.asm)
00410c6f       __fdiv_fpr
00411131*      __fdiv_chk
00411144*      __fdiv_m32
00411191*      __fdiv_m64
004111de*      __fdiv_m32r
0041122b*      __fdiv_m64r
Module: C:\WATCOM/lib386/nt\clib3r.lib(argcv.c)
00418998       __argc
0041899c       __argv
004189a0       ___argv
004189a4       ___argc
Module: C:\WATCOM/lib386/nt\clib3r.lib(abort.c)
00411295*      abort_
004112a7       __terminate_
00416f58       ___abort
Module: C:\WATCOM/lib386/nt\clib3r.lib(cntrl87.c)
004112c0       _control87_
Module: C:\WATCOM/lib386/nt\clib3r.lib(mthread.c)
004114a0+      __CloseSemaphore_
004114e0+      __AccessIOB_
004114f0+      __ReleaseIOB_
00411500+      __AccessFileH_
00411510+      __ReleaseFileH_
00411520+      __AccessNHeap_
00411530+      __ReleaseNHeap_
00411540+      __AccessFHeap_
00411550+      __ReleaseFHeap_
00411560+      __AccessTDList_
00411570+      __ReleaseTDList_
00411580+      __AccessFList_
00411590+      __AccessSemaphore_
004115f0+      __ReleaseFList_
00411600+      __ReleaseSemaphore_
00411630+      __MultipleThread_
00411680+      __AllocInitThreadData_
004116d0*      __FreeInitThreadData_
004116e0       __NTThreadInit_
00411750       __NTAddThread_
004117a0       __NTRemoveThread_
00411830       __InitMultipleThread_
00416f5c+      ___AccessSema4
00416f60+      ___ReleaseSema4
00416f64+      ___CloseSema4
Module: C:\WATCOM/lib386/nt\clib3r.lib(xmsgwnt.c)
004119f0+      __exit_with_msg_
00411a50       __fatal_runtime_error_
Module: C:\WATCOM/lib386/nt\clib3r.lib(calloc.c)
00411a70       calloc_
Module: C:\WATCOM/lib386/nt\clib3r.lib(register.c)
00411aa0       __initthread_
00411ab0*      _beginthread_
00411ac0       _endthread_
00411ad0*      __RegisterThreadData_
Module: C:\WATCOM/lib386/nt\clib3r.lib(nmsize.c)
00411b20       _nmsize_
00411b20*      _msize_
Module: C:\WATCOM/lib386/nt\clib3r.lib(nexpand.c)
00411b30       _nexpand_
00411b30*      _expand_
00411b70+      __HeapManager_expand_
Module: C:\WATCOM/lib386/nt\clib3r.lib(dofilstr.c)
00411d50       __ParsePosixHandleStr_
Module: C:\WATCOM/lib386/nt\clib3r.lib(clearenv.c)
00411e70       clearenv_
Module: C:\WATCOM/lib386/nt\clib3r.lib(initfile.c)
00411f30       __InitFiles_
Module: C:\WATCOM/lib386/nt\clib3r.lib(ioexit.c)
00412030*      fcloseall_
00412040       __full_io_exit_
Module: C:\WATCOM/lib386/nt\clib3r.lib(mbconv.c)
00412050       _mbvtop_
Module: C:\WATCOM/lib386/nt\clib3r.lib(amblksiz.c)
00416f74       __amblksiz
Module: C:\WATCOM/lib386/nt\clib3r.lib(heapen.c)
00412070*      _heapenable_
00416f78       ___heap_enabled
Module: C:\WATCOM/lib386/nt\clib3r.lib(nheapmin.c)
004120a0       _nheapshrink_
004120a0*      _nheapmin_
004120a0*      _heapmin_
004120a0       _heapshrink_
Module: C:\WATCOM/lib386/nt\clib3r.lib(locmktim.c)
00412190       __local_mktime_
Module: C:\WATCOM/lib386/nt\clib3r.lib(gmtime.c)
00412310       __brktime_
00412410+      _gmtime_
00412430*      gmtime_
Module: C:\WATCOM/lib386/nt\clib3r.lib(tzset.c)
00416f7c       ___start_dst
00416fa0       ___end_dst
004170c8*      _tzname
004170d0       _timezone
004170d4       _daylight
004170d8       ___dst_adjust
004124a0*      __DontCacheOSTZ_
004124b0*      __CacheOSTZ_
00412990+      __parse_tz_
00412d80       tzset_
Module: C:\WATCOM/lib386/nt\clib3r.lib(timeutil.c)
00412ef0       __isindst_
Module: C:\WATCOM/lib386/nt\clib3r.lib(mbclen.c)
00413220       _mbclen_
Module: C:\WATCOM/lib386/nt\clib3r.lib(mbccmp.c)
00413250       _mbccmp_
Module: C:\WATCOM/lib386/nt\clib3r.lib(mbinit.c)
004132c5       __mbinit_
004170e0       ___MBCodePage
Module: C:\WATCOM/lib386\math387r.lib(bufld386)
004133b4       __ZBuf2LD
Module: C:\WATCOM/lib386\math387r.lib(inf_nan.c)
00413457*      ___f_infinity
0041345b*      ___f_posqnan
0041345f       ___d_infinity
00413467       ___d_posqnan
0041346f*      ___ld_infinity
00413477*      ___ld_posqnan
Module: C:\WATCOM/lib386/nt\clib3r.lib(hugeval.c)
00413480       __HugeValue
Module: C:\WATCOM/lib386\math387r.lib(ldclass.c)
00413488       __LDClass_
004134d8*      _FLClass_
Module: C:\WATCOM/lib386/nt\flib7.lib(_matherr.c)
004134f0*      __imath2err_
00413530*      __amath1err_
00413560*      __amath2err_
00413590       __math2err_
004136a0       __math1err_
004136b0*      __zmath2err_
00413710*      __qmath2err_
Module: C:\WATCOM/lib386\math387r.lib(math87e.c)
00413776       __math87_err_
Module: C:\WATCOM/lib386/nt\clib3r.lib(initargv.c)
004137f0       __Init_Argv_
00413840+      _getargv_
004139e0       __Fini_Argv_
Module: C:\WATCOM/lib386/nt\clib3r.lib(trdalloc.c)
004139f0       __FiniThreadProcessing_
Module: C:\WATCOM/lib386/nt\clib3r.lib(thredwnt.c)
00413ab0       __CBeginThread_
00413b50       __CEndThread_
Module: C:\WATCOM/lib386/nt\clib3r.lib(strtol.c)
00413db0*      strtoul_
00413dc0       strtol_
Module: C:\WATCOM/lib386/nt\clib3r.lib(putenv.c)
00413dd0       putenv_
00414060       __putenv_
Module: C:\WATCOM/lib386/nt\clib3r.lib(fclose.c)
004141d0+      __doclose_
00414270       __shutdown_stream_
00414290*      fclose_
00419118+      ___RmTmpFileFn
Module: C:\WATCOM/lib386/nt\clib3r.lib(freefp.c)
004142e0       __freefp_
00414330       __purgefp_
Module: C:\WATCOM/lib386/nt\clib3r.lib(leapyear.c)
00414360       __leapyear_
004160cc       ___diyr
004160e6       ___dilyr
Module: C:\WATCOM/lib386/nt\clib3r.lib(wcstombs.c)
004143a0       wcstombs_
Module: C:\WATCOM/lib386/nt\clib3r.lib(histsplt.c)
0041911c       ___historical_splitparms
Module: C:\WATCOM/lib386/nt\clib3r.lib(mbslen.c)
00414440       _mbslen_
Module: C:\WATCOM/lib386/nt\clib3r.lib(mbstowcs.c)
00414470       mbstowcs_
Module: C:\WATCOM/lib386/nt\clib3r.lib(uputenv.c)
004144f0*      _wputenv_
00414710       __wputenv_
Module: C:\WATCOM/lib386/nt\clib3r.lib(flush.c)
00414810       __flush_
Module: C:\WATCOM/lib386/nt\clib3r.lib(wctomb.c)
00414910       wctomb_
Module: C:\WATCOM/lib386/nt\clib3r.lib(mbtowc.c)
00414950       mbtowc_
Module: C:\WATCOM/lib386/nt\clib3r.lib(ustrchr.c)
004149e0       wcschr_
Module: C:\WATCOM/lib386/nt\clib3r.lib(setenvar.c)
00414a00       __lib_SetEnvironmentVariableW_
Module: C:\WATCOM/lib386/nt\clib3r.lib(crtwenv.c)
00414af0       __create_wide_environment_
Module: C:\WATCOM/lib386/nt\clib3r.lib(utoupper.c)
00414b58       towupper_
Module: C:\WATCOM/lib386/nt\clib3r.lib(fsync.c)
00414b70       fsync_
Module: C:\WATCOM/lib386/nt\clib3r.lib(qwrit.c)
00414bc0       __qwrite_


                        +----------------------+
                        |   Imported Symbols   |
                        +----------------------+

Symbol                              Module
======                              ======

_GetEnvironmentStringsA@0           KERNEL32.DLL
_GetVersion@0                       KERNEL32.DLL
_GetModuleFileNameA@12              KERNEL32.DLL
_GetCommandLineA@0                  KERNEL32.DLL
_GetCommandLineW@0                  KERNEL32.DLL
_FreeEnvironmentStringsA@4          KERNEL32.DLL
_GetModuleHandleA@4                 KERNEL32.DLL
_ExitProcess@4                      KERNEL32.DLL
_RtlUnwind@16                       KERNEL32.DLL
_GetFullPathNameA@16                KERNEL32.DLL
_GetFileType@4                      KERNEL32.DLL
_GetFileInformationByHandle@8       KERNEL32.DLL
_GetFileTime@16                     KERNEL32.DLL
_GetFileSize@8                      KERNEL32.DLL
_CreateFileA@28                     KERNEL32.DLL
_CloseHandle@4                      KERNEL32.DLL
_GetLastError@0                     KERNEL32.DLL
_GetDriveTypeA@4                    KERNEL32.DLL
_FindFirstFileA@8                   KERNEL32.DLL
_FindClose@4                        KERNEL32.DLL
_GetCurrentThreadId@0               KERNEL32.DLL
_SetStdHandle@8                     KERNEL32.DLL
_CreateEventA@16                    KERNEL32.DLL
_GetStdHandle@4                     KERNEL32.DLL
_GetModuleFileNameW@12              KERNEL32.DLL
_MultiByteToWideChar@24             KERNEL32.DLL
_LoadLibraryA@4                     KERNEL32.DLL
_GetProcAddress@8                   KERNEL32.DLL
_WriteFile@20                       KERNEL32.DLL
_SetUnhandledExceptionFilter@4      KERNEL32.DLL
_UnhandledExceptionFilter@4         KERNEL32.DLL
_VirtualQuery@12                    KERNEL32.DLL
_MessageBoxA@16                     USER32.DLL
_GetFileAttributesA@4               KERNEL32.DLL
_GetCurrentDirectoryA@8             KERNEL32.DLL
_FileTimeToLocalFileTime@8          KERNEL32.DLL
_FileTimeToDosDateTime@12           KERNEL32.DLL
_DosDateTimeToFileTime@12           KERNEL32.DLL
_LocalFileTimeToFileTime@8          KERNEL32.DLL
_FindNextFileA@8                    KERNEL32.DLL
_FormatMessageA@28                  KERNEL32.DLL
_SetFilePointer@16                  KERNEL32.DLL
_DeleteFileA@4                      KERNEL32.DLL
_SetEndOfFile@4                     KERNEL32.DLL
_ReadFile@20                        KERNEL32.DLL
_SetConsoleCtrlHandler@8            KERNEL32.DLL
_TlsGetValue@4                      KERNEL32.DLL
_TlsSetValue@8                      KERNEL32.DLL
_CharUpperA@4                       USER32.DLL
_VirtualAlloc@16                    KERNEL32.DLL
_InitializeCriticalSection@4        KERNEL32.DLL
_DeleteCriticalSection@4            KERNEL32.DLL
_LeaveCriticalSection@4             KERNEL32.DLL
_EnterCriticalSection@4             KERNEL32.DLL
_SetLastError@4                     KERNEL32.DLL
_TlsAlloc@0                         KERNEL32.DLL
_TlsFree@4                          KERNEL32.DLL
_VirtualFree@12                     KERNEL32.DLL
_GetTimeZoneInformation@4           KERNEL32.DLL
_GetACP@0                           KERNEL32.DLL
_GetOEMCP@0                         KERNEL32.DLL
_GetCPInfo@8                        KERNEL32.DLL
_CreateThread@24                    KERNEL32.DLL
_ResumeThread@4                     KERNEL32.DLL
_ExitThread@4                       KERNEL32.DLL
_SetEnvironmentVariableA@8          KERNEL32.DLL
_WideCharToMultiByte@32             KERNEL32.DLL
_SetEnvironmentVariableW@8          KERNEL32.DLL
_FlushFileBuffers@4                 KERNEL32.DLL


                        +--------------------+
                        |   Libraries Used   |
                        +--------------------+

C:\WATCOM/lib386/nt\kernel32.lib
C:\WATCOM/lib386/nt\user32.lib
C:\WATCOM/lib386/nt\flib7.lib
C:\WATCOM/lib386\math387r.lib
C:\WATCOM/lib386/nt\clib3r.lib
C:\WATCOM/lib386/nt\emu387.lib


                        +-----------------------+
                        |   Linker Statistics   |
                        +-----------------------+

Stack size:  00010000 (65536.)
Memory size:  000276e4 (161508.)
Entry point address: 00401df2
Link time: 00:00.03
