Open Watcom Linker Version 1.9
Portions Copyright (c) 1985-2002 Sybase, Inc. All Rights Reserved.
Created on:       21/05/24 23:32:20
Executable Image: lab2.exe
creating a Windows NT character-mode executable


                        +------------+
                        |   Groups   |
                        +------------+

Group                           Address              Size
=====                           =======              ====

.idata                          00416000             00000786
DGROUP                          00417000             000130f0



                        +--------------+
                        |   Segments   |
                        +--------------+

Segment                Class          Group          Address         Size
=======                =====          =====          =======         ====

BEGTEXT                CODE           AUTO           00401000        00000007
_TEXT                  CODE           AUTO           00401010        000147a0
TRANSFER CODE          CODE           AUTO           004157b0        0000019e
.idata                 .idata         .idata         00416000        00000786
_NULL                  BEGDATA        DGROUP         00417000        00000004
_AFTERNULL             BEGDATA        DGROUP         00417004        00000000
CONST                  DATA           DGROUP         00417010        00000210
_DATA                  DATA           DGROUP         00417220        00001080
CONST2                 DATA           DGROUP         004182a0        00000000
XIB                    DATA           DGROUP         004182a0        00000000
XI                     DATA           DGROUP         004182a0        0000004e
XIE                    DATA           DGROUP         004182ee        00000000
YIB                    DATA           DGROUP         004182ee        00000000
YI                     DATA           DGROUP         004182ee        00000030
YIE                    DATA           DGROUP         0041831e        00000000
DATA32                 DATA           DGROUP         00418320        00000134
TIB                    DATA           DGROUP         00418454        00000000
TI                     DATA           DGROUP         00418454        00000000
TIE                    DATA           DGROUP         00418454        00000000
DATA                   DATA           DGROUP         00418454        00000000
CONST32                CONST          DGROUP         00419000        00000000
_BSS                   BSS            DGROUP         00419000        000010f0
BSS32                  BSS            DGROUP         0041a0f0        00000000
STACK                  STACK          DGROUP         0041a0f0        00010000


                        +----------------+
                        |   Memory Map   |
                        +----------------+

* = unreferenced symbol
+ = symbol only referenced locally

Address        Symbol
=======        ======

Module: lab2source.obj(C:\FRAN\lab2source.for)
00401010       FMAIN
Module: C:\WATCOM/lib386/nt\flib7.lib(setunit.c)
00401be0       RT@SetUnit
Module: C:\WATCOM/lib386/nt\flib7.lib(setfile.c)
00401c20       RT@SetFile
Module: C:\WATCOM/lib386/nt\flib7.lib(exopen.c)
00402370       RT@IOOpen
00417240+      _AccModTab
00417250+      _FormTab
0041725c+      _OpStatTab
00417270+      _BlnkTab
0041727c+      _RecFmTab
0041728c+      _CCtrlTab
00417298+      _ActionTab
004172a8+      _ShareTab
Module: C:\WATCOM/lib386/nt\flib7.lib(coread)
00402386       RT@IORead
00402395*      RT@InpLOG1
004023a4*      RT@InpLOG4
004023b3*      RT@InpINT1
004023c2*      RT@InpINT2
004023d1*      RT@InpINT4
004023e0       RT@InpREAL
004023ef*      RT@InpDBLE
004023fe*      RT@InpXTND
0040240d*      RT@InpCPLX
0040241c*      RT@InpDBCX
0040242b*      RT@InpXTCX
0040243a*      RT@InpCHAR
0040243f*      RT@InpSTR
00402444*      RT@InpArr
00402449*      RT@InpChArr
Module: C:\WATCOM/lib386/nt\flib7.lib(cortns)
004172c0*      _FRT_SaveESP
00402459*      SwitchToGen
00402477       SwitchToRT
00402495       RdWrCommon
00402539       IOType_
00402557       IOChar
00402572       IOStr
00402587       IOArr
004025a2       IOChArr
004025c4       RT@EndIO
Module: C:\WATCOM/lib386/nt\flib7.lib(exclose.c)
004026c0       RT@IOClose
Module: C:\WATCOM/lib386/nt\flib7.lib(setfmt.c)
004026e0       RT@SetFmt
Module: C:\WATCOM/lib386/nt\flib7.lib(cowrite)
00402700       RT@IOWrite
0040270f*      RT@OutLOG1
00402721*      RT@OutLOG4
0040272f*      RT@OutINT1
00402741*      RT@OutINT2
00402751*      RT@OutINT4
00402760       RT@OutREAL
00402770*      RT@OutDBLE
00402780*      RT@OutXTND
00402790*      RT@OutCPLX
004027a6*      RT@OutDBCX
004027bc*      RT@OutXTCX
004027d2       RT@OutCHAR
004027d7*      RT@OutSTR
004027dc*      RT@PrtArr
004027e1*      RT@PrtChArr
Module: C:\WATCOM/lib386\math387r.lib(fchop87)
004027e8       __CHP
Module: C:\WATCOM/lib386\math387r.lib(powii.c)
004027ff       IF@IPOW
004027ff*      IF@PowII
Module: C:\WATCOM/lib386\math387r.lib(trig87)
004028d9*      sin_
004028cd*      cos_
004028fa*      tan_
0040288c       IF@COS
0040288c*      IF@DCOS
00402896       IF@SIN
00402896*      IF@DSIN
004028e5*      IF@TAN
004028e5*      IF@DTAN
Module: C:\WATCOM/lib386/nt\clib3r.lib(cstrtwnt)
00402906       _cstart_
00402906*      mainCRTStartup
Module: C:\WATCOM/lib386/nt\clib3r.lib(_8087)
004172fc       __8087
004172fd       __real87
Module: C:\WATCOM/lib386/nt\emu387.lib(386)
00402964       __init_387_emulator
00402965*      __fini_387_emulator
Module: C:\WATCOM/lib386/nt\flib7.lib(initeng.c)
00419000       __init_english
Module: C:\WATCOM/lib386/nt\flib7.lib(initerr.c)
00419004       __init_error
Module: C:\WATCOM/lib386/nt\flib7.lib(setiocb.c)
00402970       RT@SetIOCB
Module: C:\WATCOM/lib386/nt\flib7.lib(rdata.c)
00419010       _IORslt
00419020       _FmtBuff
00419024*      _Fmt_revert
00419028*      _Fmt_start
0041902c*      _Fmt_paren_level
00419030*      _Fmt_charptr
00419034*      _FmtEmStruct
00419038       _IOTypeRtn
0041903c*      _Fmt_end
00419040*      _Fmt_rep_spec
00419044       _FmtRoutine
00419048       _IOCB
0041904c       _Files
00419050*      _Fmt_delimited
Module: C:\WATCOM/lib386/nt\flib7.lib(rtutls.c)
00402a20       FindFtnFile_
00402b10       RChkAlloc_
00402b40       F_Connect_
00402bc0       ConnectFile_
00402bd0       GetFileInfo_
00402cc0       DiscoFile_
00402d30*      ChkFileName_
00402d60+      ChkLogFile_
00402da0       ChkIOOperation_
00402de0       GetIOErr_
00402df0       ChkIOErr_
00402e10       ChkUnitId_
00402e50*      ChkConnected_
00402e70       SetEOF_
00402ea0       ClearEOF_
00402ee0       SysEOF_
00402f10       IsFixed_
00402f20       IsCarriage_
00402f30*      ChkRecordStructure_
00402f60*      ChkSequential_
00402f80*      ChkExist_
00402fb0       StrItem_
Module: C:\WATCOM/lib386/nt\flib7.lib(exutil.c)
00403030       FindKWord_
004030c0*      ClrBuff_
00417300       _SpecId
Module: C:\WATCOM/lib386/nt\flib7.lib(ioerr.c)
00403110       IOErr_
Module: C:\WATCOM/lib386/nt\flib7.lib(rtsysutl.c)
004031a0       GetSysIOInfo_
004031c0       GetSysFileInfo_
004031f0       IsDevice_
004033c0       OpenAction_
00403400*      DfltRecType_
00403420+      _FileAttrs_
004034e0       CloseFile_
00403550       Scrtched_
00403570       CloseDeleteFile_
004035c0       Errf_
004035e0       FPutBuff_
00403650       FGetBuff_
004036a0       SeekFile_
004036c0       NoEOF_
004036d0       SysClearEOF_
004036e0       SameFile_
004036f0*      Rewindf_
00403710       SysCreateFile_
00403750       CheckLogicalRecord_
00403770       SkipLogicalRecord_
00403790*      BackSpacef_
004037c0*      EndFilef_
00403800       GetIOErrMsg_
00403840       ReportNExist_
00403860       ReportEOF_
00403870*      WaitForEnter_
Module: C:\WATCOM/lib386/nt\flib7.lib(runmain.c)
00403880*      __InitUnit6CC_
00403890       __DevicesCC_
004038a0*      __InitAllowCommaSeparator_
004038b0       __AllowCommaSep_
004038c0+      _InitIO_
00403930+      CloseAllFiles_
00403970*      _FiniEx_
00403970       RunExit_
004039b0       RunEntry_
Module: C:\WATCOM/lib386/nt\flib7.lib(rdwr.c)
004039e0       DoOpen_
00403a10+      _AllocBuffer_
00403a50       IOPrologue_
00403c90       UpdateRecNum_
Module: C:\WATCOM/lib386/nt\flib7.lib(iomain.c)
00403cd0       __ReleaseIOSys_
00403cf0       IOMain_
Module: C:\WATCOM/lib386/nt\flib7.lib(exread.c)
00403f20       DoRead_
Module: C:\WATCOM/lib386/nt\clib3r.lib(crwdata)
00417370       __osmajor
00417371       __osminor
00417372       __osbuild
00417374       __osver
00417378       __winmajor
0041737c       __winminor
00417380       __winver
0041733c       __LpDllName
00417340       __LpwCmdLine
00417344       __LpwPgmName
00417348       __LpwDllName
00417334       __LpCmdLine
00417338       __LpPgmName
0041732c*      __dynend
00417330       __curbrk
0041734c*      __STACKLOW
00417350       __STACKTOP
00417354       __ASTACKSIZ
00417358       __ASTACKPTR
0041735c*      __cbyte
00417360*      __cbyte2
00417364*      __child
0041736a       __Envptr
0041736e*      __Envseg
00417368       __no87
00417384       ___FPE_handler
Module: C:\WATCOM/lib386/nt\flib7.lib(thrdutil.c)
00403fb0*      __InitMultiThreadIO_
0041738c       ___SwitchStkLow
Module: C:\WATCOM/lib386/nt\flib7.lib(rfmtexec.c)
004048f0       R_FExec_
Module: C:\WATCOM/lib386/nt\flib7.lib(exwrite.c)
00404990       DoWrite_
Module: C:\WATCOM/lib386/nt\flib7.lib(_matherr.c)
004049c0*      __imath2err_
00404a00*      __amath1err_
00404a30*      __amath2err_
00404a60       __math2err_
00404b70       __math1err_
00404b80*      __zmath2err_
00404be0*      __qmath2err_
Module: C:\WATCOM/lib386/nt\clib3r.lib(chipvar)
00417390       ___chipbug
00417390       __chipbug
Module: C:\WATCOM/lib386/nt\clib3r.lib(chipt32.asm)
00404c48       __fptan_chk
Module: C:\WATCOM/lib386/nt\clib3r.lib(main2wnt.c)
00404d00       __NTMain
Module: C:\WATCOM/lib386/nt\clib3r.lib(segdefns)
00401003       ___begtext
00417000*      __nullarea
004182a0       __Start_XI
004182ee       __End_XI
004182ee       __Start_YI
0041831e       __End_YI
Module: C:\WATCOM/lib386/nt\clib3r.lib(chk8087.c)
00404d80*      _fpreset_
00404dc0       __chk8087_
00404dd0*      __init_8087_
Module: C:\WATCOM/lib386/nt\flib7.lib(english.c)
00404e20       __UseEnglishCharSet_
Module: C:\WATCOM/lib386/nt\flib7.lib(errincl.c)
00404f30       __InitError_
00417394+      _PGroupTable
00417398+      _PErrWord
Module: C:\WATCOM/lib386/nt\flib7.lib(rtinit.c)
0041739c       ___FAppType
004173a0       __ExceptionInit
004173a4       __ExceptionFini
00404f60*      __InitFThreadData_
00404fa0+      RTSysFini_
00404fb0       RTSysInit_
004173ac       __AccessFIO
004173b0       __ReleaseFIO
004173b4       __PartialReleaseFIO
00419058       ___FThreadDataOffset
004182be*      ___fthread_data_size
Module: C:\WATCOM/lib386/nt\clib3r.lib(mainwnt.c)
004173b8       ___TlsIndex
004173bc       ___FirstThreadData
004173c0       ___GetThreadPtr
004173c4       __AccessFileH
004173c8       __ReleaseFileH
004173cc       __AccessIOB
004173d0       __ReleaseIOB
004173d4       __AccessNHeap
004173d8       __AccessFHeap
004173dc       __ReleaseNHeap
00405020*      __threadid_
00405040+      __sig_null_rtn_
00405050+      __NTInit_
00405230+      __NTFini_
00405290       __NTMainInit_
004052f0       __exit_
004173e0       __ReleaseFHeap
004173e4       __AccessTDList
004173e8       __ReleaseTDList
004173ec       __AccessFList
004173f0       __ReleaseFList
004173f4       __ThreadExitRtn
004173f8       ___sig_init_rtn
004173fc       ___sig_fini_rtn
00417400       ___process_fini
00419064       ___Is_DLL
Module: C:\WATCOM/lib386/nt\flib7.lib(ioinit.c)
00405350       IOSysInit_
Module: C:\WATCOM/lib386/nt\flib7.lib(rterr.c)
00417408+      _TraceRoutine
004053a0+      FlushStdUnit_
004053f0+      WriteErr_
004054c0       ErrHandler_
00405500       RTErr_
00417414+      LG@ERR_HOOK
Module: C:\WATCOM/lib386/nt\flib7.lib(fdutil.c)
00405530       LocFile_
00405540       LocUnit_
00405570       ExtractInfo_
Module: C:\WATCOM/lib386/nt\flib7.lib(rstdio.c)
004056a0       _InitStandardInput_
004056d0       _InitStandardOutput_
Module: C:\WATCOM/lib386/nt\flib7.lib(rmemmgr.c)
00405700       RMemAlloc_
00405710       RMemFree_
Module: C:\WATCOM/lib386/nt\clib3r.lib(memset.c)
00405720       memset_
Module: C:\WATCOM/lib386/nt\flib7.lib(deffname.c)
00417418       _DefFName
Module: C:\WATCOM/lib386/nt\flib7.lib(stracc.c)
00405740       TrimStr_
00405780       GetStr_
Module: C:\WATCOM/lib386/nt\flib7.lib(spawn.c)
004057b0       Spawn_
00405810       Suicide_
Module: C:\WATCOM/lib386/nt\clib3r.lib(memicmp.c)
00405850       memicmp_
Module: C:\WATCOM/lib386/nt\flib7.lib(blderr.c)
00405910       Substitute_
00405ad0       ErrCodOrg_
Module: C:\WATCOM/lib386/nt\clib3r.lib(accsswnt.c)
00405ae0       access_
Module: C:\WATCOM/lib386/nt\clib3r.lib(fullpath.c)
00405b20+      _sys_fullpath_
00405ba0       _fullpath_
Module: C:\WATCOM/lib386/nt\clib3r.lib(fstatwnt.c)
00405c10       fstat_
Module: C:\WATCOM/lib386/nt\flib7.lib(poserr.c)
00405f70       Errorf_
00405f90*      EOFile_
00405fb0       ErrorMsg_
00405ff0       FSetTrunc_
00406000       FSetSysErr_
00406020       FSetErr_
00406040       FSetEof_
00406060       IOOk_
Module: C:\WATCOM/lib386/nt\clib3r.lib(statwnt.c)
00406185       stat_
Module: C:\WATCOM/lib386/nt\flib7.lib(posopen.c)
004063c0       InitStd_
00406480       SetIOBufferSize_
004064a0+      _AllocFile_
00406590       Openf_
00406680       Closef_
Module: C:\WATCOM/lib386/nt\flib7.lib(posdat.c)
00417608       _FStdIn
0041760c       _FStdOut
00417610       _FStdErr
Module: C:\WATCOM/lib386/nt\flib7.lib(posflush.c)
00406700       FlushBuffer_
Module: C:\WATCOM/lib386/nt\flib7.lib(posdel.c)
004067b0       Scratchf_
Module: C:\WATCOM/lib386/nt\clib3r.lib(nodefwin.c)
00417614*      __WindowsIsWindowedHandle
00417618*      __WindowsRemoveWindowedHandle
0041761c*      __WindowsNewWindow
00417620*      __WindowsCloseWindow
00417624*      __WindowsSetAbout
00417628*      __WindowsSetAppTitle
0041762c*      __WindowsSetConTitle
00417630*      __WindowsDestroyOnClose
00417634*      __WindowsYieldControl
00417638*      __WindowsShutDown
0041763c*      __WindowsStdin
00417640       __WindowsStdout
00417644*      __WindowsKbhit
00417648*      __WindowsGetch
0041764c*      __WindowsGetche
00417650*      __WindowsPutch
004067d0*      _dwShutDown_
004067d0*      _dwYield_
004067d0*      _dwSetConTitle_
004067d0*      _dwSetAppTitle_
004067d0*      _dwSetAboutDlg_
004067d0       _dwDeleteOnClose_
00417654*      __WindowsExitRtn
00419680*      __init_default_win
Module: C:\WATCOM/lib386/nt\flib7.lib(posput.c)
004067e0       FPutRec_
00406820       ChopFile_
00406870*      PutRec_
00406990       writebytes_
00406a10       SysWrite_
Module: C:\WATCOM/lib386/nt\flib7.lib(posget.c)
00406b50       readbytes_
00406c20       SysRead_
00407090       FGetRec_
004070c0*      GetRec_
004070e0       GetStdChar_
00407130       FCheckLogical_
004071b0       FSkipLogical_
00407280*      FGetVarRecLen_
Module: C:\WATCOM/lib386/nt\flib7.lib(posseek.c)
00407370       FSeekRec_
004073b0       CurrFileOffset_
004073b0       FGetFilePos_
004073d0       SysSeek_
004075c0*      FSeekAbs_
Module: C:\WATCOM/lib386/nt\clib3r.lib(stricmp.c)
004075d0       stricmp_
Module: C:\WATCOM/lib386/nt\flib7.lib(posrew.c)
00407610       FRewind_
Module: C:\WATCOM/lib386/nt\flib7.lib(posback.c)
00407680       FBackspace_
Module: C:\WATCOM/lib386/nt\flib7.lib(postrunc.c)
00407760       FTruncate_
Module: C:\WATCOM/lib386/nt\clib3r.lib(errno.c)
00407780       __get_errno_ptr_
00407790*      __get_doserrno_ptr_
Module: C:\WATCOM/lib386/nt\flib7.lib(sdfile.c)
00417658*      _FFCtrlSeq
0041765a*      _SkipCtrlSeq
0041765c       _NormalCtrlSeq
0041765e       _SDTermIn
00417662       _SDTermOut
00417666*      _SDPrtName
Module: C:\WATCOM/lib386/nt\flib7.lib(unfmtin.c)
004077a0       UnFmtIn_
00407840+      NextUnFmtRec_
Module: C:\WATCOM/lib386/nt\flib7.lib(freein.c)
00407c20+      GetNum_
00407e20       FreeIn_
00407e30*      DoFreeIn_
00407e60+      BumpComma_
00407e90+      Blanks_
00407eb0+      CheckEor_
Module: C:\WATCOM/lib386/nt\flib7.lib(wrutils.c)
004084c0       F_SendData_
00408520*      SendLine_
00408530       SendEOR_
004085c0*      SendInt_
004085f0       SendStr_
00408610+      SendWSLStr_
00408630       SendChar_
00408650       Drop_
00408810       IOItemResult_
Module: C:\WATCOM/lib386/nt\flib7.lib(rfmtutil.c)
004088c0       R_ChkType_
004088f0       R_NewRec_
00408930       R_ChkIType_
00408960       R_ChkFType_
00408990       R_ChkRecLen_
004089b0+      GetLen_
004089f0       R_FOStr_
00408a00*      FOString_
00408a70       R_FIStr_
00408b30       R_FOLog_
00408b80       R_FILog_
00408c60       R_FIFloat_
00408e50       GetReal_
00408f60       R_FOF_
00408fe0       R_FOE_
00409120+      FmtH2B_
00409210       R_FIHex_
00409390       R_FOHex_
004093a0*      FOHex_
004094a0       R_FIInt_
004095b0       R_FOInt_
00409810       R_FOG_
00409a90+      ChkBuffLen_
Module: C:\WATCOM/lib386/nt\flib7.lib(arrayio.c)
00409b50       ArrayIOType_
Module: C:\WATCOM/lib386/nt\flib7.lib(unfmtout.c)
00409cb0       UnFmtOut_
Module: C:\WATCOM/lib386/nt\flib7.lib(freeout.c)
0040a100       FreeOut_
0041766c+      _OutRtn
Module: C:\WATCOM/lib386/nt\clib3r.lib(chipbug.c)
0040a1e0       __verify_pentium_fdiv_bug_
Module: C:\WATCOM/lib386/nt\clib3r.lib(initrtns.c)
0040a250       __InitRtns
0040a2a0       __FiniRtns
Module: C:\WATCOM/lib386/nt\clib3r.lib(mthrdini.c)
0040a300       __InitThreadData_
004176a0       ___ThreadDataSize
Module: C:\WATCOM/lib386/nt\clib3r.lib(cmain386.c)
0040a330       __CMain
Module: C:\WATCOM/lib386/nt\clib3r.lib(dosseg)
00001234       __DOSseg__
Module: C:\WATCOM/lib386/nt\clib3r.lib(8087cw.c)
004176a4       __8087cw
Module: C:\WATCOM/lib386/nt\clib3r.lib(save8087.c)
004176a8       ___Save8087
004176ac       ___Rest8087
Module: C:\WATCOM/lib386/nt\clib3r.lib(init8087)
0040a374       __x87id
Module: C:\WATCOM/lib386/nt\flib7.lib(csetinfo.c)
00419684       _CharSetInfo
Module: C:\WATCOM/lib386/nt\flib7.lib(errmsg.c)
0040a6e0       _GroupTable
0040a790       _ErrWord
Module: C:\WATCOM/lib386/nt\flib7.lib(errrtns.c)
00419698       ___ErrorFini
0041969c       ___ErrorInit
004196a0       ___BldErrMsg
Module: C:\WATCOM/lib386/nt\flib7.lib(rttraps.c)
0040aeb0       __EnableF77RTExceptionHandling_
0040aec0       R_TrapInit_
0040af50       R_TrapFini_
0040af60*      __InitExceptionVectors_
Module: C:\WATCOM/lib386/nt\clib3r.lib(atexit.c)
0040af75       atexit_
Module: C:\WATCOM/lib386/nt\clib3r.lib(regdata.c)
0040afd0       __RegisterThreadDataSize_
Module: C:\WATCOM/lib386/nt\clib3r.lib(hdlman.c)
004176b0+      ___NHandles
004176b4+      ___OSHandles
004176b8+      ___FakeHandles
0040b000+      __growPOSIXHandles_
0040b0a0       __allocPOSIXHandle_
0040b160       __freePOSIXHandle_
0040b180       __getOSHandle_
0040b190       __setOSHandle_
0040b1e0+      __NTGetFakeHandle_
0040b250       __initPOSIXHandles_
0040b330*      __set_handles_
0040b340*      _grow_handles_
Module: C:\WATCOM/lib386/nt\clib3r.lib(environ.c)
00419728       ___env_mask
0041972c       _environ
00419730       __wenviron
Module: C:\WATCOM/lib386/nt\clib3r.lib(getmodfn.c)
0040b380       __lib_GetModuleFileNameW_
Module: C:\WATCOM/lib386/nt\clib3r.lib(strdup.c)
0040b420       __clib_strdup_
Module: C:\WATCOM/lib386/nt\clib3r.lib(istable.c)
0040b460       __IsTable
Module: C:\WATCOM/lib386/nt\clib3r.lib(ustrdup.c)
0040b561       __clib_wcsdup_
Module: C:\WATCOM/lib386/nt\clib3r.lib(nfree.c)
0040b590       _nfree_
0040b590       free_
00419734       ___MiniHeapFreeRover
Module: C:\WATCOM/lib386/nt\clib3r.lib(excptwnt.c)
0040bd00+      ___ReportException@4
0040c150       __DefaultExceptionHandler_
0040c190+      ___ExceptionFilter
0040c3a0       __NewExceptionFilter_
0040c3d0       __DoneExceptionFilter_
004176c4       ___oscode_check_func
004176c8       ___raise_func
00419738*      _sw
0041973c       ___ExceptionHandled
0041973d+      ___ReportInvoked
Module: C:\WATCOM/lib386/nt\clib3r.lib(stklmwnt.c)
0040c410       __init_stack_limits_
Module: C:\WATCOM/lib386/nt\flib7.lib(errutil.c)
0040c480       BldErrCode_
0040c4e0*      MsgFormat_
0040c510*      MsgBuffer_
004176e0+      _PGrpCodes
Module: C:\WATCOM/lib386/nt\clib3r.lib(enterdb.c)
0040c540       __EnterWVIDEO_
004176e4       ___WD_Present
Module: C:\WATCOM/lib386/nt\flib7.lib(stdio.c)
0040c580       StdBuffer_
0040c5a0+      StdWrite_
0040c680       StdFlush_
0040c6b0       StdWriteNL_
Module: C:\WATCOM/lib386/nt\clib3r.lib(getenv.c)
0040c6e0       getenv_
Module: C:\WATCOM/lib386/nt\clib3r.lib(ltoa.c)
0040c770       ultoa_
0040c7c0       ltoa_
Module: C:\WATCOM/lib386/nt\clib3r.lib(nmalloc.c)
0040c7f0       _nmalloc_
0040c7f0       malloc_
00417af0       ___nheapbeg
00417af4       ___MiniHeapRover
00417af8       ___LargestSizeB4MiniHeapRover
Module: C:\WATCOM/lib386/nt\clib3r.lib(__stos)
0040c8f0       __STOSB
0040c927*      __STOSD
Module: C:\WATCOM/lib386/nt\clib3r.lib(setjmp)
0040c994       _setjmp_
0040c9cd       longjmp_
Module: C:\WATCOM/lib386/nt\clib3r.lib(exit.c)
0040ca55+      __null_int23_exit_
0040ca56       exit_
0040caa6*      _exit_
00417afc+      ___int23_exit
00417b00+      ___FPE_handler_exit
Module: C:\WATCOM/lib386/nt\clib3r.lib(memmove.c)
0040cac0       memmove_
Module: C:\WATCOM/lib386/nt\clib3r.lib(itoa.c)
0040cb20       utoa_
0040cb70       itoa_
Module: C:\WATCOM/lib386/nt\clib3r.lib(fgtattr.c)
0040cba0       __fixed_GetFileAttributesA_
Module: C:\WATCOM/lib386/nt\clib3r.lib(dosret.c)
0040cc40*      _dosretax_
0040cc50*      _dosret0_
0040cc60       __set_errno_dos_
0040cc90*      __set_errno_dos_reterr_
0040cca0       __set_errno_nt_
0040ccb0*      __set_errno_nt_reterr_
Module: C:\WATCOM/lib386/nt\clib3r.lib(seterrno.c)
0040ccc4       __set_errno_
0040ccd2*      __set_EDOM_
0040cce0       __set_ERANGE_
0040ccee*      __set_EINVAL_
0040cd01       __set_doserrno_
Module: C:\WATCOM/lib386/nt\clib3r.lib(gtcwdwnt.c)
0040cd10       getcwd_
Module: C:\WATCOM/lib386/nt\clib3r.lib(iomode.c)
0040cda0       __GetIOMode_
0040cdc0       __SetIOMode_nogrow_
00417c08       ___NFiles
00417c0c       ___init_mode
00417c5c       ___io_mode
Module: C:\WATCOM/lib386/nt\clib3r.lib(iomodtty.c)
0040cde0       __ChkTTYIOMode_
0040ce20       __IOMode_
Module: C:\WATCOM/lib386/nt\clib3r.lib(ntdirinf.c)
0040ce40       __MakeDOSDT_
0040ce70*      __FromDOSDT_
0040cea0*      __GetNTDirInfo_
0040cee0*      __NTFindNextFileWithAttr_
Module: C:\WATCOM/lib386/nt\clib3r.lib(d2ttime.c)
0040cf40       _d2ttime_
Module: C:\WATCOM/lib386/nt\clib3r.lib(strerror.c)
0040d2e0       strerror_
0040d300*      _strerror_
0040d3d0*      _doserror_
00417c60+      __sys_errlist
00417d04+      __sys_nerr
Module: C:\WATCOM/lib386/nt\clib3r.lib(_strcmp)
0040d400       strcmp_
Module: C:\WATCOM/lib386/nt\clib3r.lib(mbspbrk.c)
0040d540       _mbspbrk_
Module: C:\WATCOM/lib386/nt\clib3r.lib(mbsinc.c)
0040d590       _mbsinc_
Module: C:\WATCOM/lib386/nt\clib3r.lib(tolower.c)
0040d5c0       tolower_
Module: C:\WATCOM/lib386/nt\clib3r.lib(stiomode.c)
0040d5d0       __grow_iomode_
0040d6a0+      __shrink_iomode_
0040d6e0       __SetIOMode_
Module: C:\WATCOM/lib386/nt\clib3r.lib(close.c)
0040d750       close_
Module: C:\WATCOM/lib386/nt\clib3r.lib(openwnt.c)
0040d970*      open_
0040d990       sopen_
Module: C:\WATCOM/lib386/nt\clib3r.lib(lseek.c)
0040d9c0       lseek_
Module: C:\WATCOM/lib386/nt\flib7.lib(poscc.c)
0040da10*      __LineFeedWithFormFeed_
0040da20       FSetCC_
Module: C:\WATCOM/lib386/nt\clib3r.lib(write.c)
0040dcd0       write_
Module: C:\WATCOM/lib386/nt\clib3r.lib(unlnkwnt.c)
0040df30       unlink_
Module: C:\WATCOM/lib386/nt\clib3r.lib(chsizwnt.c)
0040dfb0       chsize_
Module: C:\WATCOM/lib386/nt\clib3r.lib(read.c)
0040e0a0       read_
Module: C:\WATCOM/lib386/nt\flib7.lib(rdutils.c)
0040e230       NextRec_
Module: C:\WATCOM/lib386/nt\flib7.lib(unfmtutl.c)
0040e340       _SizeVars
Module: C:\WATCOM/lib386/nt\clib3r.lib(toupper.c)
0040e350       toupper_
Module: C:\WATCOM/lib386/nt\flib7.lib(chrutils.c)
0040e360       JmpBlanks_
Module: C:\WATCOM/lib386/nt\flib7.lib(fmtcnvt.c)
0040e380       FmtS2I_
0040e4b0       FmtS2F_
Module: C:\WATCOM/lib386/nt\flib7.lib(ifile.c)
0040e880       SendIFBuff_
0040e8b0       NextIFBuff_
Module: C:\WATCOM/lib386/nt\flib7.lib(cctrl.c)
0040e8e0       CheckCCtrl_
Module: C:\WATCOM/lib386/nt\flib7.lib(undefcg.c)
0040e9e0       OutLogCG_
0040e9f0       OutIntCG_
0040ea30+      FmtRealCG_
0040ea60+      FmtDoubleCG_
0040ea90+      FmtExtendedCG_
0040eac0+      UndefIntCG_
0040eac0+      UndefLogCG_
0040eac0+      UndefExtendedCG_
0040eac0+      UndefDoubleCG_
0040eac0+      UndefRealCG_
0040ead0+      GetRealCG_
00417d10       _FmtRealRtn
00417d14       _FmtDoubleRtn
00417d18       _FmtExtendedRtn
00417d1c       _SendStrRtn
00417d20       _UndefRealRtn
00417d24       _UndefDoubleRtn
00417d28       _UndefExtendedRtn
00417d2c       _UndefLogRtn
00417d30       _UndefIntRtn
00417d34       _GetRealRtn
Module: C:\WATCOM/lib386/nt\flib7.lib(rfmtlog.c)
0040eaf0       R_FmtLog_
Module: C:\WATCOM/lib386/nt\flib7.lib(fmtrtns.c)
0040eb20       R_F2E_
0040ec90       R_F2F_
0040ee20       SetMaxPrec_
Module: C:\WATCOM/lib386/nt\flib7.lib(flt86.c)
0040ee30       _P1d100
0040ee38       _P1d_99
Module: C:\WATCOM/lib386\math387r.lib(pow87)
0040ef99*      pow_
0040ee40       IF@DPOW
0040ee40*      IF@POW
Module: C:\WATCOM/lib386/nt\flib7.lib(hexcnv.c)
0040efc0       Hex_
0040efe0*      HSToB_
0040f050       BToHS_
Module: C:\WATCOM/lib386/nt\clib3r.lib(strupr.c)
0040f0a0       strupr_
Module: C:\WATCOM/lib386/nt\clib3r.lib(cinit.c)
0040f0c0       __CommonInit_
Module: C:\WATCOM/lib386/nt\clib3r.lib(___argc.c)
00419848       ____Argc
0041984c       ____Argv
Module: C:\WATCOM/lib386/nt\flib7.lib(rtmain.c)
0040f0d0       main_
Module: C:\WATCOM/lib386/nt\clib3r.lib(signlwnt.c)
00417d38+      __SignalTable
0040f0f0+      __SetSignalFunc_
0040f140+      __GetSignalFunc_
0040f170+      __GetSignalOSCode_
0040f1a0+      __CheckSignalExCode_
0040f2e0+      __sigabort_
0040f2f0       __sigfpe_handler_
0040f340       signal_
0040f3d0+      raise_
0040f440+      __SigInit_
0040f490+      __SigFini_
0040f4d0+      __sig_init_
Module: C:\WATCOM/lib386/nt\flib7.lib(fptraps.c)
0040f5b0*      __MaskDefaultFPE_
0040f5d0       FPTrapInit_
0040f600       FPTrapFini_
Module: C:\WATCOM/lib386/nt\clib3r.lib(trdlist.c)
0040f670       __GetThreadData_
0040f6c0       __ReallocThreadData_
0040f7b0       __AddThreadData_
0040f830       __RemoveThreadData_
0040f890       __ResizeThreadDataList_
0040f8c0       __FreeThreadDataList_
0040f8f0*      __ActiveThreads_
Module: C:\WATCOM/lib386/nt\clib3r.lib(nrealloc.c)
0040f910*      _nrealloc_
0040f910       realloc_
Module: C:\WATCOM/lib386/nt\clib3r.lib(setenvp.c)
0040f990       __setenvp_
0040fa50       __freeenvp_
Module: C:\WATCOM/lib386/nt\clib3r.lib(ustrlen.c)
0040fa9d       wcslen_
Module: C:\WATCOM/lib386/nt\clib3r.lib(memcpy.c)
0040fab0       memcpy_
Module: C:\WATCOM/lib386/nt\clib3r.lib(mem.c)
0040fad0       __MemAllocator
0040fb80       __MemFree
Module: C:\WATCOM/lib386/nt\clib3r.lib(conutwnt.c)
0040fcd0*      __NTRealKey_
0040fd80*      __NTConsoleInput_
0040fd90       __NTConsoleOutput_
Module: C:\WATCOM/lib386/nt\clib3r.lib(fclex387.c)
0040fda0       _ClearFPE_
Module: C:\WATCOM/lib386/nt\flib7.lib(errgrp.c)
0040fdb0       _GrpCodes
Module: C:\WATCOM/lib386/nt\clib3r.lib(iob.c)
00417dac       ___iob
00417fb4       __fmode
00419858       ___OpenStreams
0041985c       ___ClosedStreams
Module: C:\WATCOM/lib386/nt\clib3r.lib(setmd.c)
0040fe40       setmode_
Module: C:\WATCOM/lib386/nt\clib3r.lib(mbterm.c)
0040ff30       _mbterm_
Module: C:\WATCOM/lib386/nt\clib3r.lib(mbsnextc.c)
0040ff70       _mbsnextc_
Module: C:\WATCOM/lib386/nt\clib3r.lib(mbcupper.c)
0040ffb0       _mbctoupper_
Module: C:\WATCOM/lib386/nt\clib3r.lib(alphabet.c)
004171c4       ___Alphabet
Module: C:\WATCOM/lib386/nt\clib3r.lib(nmemneed.c)
0040ffe0       __nmemneed_
Module: C:\WATCOM/lib386/nt\clib3r.lib(grownear.c)
00410150       __ExpandDGROUP_
Module: C:\WATCOM/lib386/nt\clib3r.lib(ljmphdl.c)
00417fb8       ___longjmp_handler
Module: C:\WATCOM/lib386/nt\clib3r.lib(isattwnt.c)
00410180       isatty_
Module: C:\WATCOM/lib386/nt\clib3r.lib(strncpy.c)
004101a0       strncpy_
Module: C:\WATCOM/lib386/nt\clib3r.lib(mktime.c)
004101e0       mktime_
Module: C:\WATCOM/lib386/nt\clib3r.lib(mbschr.c)
00410270       _mbschr_
Module: C:\WATCOM/lib386/nt\clib3r.lib(mbisdbcs.c)
00419860       ___IsDBCS
Module: C:\WATCOM/lib386/nt\clib3r.lib(mbislead.c)
004102d0*      _ismbblead_
00419864       ___MBCSIsTable
Module: C:\WATCOM/lib386/nt\clib3r.lib(_clsewnt.c)
004102f0       __close_
Module: C:\WATCOM/lib386/nt\clib3r.lib(ntfio.c)
00410350*      __GetNTCreateAttr_
00410390       __GetNTAccessAttr_
004103c0       __GetNTShareAttr_
Module: C:\WATCOM/lib386/nt\clib3r.lib(umaskval.c)
00417fbc       ___umaskval
Module: C:\WATCOM/lib386/nt\clib3r.lib(__lseek.c)
00410420       __lseek_
Module: C:\WATCOM/lib386/nt\clib3r.lib(stackwnt.c)
00410460       stackavail_
Module: C:\WATCOM/lib386/nt\clib3r.lib(stk)
00410471*      __CHK
00410481*      __STK
004104a0       __STKOVERFLOW_
004104b0*      __GRO
004104d0*      __alloca_probe
Module: C:\WATCOM/lib386/nt\flib7.lib(intarith.c)
004104f0       AddIOFlo_
00410500*      SubIOFlo_
00410510       MulIOFlo_
Module: C:\WATCOM/lib386\math387r.lib(strtod.c)
00410a33+      __Strtold_
00410b9a       strtod_
Module: C:\WATCOM/lib386/nt\flib7.lib(expchk.c)
00410ce0       ToFFormat_
Module: C:\WATCOM/lib386\math387r.lib(ldcvt.c)
00410e07       _LDScale10x_
004113ae       __LDcvt_
Module: C:\WATCOM/lib386\math387r.lib(pow87e.c)
004117fb       __pow87_err_
Module: C:\WATCOM/lib386\math387r.lib(exp87)
004118eb*      exp_
00411884*      __@DEXP1
0041188c*      IF@EXP
0041188c*      IF@DEXP
0041188e       __@DEXP
Module: C:\WATCOM/lib386/nt\clib3r.lib(chipd32.asm)
00411a0f       __fdiv_fpr
00411ed1*      __fdiv_chk
00411ee4*      __fdiv_m32
00411f31*      __fdiv_m64
00411f7e*      __fdiv_m32r
00411fcb*      __fdiv_m64r
Module: C:\WATCOM/lib386/nt\clib3r.lib(argcv.c)
00419968       __argc
0041996c       __argv
00419970       ___argv
00419974       ___argc
Module: C:\WATCOM/lib386/nt\clib3r.lib(abort.c)
00412035*      abort_
00412047       __terminate_
00418088       ___abort
Module: C:\WATCOM/lib386/nt\clib3r.lib(cntrl87.c)
00412060       _control87_
Module: C:\WATCOM/lib386/nt\clib3r.lib(mthread.c)
00412240+      __CloseSemaphore_
00412280+      __AccessIOB_
00412290+      __ReleaseIOB_
004122a0+      __AccessFileH_
004122b0+      __ReleaseFileH_
004122c0+      __AccessNHeap_
004122d0+      __ReleaseNHeap_
004122e0+      __AccessFHeap_
004122f0+      __ReleaseFHeap_
00412300+      __AccessTDList_
00412310+      __ReleaseTDList_
00412320+      __AccessFList_
00412330+      __AccessSemaphore_
00412390+      __ReleaseFList_
004123a0+      __ReleaseSemaphore_
004123d0+      __MultipleThread_
00412420+      __AllocInitThreadData_
00412470*      __FreeInitThreadData_
00412480       __NTThreadInit_
004124f0       __NTAddThread_
00412540       __NTRemoveThread_
004125d0       __InitMultipleThread_
0041808c+      ___AccessSema4
00418090+      ___ReleaseSema4
00418094+      ___CloseSema4
Module: C:\WATCOM/lib386/nt\clib3r.lib(xmsgwnt.c)
00412790+      __exit_with_msg_
004127f0       __fatal_runtime_error_
Module: C:\WATCOM/lib386/nt\clib3r.lib(calloc.c)
00412810       calloc_
Module: C:\WATCOM/lib386/nt\clib3r.lib(register.c)
00412840       __initthread_
00412850*      _beginthread_
00412860       _endthread_
00412870*      __RegisterThreadData_
Module: C:\WATCOM/lib386/nt\clib3r.lib(nmsize.c)
004128c0       _nmsize_
004128c0*      _msize_
Module: C:\WATCOM/lib386/nt\clib3r.lib(nexpand.c)
004128d0       _nexpand_
004128d0*      _expand_
00412910+      __HeapManager_expand_
Module: C:\WATCOM/lib386/nt\clib3r.lib(dofilstr.c)
00412af0       __ParsePosixHandleStr_
Module: C:\WATCOM/lib386/nt\clib3r.lib(clearenv.c)
00412c10       clearenv_
Module: C:\WATCOM/lib386/nt\clib3r.lib(initfile.c)
00412cd0       __InitFiles_
Module: C:\WATCOM/lib386/nt\clib3r.lib(ioexit.c)
00412dd0*      fcloseall_
00412de0       __full_io_exit_
Module: C:\WATCOM/lib386/nt\clib3r.lib(mbconv.c)
00412df0       _mbvtop_
Module: C:\WATCOM/lib386/nt\clib3r.lib(amblksiz.c)
004180a4       __amblksiz
Module: C:\WATCOM/lib386/nt\clib3r.lib(heapen.c)
00412e10*      _heapenable_
004180a8       ___heap_enabled
Module: C:\WATCOM/lib386/nt\clib3r.lib(nheapmin.c)
00412e40       _nheapshrink_
00412e40*      _nheapmin_
00412e40*      _heapmin_
00412e40       _heapshrink_
Module: C:\WATCOM/lib386/nt\clib3r.lib(locmktim.c)
00412f30       __local_mktime_
Module: C:\WATCOM/lib386/nt\clib3r.lib(gmtime.c)
004130b0       __brktime_
004131b0+      _gmtime_
004131d0*      gmtime_
Module: C:\WATCOM/lib386/nt\clib3r.lib(tzset.c)
004180ac       ___start_dst
004180d0       ___end_dst
004181f8*      _tzname
00418200       _timezone
00418204       _daylight
00418208       ___dst_adjust
00413240*      __DontCacheOSTZ_
00413250*      __CacheOSTZ_
00413730+      __parse_tz_
00413b20       tzset_
Module: C:\WATCOM/lib386/nt\clib3r.lib(timeutil.c)
00413c90       __isindst_
Module: C:\WATCOM/lib386/nt\clib3r.lib(mbclen.c)
00413fc0       _mbclen_
Module: C:\WATCOM/lib386/nt\clib3r.lib(mbccmp.c)
00413ff0       _mbccmp_
Module: C:\WATCOM/lib386/nt\clib3r.lib(mbinit.c)
00414065       __mbinit_
00418210       ___MBCodePage
Module: C:\WATCOM/lib386\math387r.lib(bufld386)
00414154       __ZBuf2LD
Module: C:\WATCOM/lib386\math387r.lib(inf_nan.c)
004141f7*      ___f_infinity
004141fb*      ___f_posqnan
004141ff       ___d_infinity
00414207       ___d_posqnan
0041420f*      ___ld_infinity
00414217*      ___ld_posqnan
Module: C:\WATCOM/lib386/nt\clib3r.lib(hugeval.c)
00414220       __HugeValue
Module: C:\WATCOM/lib386\math387r.lib(ldclass.c)
00414228       __LDClass_
00414278*      _FLClass_
Module: C:\WATCOM/lib386\math387r.lib(math87e.c)
00414287       __math87_err_
Module: C:\WATCOM/lib386/nt\clib3r.lib(initargv.c)
00414300       __Init_Argv_
00414350+      _getargv_
004144f0       __Fini_Argv_
Module: C:\WATCOM/lib386/nt\clib3r.lib(trdalloc.c)
00414500       __FiniThreadProcessing_
Module: C:\WATCOM/lib386/nt\clib3r.lib(thredwnt.c)
004145c0       __CBeginThread_
00414660       __CEndThread_
Module: C:\WATCOM/lib386/nt\clib3r.lib(strtol.c)
004148c0*      strtoul_
004148d0       strtol_
Module: C:\WATCOM/lib386/nt\clib3r.lib(putenv.c)
004148e0       putenv_
00414b70       __putenv_
Module: C:\WATCOM/lib386/nt\clib3r.lib(fclose.c)
00414ce0+      __doclose_
00414d80       __shutdown_stream_
00414da0*      fclose_
0041a0e8+      ___RmTmpFileFn
Module: C:\WATCOM/lib386/nt\clib3r.lib(freefp.c)
00414df0       __freefp_
00414e40       __purgefp_
Module: C:\WATCOM/lib386/nt\clib3r.lib(leapyear.c)
00414e70       __leapyear_
004171ec       ___diyr
00417206       ___dilyr
Module: C:\WATCOM/lib386/nt\clib3r.lib(wcstombs.c)
00414eb0       wcstombs_
Module: C:\WATCOM/lib386/nt\clib3r.lib(histsplt.c)
0041a0ec       ___historical_splitparms
Module: C:\WATCOM/lib386/nt\clib3r.lib(mbslen.c)
00414f50       _mbslen_
Module: C:\WATCOM/lib386/nt\clib3r.lib(mbstowcs.c)
00414f80       mbstowcs_
Module: C:\WATCOM/lib386/nt\clib3r.lib(uputenv.c)
00415000*      _wputenv_
00415220       __wputenv_
Module: C:\WATCOM/lib386/nt\clib3r.lib(flush.c)
00415320       __flush_
Module: C:\WATCOM/lib386/nt\clib3r.lib(wctomb.c)
00415420       wctomb_
Module: C:\WATCOM/lib386/nt\clib3r.lib(mbtowc.c)
00415460       mbtowc_
Module: C:\WATCOM/lib386/nt\clib3r.lib(ustrchr.c)
004154f0       wcschr_
Module: C:\WATCOM/lib386/nt\clib3r.lib(setenvar.c)
00415510       __lib_SetEnvironmentVariableW_
Module: C:\WATCOM/lib386/nt\clib3r.lib(crtwenv.c)
00415600       __create_wide_environment_
Module: C:\WATCOM/lib386/nt\clib3r.lib(utoupper.c)
00415668       towupper_
Module: C:\WATCOM/lib386/nt\clib3r.lib(fsync.c)
00415680       fsync_
Module: C:\WATCOM/lib386/nt\clib3r.lib(qwrit.c)
004156d0       __qwrite_


                        +----------------------+
                        |   Imported Symbols   |
                        +----------------------+

Symbol                              Module
======                              ======

_GetEnvironmentStringsA@0           KERNEL32.DLL
_GetVersion@0                       KERNEL32.DLL
_GetModuleFileNameA@12              KERNEL32.DLL
_GetCommandLineA@0                  KERNEL32.DLL
_GetCommandLineW@0                  KERNEL32.DLL
_FreeEnvironmentStringsA@4          KERNEL32.DLL
_GetModuleHandleA@4                 KERNEL32.DLL
_ExitProcess@4                      KERNEL32.DLL
_RtlUnwind@16                       KERNEL32.DLL
_GetFullPathNameA@16                KERNEL32.DLL
_GetFileType@4                      KERNEL32.DLL
_GetFileInformationByHandle@8       KERNEL32.DLL
_GetFileTime@16                     KERNEL32.DLL
_GetFileSize@8                      KERNEL32.DLL
_CreateFileA@28                     KERNEL32.DLL
_CloseHandle@4                      KERNEL32.DLL
_GetLastError@0                     KERNEL32.DLL
_GetDriveTypeA@4                    KERNEL32.DLL
_FindFirstFileA@8                   KERNEL32.DLL
_FindClose@4                        KERNEL32.DLL
_GetCurrentThreadId@0               KERNEL32.DLL
_SetStdHandle@8                     KERNEL32.DLL
_CreateEventA@16                    KERNEL32.DLL
_GetStdHandle@4                     KERNEL32.DLL
_GetModuleFileNameW@12              KERNEL32.DLL
_MultiByteToWideChar@24             KERNEL32.DLL
_LoadLibraryA@4                     KERNEL32.DLL
_GetProcAddress@8                   KERNEL32.DLL
_WriteFile@20                       KERNEL32.DLL
_SetUnhandledExceptionFilter@4      KERNEL32.DLL
_UnhandledExceptionFilter@4         KERNEL32.DLL
_VirtualQuery@12                    KERNEL32.DLL
_MessageBoxA@16                     USER32.DLL
_GetFileAttributesA@4               KERNEL32.DLL
_GetCurrentDirectoryA@8             KERNEL32.DLL
_FileTimeToLocalFileTime@8          KERNEL32.DLL
_FileTimeToDosDateTime@12           KERNEL32.DLL
_DosDateTimeToFileTime@12           KERNEL32.DLL
_LocalFileTimeToFileTime@8          KERNEL32.DLL
_FindNextFileA@8                    KERNEL32.DLL
_FormatMessageA@28                  KERNEL32.DLL
_SetFilePointer@16                  KERNEL32.DLL
_DeleteFileA@4                      KERNEL32.DLL
_SetEndOfFile@4                     KERNEL32.DLL
_ReadFile@20                        KERNEL32.DLL
_SetConsoleCtrlHandler@8            KERNEL32.DLL
_TlsGetValue@4                      KERNEL32.DLL
_TlsSetValue@8                      KERNEL32.DLL
_CharUpperA@4                       USER32.DLL
_VirtualAlloc@16                    KERNEL32.DLL
_InitializeCriticalSection@4        KERNEL32.DLL
_DeleteCriticalSection@4            KERNEL32.DLL
_LeaveCriticalSection@4             KERNEL32.DLL
_EnterCriticalSection@4             KERNEL32.DLL
_SetLastError@4                     KERNEL32.DLL
_TlsAlloc@0                         KERNEL32.DLL
_TlsFree@4                          KERNEL32.DLL
_VirtualFree@12                     KERNEL32.DLL
_GetTimeZoneInformation@4           KERNEL32.DLL
_GetACP@0                           KERNEL32.DLL
_GetOEMCP@0                         KERNEL32.DLL
_GetCPInfo@8                        KERNEL32.DLL
_CreateThread@24                    KERNEL32.DLL
_ResumeThread@4                     KERNEL32.DLL
_ExitThread@4                       KERNEL32.DLL
_SetEnvironmentVariableA@8          KERNEL32.DLL
_WideCharToMultiByte@32             KERNEL32.DLL
_SetEnvironmentVariableW@8          KERNEL32.DLL
_FlushFileBuffers@4                 KERNEL32.DLL


                        +--------------------+
                        |   Libraries Used   |
                        +--------------------+

C:\WATCOM/lib386/nt\kernel32.lib
C:\WATCOM/lib386/nt\user32.lib
C:\WATCOM/lib386/nt\flib7.lib
C:\WATCOM/lib386\math387r.lib
C:\WATCOM/lib386/nt\clib3r.lib
C:\WATCOM/lib386/nt\emu387.lib


                        +-----------------------+
                        |   Linker Statistics   |
                        +-----------------------+

Stack size:  00010000 (65536.)
Memory size:  000281c4 (164292.)
Entry point address: 00402906
Link time: 00:00.25
