Open Watcom Linker Version 1.9
Portions Copyright (c) 1985-2002 Sybase, Inc. All Rights Reserved.
Created on:       21/06/16 00:15:15
Executable Image: lab3.exe
creating a Windows NT character-mode executable


                        +------------+
                        |   Groups   |
                        +------------+

Group                           Address              Size
=====                           =======              ====

.idata                          00415000             00000786
DGROUP                          00416000             003e39f0



                        +--------------+
                        |   Segments   |
                        +--------------+

Segment                Class          Group          Address         Size
=======                =====          =====          =======         ====

BEGTEXT                CODE           AUTO           00401000        00000007
_TEXT                  CODE           AUTO           00401010        00013c7d
TRANSFER CODE          CODE           AUTO           00414c90        0000019e
.idata                 .idata         .idata         00415000        00000786
_NULL                  BEGDATA        DGROUP         00416000        00000004
_AFTERNULL             BEGDATA        DGROUP         00416004        00000000
CONST                  DATA           DGROUP         00416010        000001f8
_DATA                  DATA           DGROUP         00416210        00001148
XIB                    DATA           DGROUP         00417358        00000000
XI                     DATA           DGROUP         00417358        0000004e
XIE                    DATA           DGROUP         004173a6        00000000
YIB                    DATA           DGROUP         004173a6        00000000
YI                     DATA           DGROUP         004173a6        00000030
YIE                    DATA           DGROUP         004173d6        00000000
CONST2                 DATA           DGROUP         004173d8        00000000
TIB                    DATA           DGROUP         004173d8        00000000
TI                     DATA           DGROUP         004173d8        00000000
TIE                    DATA           DGROUP         004173d8        00000000
DATA                   DATA           DGROUP         004173d8        00000000
DATA32                 DATA           DGROUP         004173d8        0000011c
CONST32                CONST          DGROUP         00418000        00000000
_BSS                   BSS            DGROUP         00418000        000010f0
GDATA@0                BSS            DGROUP         004190f0        003d0900
BSS32                  BSS            DGROUP         007e99f0        00000000
STACK                  STACK          DGROUP         007e99f0        00010000


                        +----------------+
                        |   Memory Map   |
                        +----------------+

* = unreferenced symbol
+ = symbol only referenced locally

Address        Symbol
=======        ======

Module: lab3source.obj(C:\FRAN\lab3source.for)
00401010+      INPUT
00401321+      PROCESS_NEW
00401530*      PROCESS
004016de+      OUTPUT
00401786+      TEST_GENERATOR
004019a6       FMAIN
Module: C:\WATCOM/lib386/nt\flib7.lib(cowrite)
00401b34       RT@IOWrite
00401b43*      RT@OutLOG1
00401b55*      RT@OutLOG4
00401b63*      RT@OutINT1
00401b75*      RT@OutINT2
00401b85       RT@OutINT4
00401b94       RT@OutREAL
00401ba4*      RT@OutDBLE
00401bb4*      RT@OutXTND
00401bc4*      RT@OutCPLX
00401bda*      RT@OutDBCX
00401bf0*      RT@OutXTCX
00401c06       RT@OutCHAR
00401c0b*      RT@OutSTR
00401c10*      RT@PrtArr
00401c15*      RT@PrtChArr
Module: C:\WATCOM/lib386/nt\flib7.lib(cortns)
00416300*      _FRT_SaveESP
00401c25*      SwitchToGen
00401c43       SwitchToRT
00401c61       RdWrCommon
00401d05       IOType_
00401d23       IOChar
00401d3e       IOStr
00401d53       IOArr
00401d6e       IOChArr
00401d90       RT@EndIO
Module: C:\WATCOM/lib386/nt\flib7.lib(coread)
00401d9a       RT@IORead
00401da9*      RT@InpLOG1
00401db8*      RT@InpLOG4
00401dc7*      RT@InpINT1
00401dd6*      RT@InpINT2
00401de5       RT@InpINT4
00401df4       RT@InpREAL
00401e03*      RT@InpDBLE
00401e12*      RT@InpXTND
00401e21*      RT@InpCPLX
00401e30*      RT@InpDBCX
00401e3f*      RT@InpXTCX
00401e4e*      RT@InpCHAR
00401e53*      RT@InpSTR
00401e58*      RT@InpArr
00401e5d*      RT@InpChArr
Module: C:\WATCOM/lib386/nt\flib7.lib(stop.c)
00401e90       RT@Stop
00416320+      LG@STOP_HOOK
Module: C:\WATCOM/lib386/nt\flib7.lib(setunit.c)
00401f00       RT@SetUnit
Module: C:\WATCOM/lib386/nt\flib7.lib(setfile.c)
00401f40       RT@SetFile
Module: C:\WATCOM/lib386/nt\flib7.lib(exopen.c)
00402690       RT@IOOpen
00416324+      _AccModTab
00416334+      _FormTab
00416340+      _OpStatTab
00416354+      _BlnkTab
00416360+      _RecFmTab
00416370+      _CCtrlTab
0041637c+      _ActionTab
0041638c+      _ShareTab
Module: C:\WATCOM/lib386/nt\flib7.lib(exclose.c)
004027a0       RT@IOClose
Module: C:\WATCOM/lib386\math387r.lib(fchop87)
004027b8       __CHP
Module: C:\WATCOM/lib386/nt\clib3r.lib(cstrtwnt)
004027d0       _cstart_
004027d0*      mainCRTStartup
Module: C:\WATCOM/lib386/nt\clib3r.lib(_8087)
004163b4       __8087
004163b5       __real87
Module: C:\WATCOM/lib386/nt\emu387.lib(386)
0040282c       __init_387_emulator
0040282d*      __fini_387_emulator
Module: C:\WATCOM/lib386/nt\flib7.lib(initeng.c)
00418000       __init_english
Module: C:\WATCOM/lib386/nt\flib7.lib(initerr.c)
00418004       __init_error
Module: C:\WATCOM/lib386/nt\flib7.lib(exwrite.c)
004028a0       DoWrite_
Module: C:\WATCOM/lib386/nt\flib7.lib(setiocb.c)
004028d0       RT@SetIOCB
Module: C:\WATCOM/lib386/nt\flib7.lib(rdata.c)
00418010       _IORslt
00418020       _FmtBuff
00418024*      _Fmt_revert
00418028*      _Fmt_start
0041802c*      _Fmt_paren_level
00418030*      _Fmt_charptr
00418034*      _FmtEmStruct
00418038       _IOTypeRtn
0041803c*      _Fmt_end
00418040*      _Fmt_rep_spec
00418044       _FmtRoutine
00418048       _IOCB
0041804c       _Files
00418050*      _Fmt_delimited
Module: C:\WATCOM/lib386/nt\flib7.lib(iomain.c)
00402960       __ReleaseIOSys_
00402980       IOMain_
Module: C:\WATCOM/lib386/nt\clib3r.lib(crwdata)
004163fc       __osmajor
004163fd       __osminor
004163fe       __osbuild
00416400       __osver
00416404       __winmajor
00416408       __winminor
0041640c       __winver
004163c8       __LpDllName
004163cc       __LpwCmdLine
004163d0       __LpwPgmName
004163d4       __LpwDllName
004163c0       __LpCmdLine
004163c4       __LpPgmName
004163b8*      __dynend
004163bc       __curbrk
004163d8*      __STACKLOW
004163dc       __STACKTOP
004163e0       __ASTACKSIZ
004163e4       __ASTACKPTR
004163e8*      __cbyte
004163ec*      __cbyte2
004163f0*      __child
004163f6       __Envptr
004163fa*      __Envseg
004163f4       __no87
00416410       ___FPE_handler
Module: C:\WATCOM/lib386/nt\flib7.lib(thrdutil.c)
00402b90*      __InitMultiThreadIO_
00416418       ___SwitchStkLow
Module: C:\WATCOM/lib386/nt\flib7.lib(exread.c)
00402c20       DoRead_
Module: C:\WATCOM/lib386/nt\flib7.lib(rtinit.c)
0041641c       ___FAppType
00416420       __ExceptionInit
00416424       __ExceptionFini
00402c60*      __InitFThreadData_
00402ca0+      RTSysFini_
00402cb0       RTSysInit_
0041642c       __AccessFIO
00416430       __ReleaseFIO
00416434       __PartialReleaseFIO
00418058       ___FThreadDataOffset
00417376*      ___fthread_data_size
Module: C:\WATCOM/lib386/nt\clib3r.lib(mainwnt.c)
00416438       ___TlsIndex
0041643c       ___FirstThreadData
00416440       ___GetThreadPtr
00416444       __AccessFileH
00416448       __ReleaseFileH
0041644c       __AccessIOB
00416450       __ReleaseIOB
00416454       __AccessNHeap
00416458       __AccessFHeap
0041645c       __ReleaseNHeap
00402d20*      __threadid_
00402d40+      __sig_null_rtn_
00402d50+      __NTInit_
00402f30+      __NTFini_
00402f90       __NTMainInit_
00402ff0       __exit_
00416460       __ReleaseFHeap
00416464       __AccessTDList
00416468       __ReleaseTDList
0041646c       __AccessFList
00416470       __ReleaseFList
00416474       __ThreadExitRtn
00416478       ___sig_init_rtn
0041647c       ___sig_fini_rtn
00416480       ___process_fini
00418064       ___Is_DLL
Module: C:\WATCOM/lib386/nt\flib7.lib(spawn.c)
00403040       Spawn_
004030a0       Suicide_
Module: C:\WATCOM/lib386/nt\flib7.lib(rterr.c)
00416484+      _TraceRoutine
00403100       FlushStdUnit_
00403150+      WriteErr_
00403220       ErrHandler_
00403260       RTErr_
00416490+      LG@ERR_HOOK
Module: C:\WATCOM/lib386/nt\flib7.lib(stdio.c)
004032a0       StdBuffer_
004032c0       StdWrite_
004033a0       StdFlush_
004033d0       StdWriteNL_
Module: C:\WATCOM/lib386/nt\flib7.lib(runmain.c)
00403400*      __InitUnit6CC_
00403410       __DevicesCC_
00403420*      __InitAllowCommaSeparator_
00403430       __AllowCommaSep_
00403440+      _InitIO_
004034b0+      CloseAllFiles_
004034f0*      _FiniEx_
004034f0       RunExit_
00403530       RunEntry_
Module: C:\WATCOM/lib386/nt\flib7.lib(rtutls.c)
00403580       FindFtnFile_
00403670       RChkAlloc_
004036a0       F_Connect_
00403720       ConnectFile_
00403730       GetFileInfo_
00403820       DiscoFile_
00403890*      ChkFileName_
004038c0+      ChkLogFile_
00403900       ChkIOOperation_
00403940       GetIOErr_
00403950       ChkIOErr_
00403970       ChkUnitId_
004039b0*      ChkConnected_
004039d0       SetEOF_
00403a00       ClearEOF_
00403a40       SysEOF_
00403a70       IsFixed_
00403a80       IsCarriage_
00403a90*      ChkRecordStructure_
00403ac0*      ChkSequential_
00403ae0*      ChkExist_
00403b10       StrItem_
Module: C:\WATCOM/lib386/nt\flib7.lib(exutil.c)
00403b90       FindKWord_
00403c20*      ClrBuff_
004168a0       _SpecId
Module: C:\WATCOM/lib386/nt\flib7.lib(ioerr.c)
00403c70       IOErr_
Module: C:\WATCOM/lib386/nt\flib7.lib(rtsysutl.c)
00403d00       GetSysIOInfo_
00403d20       GetSysFileInfo_
00403d50       IsDevice_
00403f20       OpenAction_
00403f60*      DfltRecType_
00403f80+      _FileAttrs_
00404040       CloseFile_
004040b0       Scrtched_
004040d0       CloseDeleteFile_
00404120       Errf_
00404140       FPutBuff_
004041b0       FGetBuff_
00404200       SeekFile_
00404220       NoEOF_
00404230       SysClearEOF_
00404240       SameFile_
00404250*      Rewindf_
00404270       SysCreateFile_
004042b0       CheckLogicalRecord_
004042d0       SkipLogicalRecord_
004042f0*      BackSpacef_
00404320*      EndFilef_
00404360       GetIOErrMsg_
004043a0       ReportNExist_
004043c0       ReportEOF_
004043d0*      WaitForEnter_
Module: C:\WATCOM/lib386/nt\flib7.lib(rdwr.c)
004043e0       DoOpen_
00404410+      _AllocBuffer_
00404450       IOPrologue_
00404690       UpdateRecNum_
Module: C:\WATCOM/lib386/nt\clib3r.lib(main2wnt.c)
004046d0       __NTMain
Module: C:\WATCOM/lib386/nt\clib3r.lib(segdefns)
00401003       ___begtext
00416000*      __nullarea
00417358       __Start_XI
004173a6       __End_XI
004173a6       __Start_YI
004173d6       __End_YI
Module: C:\WATCOM/lib386/nt\clib3r.lib(chk8087.c)
00404750*      _fpreset_
00404790       __chk8087_
004047a0*      __init_8087_
Module: C:\WATCOM/lib386/nt\flib7.lib(english.c)
004047f0       __UseEnglishCharSet_
Module: C:\WATCOM/lib386/nt\flib7.lib(errincl.c)
00404900       __InitError_
004168c8+      _PGroupTable
004168cc+      _PErrWord
Module: C:\WATCOM/lib386/nt\flib7.lib(unfmtout.c)
00404a00       UnFmtOut_
Module: C:\WATCOM/lib386/nt\flib7.lib(freeout.c)
00404e50       FreeOut_
004168d0+      _OutRtn
Module: C:\WATCOM/lib386/nt\flib7.lib(ioinit.c)
00404f40       IOSysInit_
Module: C:\WATCOM/lib386/nt\flib7.lib(unfmtin.c)
00404f70       UnFmtIn_
00405010+      NextUnFmtRec_
Module: C:\WATCOM/lib386/nt\flib7.lib(freein.c)
004053f0+      GetNum_
004055f0       FreeIn_
00405600*      DoFreeIn_
00405630+      BumpComma_
00405660+      Blanks_
00405680+      CheckEor_
Module: C:\WATCOM/lib386/nt\flib7.lib(rttraps.c)
00405d80       __EnableF77RTExceptionHandling_
00405d90       R_TrapInit_
00405e20       R_TrapFini_
00405e30*      __InitExceptionVectors_
Module: C:\WATCOM/lib386/nt\flib7.lib(errrtns.c)
00418684       ___ErrorFini
00418688       ___ErrorInit
0041868c       ___BldErrMsg
Module: C:\WATCOM/lib386/nt\clib3r.lib(nodefwin.c)
00416908*      __WindowsIsWindowedHandle
0041690c*      __WindowsRemoveWindowedHandle
00416910*      __WindowsNewWindow
00416914*      __WindowsCloseWindow
00416918*      __WindowsSetAbout
0041691c*      __WindowsSetAppTitle
00416920*      __WindowsSetConTitle
00416924*      __WindowsDestroyOnClose
00416928*      __WindowsYieldControl
0041692c*      __WindowsShutDown
00416930*      __WindowsStdin
00416934       __WindowsStdout
00416938*      __WindowsKbhit
0041693c*      __WindowsGetch
00416940*      __WindowsGetche
00416944*      __WindowsPutch
00405e50*      _dwShutDown_
00405e50*      _dwYield_
00405e50*      _dwSetConTitle_
00405e50*      _dwSetAppTitle_
00405e50*      _dwSetAboutDlg_
00405e50       _dwDeleteOnClose_
00416948*      __WindowsExitRtn
00418690*      __init_default_win
Module: C:\WATCOM/lib386/nt\clib3r.lib(atexit.c)
00405e53       atexit_
Module: C:\WATCOM/lib386/nt\clib3r.lib(regdata.c)
00405eb0       __RegisterThreadDataSize_
Module: C:\WATCOM/lib386/nt\clib3r.lib(hdlman.c)
0041694c+      ___NHandles
00416950+      ___OSHandles
00416954+      ___FakeHandles
00405ee0+      __growPOSIXHandles_
00405f80       __allocPOSIXHandle_
00406040       __freePOSIXHandle_
00406060       __getOSHandle_
00406070       __setOSHandle_
004060c0+      __NTGetFakeHandle_
00406130       __initPOSIXHandles_
00406210*      __set_handles_
00406220*      _grow_handles_
Module: C:\WATCOM/lib386/nt\clib3r.lib(environ.c)
00418718       ___env_mask
0041871c       _environ
00418720       __wenviron
Module: C:\WATCOM/lib386/nt\clib3r.lib(getmodfn.c)
00406260       __lib_GetModuleFileNameW_
Module: C:\WATCOM/lib386/nt\clib3r.lib(strdup.c)
00406300       __clib_strdup_
Module: C:\WATCOM/lib386/nt\clib3r.lib(istable.c)
00406340       __IsTable
Module: C:\WATCOM/lib386/nt\clib3r.lib(ustrdup.c)
00406441       __clib_wcsdup_
Module: C:\WATCOM/lib386/nt\clib3r.lib(nfree.c)
00406470       _nfree_
00406470       free_
00418724       ___MiniHeapFreeRover
Module: C:\WATCOM/lib386/nt\clib3r.lib(excptwnt.c)
00406be0+      ___ReportException@4
00407030       __DefaultExceptionHandler_
00407070+      ___ExceptionFilter
00407280       __NewExceptionFilter_
004072b0       __DoneExceptionFilter_
00416960       ___oscode_check_func
00416964       ___raise_func
00418728*      _sw
0041872c       ___ExceptionHandled
0041872d+      ___ReportInvoked
Module: C:\WATCOM/lib386/nt\clib3r.lib(stklmwnt.c)
004072f0       __init_stack_limits_
Module: C:\WATCOM/lib386/nt\clib3r.lib(initrtns.c)
00407370       __InitRtns
004073c0       __FiniRtns
Module: C:\WATCOM/lib386/nt\clib3r.lib(setjmp)
00407414       _setjmp_
0040744d       longjmp_
Module: C:\WATCOM/lib386/nt\clib3r.lib(exit.c)
004074d5+      __null_int23_exit_
004074d6       exit_
00407526*      _exit_
0041697c+      ___int23_exit
00416980+      ___FPE_handler_exit
Module: C:\WATCOM/lib386/nt\flib7.lib(posdat.c)
00416b64       _FStdIn
00416b68       _FStdOut
00416b6c       _FStdErr
Module: C:\WATCOM/lib386/nt\flib7.lib(posflush.c)
00407540       FlushBuffer_
Module: C:\WATCOM/lib386/nt\flib7.lib(errutil.c)
004075f0       BldErrCode_
00407650*      MsgFormat_
00407680*      MsgBuffer_
00416b70+      _PGrpCodes
Module: C:\WATCOM/lib386/nt\clib3r.lib(enterdb.c)
004076b0       __EnterWVIDEO_
00416b74       ___WD_Present
Module: C:\WATCOM/lib386/nt\clib3r.lib(iob.c)
00416b78       ___iob
00416d80       __fmode
00418730       ___OpenStreams
00418734       ___ClosedStreams
Module: C:\WATCOM/lib386/nt\clib3r.lib(setmd.c)
004076e0       setmode_
Module: C:\WATCOM/lib386/nt\clib3r.lib(write.c)
00407a20       write_
Module: C:\WATCOM/lib386/nt\clib3r.lib(errno.c)
00407c80       __get_errno_ptr_
00407c90*      __get_doserrno_ptr_
Module: C:\WATCOM/lib386/nt\flib7.lib(posopen.c)
00407ca0       InitStd_
00407d60       SetIOBufferSize_
00407d80+      _AllocFile_
00407e70       Openf_
00407f60       Closef_
Module: C:\WATCOM/lib386/nt\flib7.lib(rmemmgr.c)
00407fe0       RMemAlloc_
00407ff0       RMemFree_
Module: C:\WATCOM/lib386/nt\flib7.lib(fdutil.c)
00408000       LocFile_
00408010       LocUnit_
00408040       ExtractInfo_
Module: C:\WATCOM/lib386/nt\flib7.lib(rstdio.c)
00408170       _InitStandardInput_
004081a0       _InitStandardOutput_
Module: C:\WATCOM/lib386/nt\clib3r.lib(memset.c)
004081d0       memset_
Module: C:\WATCOM/lib386/nt\flib7.lib(deffname.c)
00416d88       _DefFName
Module: C:\WATCOM/lib386/nt\flib7.lib(stracc.c)
004081f0       TrimStr_
00408230       GetStr_
Module: C:\WATCOM/lib386/nt\clib3r.lib(memicmp.c)
00408260       memicmp_
Module: C:\WATCOM/lib386/nt\flib7.lib(blderr.c)
00408320       Substitute_
004084e0       ErrCodOrg_
Module: C:\WATCOM/lib386/nt\clib3r.lib(accsswnt.c)
004084f0       access_
Module: C:\WATCOM/lib386/nt\clib3r.lib(fullpath.c)
00408530+      _sys_fullpath_
004085b0       _fullpath_
Module: C:\WATCOM/lib386/nt\clib3r.lib(fstatwnt.c)
00408620       fstat_
Module: C:\WATCOM/lib386/nt\flib7.lib(poserr.c)
00408980       Errorf_
004089a0*      EOFile_
004089c0       ErrorMsg_
00408a00       FSetTrunc_
00408a10       FSetSysErr_
00408a30       FSetErr_
00408a50       FSetEof_
00408a70       IOOk_
Module: C:\WATCOM/lib386/nt\clib3r.lib(statwnt.c)
00408b95       stat_
Module: C:\WATCOM/lib386/nt\flib7.lib(posdel.c)
00408dd0       Scratchf_
Module: C:\WATCOM/lib386/nt\flib7.lib(posput.c)
00408df0       FPutRec_
00408e30       ChopFile_
00408e80*      PutRec_
00408fa0       writebytes_
00409020       SysWrite_
Module: C:\WATCOM/lib386/nt\flib7.lib(posget.c)
00409160       readbytes_
00409230       SysRead_
004096a0       FGetRec_
004096d0*      GetRec_
004096f0       GetStdChar_
00409740       FCheckLogical_
004097c0       FSkipLogical_
00409890*      FGetVarRecLen_
Module: C:\WATCOM/lib386/nt\flib7.lib(posseek.c)
00409980       FSeekRec_
004099c0       CurrFileOffset_
004099c0       FGetFilePos_
004099e0       SysSeek_
00409bd0*      FSeekAbs_
Module: C:\WATCOM/lib386/nt\clib3r.lib(stricmp.c)
00409be0       stricmp_
Module: C:\WATCOM/lib386/nt\flib7.lib(posrew.c)
00409c20       FRewind_
Module: C:\WATCOM/lib386/nt\flib7.lib(posback.c)
00409c90       FBackspace_
Module: C:\WATCOM/lib386/nt\flib7.lib(postrunc.c)
00409d70       FTruncate_
Module: C:\WATCOM/lib386/nt\flib7.lib(sdfile.c)
00416d94*      _FFCtrlSeq
00416d96*      _SkipCtrlSeq
00416d98       _NormalCtrlSeq
00416d9a       _SDTermIn
00416d9e       _SDTermOut
00416da2*      _SDPrtName
Module: C:\WATCOM/lib386/nt\clib3r.lib(mthrdini.c)
00409d90       __InitThreadData_
00416da8       ___ThreadDataSize
Module: C:\WATCOM/lib386/nt\clib3r.lib(cmain386.c)
00409dc0       __CMain
Module: C:\WATCOM/lib386/nt\clib3r.lib(dosseg)
00001234       __DOSseg__
Module: C:\WATCOM/lib386/nt\clib3r.lib(8087cw.c)
00416dac       __8087cw
Module: C:\WATCOM/lib386/nt\clib3r.lib(save8087.c)
00416db0       ___Save8087
00416db4       ___Rest8087
Module: C:\WATCOM/lib386/nt\clib3r.lib(init8087)
00409e04       __x87id
Module: C:\WATCOM/lib386/nt\flib7.lib(csetinfo.c)
00418738       _CharSetInfo
Module: C:\WATCOM/lib386/nt\flib7.lib(errmsg.c)
0040a170       _GroupTable
0040a220       _ErrWord
Module: C:\WATCOM/lib386/nt\flib7.lib(wrutils.c)
0040a850       F_SendData_
0040a8b0*      SendLine_
0040a8c0       SendEOR_
0040a950*      SendInt_
0040a980       SendStr_
0040a9a0+      SendWSLStr_
0040a9c0       SendChar_
0040a9e0       Drop_
0040aba0       IOItemResult_
Module: C:\WATCOM/lib386/nt\flib7.lib(unfmtutl.c)
0040ac20       _SizeVars
Module: C:\WATCOM/lib386/nt\flib7.lib(undefcg.c)
0040acc0       OutLogCG_
0040acd0       OutIntCG_
0040ad10+      FmtRealCG_
0040ad40+      FmtDoubleCG_
0040ad70+      FmtExtendedCG_
0040ada0+      UndefIntCG_
0040ada0+      UndefLogCG_
0040ada0+      UndefExtendedCG_
0040ada0+      UndefDoubleCG_
0040ada0+      UndefRealCG_
0040adb0+      GetRealCG_
00416db8       _FmtRealRtn
00416dbc       _FmtDoubleRtn
00416dc0       _FmtExtendedRtn
00416dc4       _SendStrRtn
00416dc8       _UndefRealRtn
00416dcc       _UndefDoubleRtn
00416dd0       _UndefExtendedRtn
00416dd4       _UndefLogRtn
00416dd8       _UndefIntRtn
00416ddc       _GetRealRtn
Module: C:\WATCOM/lib386/nt\flib7.lib(cctrl.c)
0040adc0       CheckCCtrl_
Module: C:\WATCOM/lib386/nt\flib7.lib(rdutils.c)
0040ae30       NextRec_
Module: C:\WATCOM/lib386/nt\flib7.lib(arrayio.c)
0040afd0       ArrayIOType_
Module: C:\WATCOM/lib386/nt\clib3r.lib(toupper.c)
0040b050       toupper_
Module: C:\WATCOM/lib386/nt\flib7.lib(chrutils.c)
0040b060       JmpBlanks_
Module: C:\WATCOM/lib386/nt\flib7.lib(fmtcnvt.c)
0040b080       FmtS2I_
0040b1b0       FmtS2F_
Module: C:\WATCOM/lib386/nt\clib3r.lib(signlwnt.c)
00416de0+      __SignalTable
0040b580+      __SetSignalFunc_
0040b5d0+      __GetSignalFunc_
0040b600+      __GetSignalOSCode_
0040b630+      __CheckSignalExCode_
0040b770+      __sigabort_
0040b780       __sigfpe_handler_
0040b7d0       signal_
0040b860+      raise_
0040b8d0+      __SigInit_
0040b920+      __SigFini_
0040b960+      __sig_init_
Module: C:\WATCOM/lib386/nt\flib7.lib(fptraps.c)
0040ba40*      __MaskDefaultFPE_
0040ba60       FPTrapInit_
0040ba90       FPTrapFini_
Module: C:\WATCOM/lib386/nt\clib3r.lib(trdlist.c)
0040bb00       __GetThreadData_
0040bb50       __ReallocThreadData_
0040bc40       __AddThreadData_
0040bcc0       __RemoveThreadData_
0040bd20       __ResizeThreadDataList_
0040bd50       __FreeThreadDataList_
0040bd80*      __ActiveThreads_
Module: C:\WATCOM/lib386/nt\clib3r.lib(nmalloc.c)
0040bda0       _nmalloc_
0040bda0       malloc_
00416e4c       ___nheapbeg
00416e50       ___MiniHeapRover
00416e54       ___LargestSizeB4MiniHeapRover
Module: C:\WATCOM/lib386/nt\clib3r.lib(seterrno.c)
0040be9a       __set_errno_
0040bea8*      __set_EDOM_
0040beb6       __set_ERANGE_
0040bec4*      __set_EINVAL_
0040bed7       __set_doserrno_
Module: C:\WATCOM/lib386/nt\clib3r.lib(nrealloc.c)
0040bef0*      _nrealloc_
0040bef0       realloc_
Module: C:\WATCOM/lib386/nt\clib3r.lib(iomode.c)
0040bf70       __GetIOMode_
0040bf90       __SetIOMode_nogrow_
00416e58       ___NFiles
00416e5c       ___init_mode
00416eac       ___io_mode
Module: C:\WATCOM/lib386/nt\clib3r.lib(stiomode.c)
0040bfb0       __grow_iomode_
0040c080+      __shrink_iomode_
0040c0c0       __SetIOMode_
Module: C:\WATCOM/lib386/nt\clib3r.lib(setenvp.c)
0040c130       __setenvp_
0040c1f0       __freeenvp_
Module: C:\WATCOM/lib386/nt\clib3r.lib(ustrlen.c)
0040c23d       wcslen_
Module: C:\WATCOM/lib386/nt\clib3r.lib(memcpy.c)
0040c250       memcpy_
Module: C:\WATCOM/lib386/nt\clib3r.lib(mem.c)
0040c270       __MemAllocator
0040c320       __MemFree
Module: C:\WATCOM/lib386/nt\clib3r.lib(conutwnt.c)
0040c470*      __NTRealKey_
0040c520*      __NTConsoleInput_
0040c530       __NTConsoleOutput_
Module: C:\WATCOM/lib386/nt\clib3r.lib(fclex387.c)
0040c540       _ClearFPE_
Module: C:\WATCOM/lib386/nt\clib3r.lib(ljmphdl.c)
00416eb8       ___longjmp_handler
Module: C:\WATCOM/lib386/nt\clib3r.lib(lseek.c)
0040c560       lseek_
Module: C:\WATCOM/lib386/nt\flib7.lib(errgrp.c)
0040c5b0       _GrpCodes
Module: C:\WATCOM/lib386/nt\clib3r.lib(initfile.c)
0040c670       __InitFiles_
Module: C:\WATCOM/lib386/nt\clib3r.lib(ioexit.c)
0040c770*      fcloseall_
0040c780       __full_io_exit_
Module: C:\WATCOM/lib386/nt\clib3r.lib(dosret.c)
0040c790*      _dosretax_
0040c7a0*      _dosret0_
0040c7b0       __set_errno_dos_
0040c7e0*      __set_errno_dos_reterr_
0040c7f0       __set_errno_nt_
0040c800*      __set_errno_nt_reterr_
Module: C:\WATCOM/lib386/nt\clib3r.lib(stackwnt.c)
0040c820       stackavail_
Module: C:\WATCOM/lib386/nt\clib3r.lib(stk)
0040c831*      __CHK
0040c841*      __STK
0040c860       __STKOVERFLOW_
0040c870*      __GRO
0040c890*      __alloca_probe
Module: C:\WATCOM/lib386/nt\clib3r.lib(iomodtty.c)
0040c8b0       __ChkTTYIOMode_
0040c8f0       __IOMode_
Module: C:\WATCOM/lib386/nt\clib3r.lib(close.c)
0040c910       close_
Module: C:\WATCOM/lib386/nt\clib3r.lib(openwnt.c)
0040cb30*      open_
0040cb50       sopen_
Module: C:\WATCOM/lib386/nt\flib7.lib(poscc.c)
0040cb80*      __LineFeedWithFormFeed_
0040cb90       FSetCC_
Module: C:\WATCOM/lib386/nt\clib3r.lib(getenv.c)
0040cbf0       getenv_
Module: C:\WATCOM/lib386/nt\clib3r.lib(ltoa.c)
0040cc80       ultoa_
0040ccd0       ltoa_
Module: C:\WATCOM/lib386/nt\clib3r.lib(__stos)
0040cd00       __STOSB
0040cd37*      __STOSD
Module: C:\WATCOM/lib386/nt\clib3r.lib(memmove.c)
0040cdb0       memmove_
Module: C:\WATCOM/lib386/nt\clib3r.lib(itoa.c)
0040ce10       utoa_
0040ce60       itoa_
Module: C:\WATCOM/lib386/nt\clib3r.lib(fgtattr.c)
0040ce90       __fixed_GetFileAttributesA_
Module: C:\WATCOM/lib386/nt\clib3r.lib(gtcwdwnt.c)
0040cf30       getcwd_
Module: C:\WATCOM/lib386/nt\clib3r.lib(ntdirinf.c)
0040cfc0       __MakeDOSDT_
0040cff0*      __FromDOSDT_
0040d020*      __GetNTDirInfo_
0040d060*      __NTFindNextFileWithAttr_
Module: C:\WATCOM/lib386/nt\clib3r.lib(d2ttime.c)
0040d0c0       _d2ttime_
Module: C:\WATCOM/lib386/nt\clib3r.lib(strerror.c)
0040d460       strerror_
0040d480*      _strerror_
0040d550*      _doserror_
00416fd8+      __sys_errlist
0041707c+      __sys_nerr
Module: C:\WATCOM/lib386/nt\clib3r.lib(_strcmp)
0040d580       strcmp_
Module: C:\WATCOM/lib386/nt\clib3r.lib(mbspbrk.c)
0040d6c0       _mbspbrk_
Module: C:\WATCOM/lib386/nt\clib3r.lib(mbsinc.c)
0040d710       _mbsinc_
Module: C:\WATCOM/lib386/nt\clib3r.lib(tolower.c)
0040d740       tolower_
Module: C:\WATCOM/lib386/nt\clib3r.lib(unlnkwnt.c)
0040d750       unlink_
Module: C:\WATCOM/lib386/nt\clib3r.lib(chsizwnt.c)
0040d7d0       chsize_
Module: C:\WATCOM/lib386/nt\clib3r.lib(read.c)
0040d8c0       read_
Module: C:\WATCOM/lib386/nt\clib3r.lib(cinit.c)
0040da50       __CommonInit_
Module: C:\WATCOM/lib386/nt\clib3r.lib(___argc.c)
00418858       ____Argc
0041885c       ____Argv
Module: C:\WATCOM/lib386/nt\flib7.lib(rtmain.c)
0040da60       main_
Module: C:\WATCOM/lib386/nt\flib7.lib(ifile.c)
0040da80       SendIFBuff_
0040dab0       NextIFBuff_
Module: C:\WATCOM/lib386/nt\flib7.lib(expchk.c)
0040dae0       ToFFormat_
Module: C:\WATCOM/lib386/nt\flib7.lib(fmtrtns.c)
0040db30       R_F2E_
0040dca0       R_F2F_
0040de30       SetMaxPrec_
Module: C:\WATCOM/lib386/nt\flib7.lib(rfmtlog.c)
0040de50       R_FmtLog_
Module: C:\WATCOM/lib386/nt\flib7.lib(rfmtutil.c)
0040deb0+      R_ChkType_
0040dee0*      R_NewRec_
0040df20*      R_ChkIType_
0040df50*      R_ChkFType_
0040df80*      R_ChkRecLen_
0040dfa0+      GetLen_
0040dfe0*      R_FOStr_
0040dff0*      FOString_
0040e060*      R_FIStr_
0040e120+      R_FOLog_
0040e170*      R_FILog_
0040e250*      R_FIFloat_
0040e440       GetReal_
0040e550*      R_FOF_
0040e5d0*      R_FOE_
0040e710+      FmtH2B_
0040e800*      R_FIHex_
0040e980*      R_FOHex_
0040e990*      FOHex_
0040ea90*      R_FIInt_
0040eba0*      R_FOInt_
0040ee00*      R_FOG_
0040f080+      ChkBuffLen_
Module: C:\WATCOM/lib386/nt\flib7.lib(intarith.c)
0040f0b0       AddIOFlo_
0040f0c0*      SubIOFlo_
0040f0d0       MulIOFlo_
Module: C:\WATCOM/lib386\math387r.lib(strtod.c)
0040f5f3+      __Strtold_
0040f75a       strtod_
Module: C:\WATCOM/lib386/nt\clib3r.lib(abort.c)
0040f8b3*      abort_
0040f8c5       __terminate_
00417080       ___abort
Module: C:\WATCOM/lib386/nt\clib3r.lib(cntrl87.c)
0040f8e0       _control87_
Module: C:\WATCOM/lib386/nt\clib3r.lib(mthread.c)
0040fac0+      __CloseSemaphore_
0040fb00+      __AccessIOB_
0040fb10+      __ReleaseIOB_
0040fb20+      __AccessFileH_
0040fb30+      __ReleaseFileH_
0040fb40+      __AccessNHeap_
0040fb50+      __ReleaseNHeap_
0040fb60+      __AccessFHeap_
0040fb70+      __ReleaseFHeap_
0040fb80+      __AccessTDList_
0040fb90+      __ReleaseTDList_
0040fba0+      __AccessFList_
0040fbb0+      __AccessSemaphore_
0040fc10+      __ReleaseFList_
0040fc20+      __ReleaseSemaphore_
0040fc50+      __MultipleThread_
0040fca0+      __AllocInitThreadData_
0040fcf0*      __FreeInitThreadData_
0040fd00       __NTThreadInit_
0040fd70       __NTAddThread_
0040fdc0       __NTRemoveThread_
0040fe50       __InitMultipleThread_
00417084+      ___AccessSema4
00417088+      ___ReleaseSema4
0041708c+      ___CloseSema4
Module: C:\WATCOM/lib386/nt\clib3r.lib(xmsgwnt.c)
00410010+      __exit_with_msg_
00410070       __fatal_runtime_error_
Module: C:\WATCOM/lib386/nt\clib3r.lib(calloc.c)
00410090       calloc_
Module: C:\WATCOM/lib386/nt\clib3r.lib(register.c)
004100c0       __initthread_
004100d0*      _beginthread_
004100e0       _endthread_
004100f0*      __RegisterThreadData_
Module: C:\WATCOM/lib386/nt\clib3r.lib(nmemneed.c)
00410140       __nmemneed_
Module: C:\WATCOM/lib386/nt\clib3r.lib(grownear.c)
004102b0       __ExpandDGROUP_
Module: C:\WATCOM/lib386/nt\clib3r.lib(nmsize.c)
004102d0       _nmsize_
004102d0*      _msize_
Module: C:\WATCOM/lib386/nt\clib3r.lib(nexpand.c)
004102e0       _nexpand_
004102e0*      _expand_
00410320+      __HeapManager_expand_
Module: C:\WATCOM/lib386/nt\clib3r.lib(dofilstr.c)
00410500       __ParsePosixHandleStr_
Module: C:\WATCOM/lib386/nt\clib3r.lib(clearenv.c)
00410620       clearenv_
Module: C:\WATCOM/lib386/nt\clib3r.lib(__lseek.c)
004106b0       __lseek_
Module: C:\WATCOM/lib386/nt\clib3r.lib(fclose.c)
004106f0+      __doclose_
00410790       __shutdown_stream_
004107b0*      fclose_
00418fcc+      ___RmTmpFileFn
Module: C:\WATCOM/lib386/nt\clib3r.lib(freefp.c)
00410800       __freefp_
00410850       __purgefp_
Module: C:\WATCOM/lib386/nt\clib3r.lib(isattwnt.c)
00410880       isatty_
Module: C:\WATCOM/lib386/nt\clib3r.lib(_clsewnt.c)
004108a0       __close_
Module: C:\WATCOM/lib386/nt\clib3r.lib(ntfio.c)
00410900*      __GetNTCreateAttr_
00410940       __GetNTAccessAttr_
00410970       __GetNTShareAttr_
Module: C:\WATCOM/lib386/nt\clib3r.lib(umaskval.c)
0041709c       ___umaskval
Module: C:\WATCOM/lib386/nt\clib3r.lib(mbterm.c)
004109d0       _mbterm_
Module: C:\WATCOM/lib386/nt\clib3r.lib(mbsnextc.c)
00410a10       _mbsnextc_
Module: C:\WATCOM/lib386/nt\clib3r.lib(mbcupper.c)
00410a50       _mbctoupper_
Module: C:\WATCOM/lib386/nt\clib3r.lib(alphabet.c)
004161a4       ___Alphabet
Module: C:\WATCOM/lib386/nt\clib3r.lib(strncpy.c)
00410a80       strncpy_
Module: C:\WATCOM/lib386/nt\clib3r.lib(mktime.c)
00410ac0       mktime_
Module: C:\WATCOM/lib386/nt\clib3r.lib(mbschr.c)
00410b50       _mbschr_
Module: C:\WATCOM/lib386/nt\clib3r.lib(mbisdbcs.c)
00418fd0       ___IsDBCS
Module: C:\WATCOM/lib386/nt\clib3r.lib(mbislead.c)
00410bb0*      _ismbblead_
00418fd4       ___MBCSIsTable
Module: C:\WATCOM/lib386/nt\clib3r.lib(argcv.c)
004190d8       __argc
004190dc       __argv
004190e0       ___argv
004190e4       ___argc
Module: C:\WATCOM/lib386\math387r.lib(ldcvt.c)
00410caf       _LDScale10x_
00411256       __LDcvt_
Module: C:\WATCOM/lib386/nt\flib7.lib(flt86.c)
004116b0       _P1d100
004116b8       _P1d_99
Module: C:\WATCOM/lib386\math387r.lib(pow87)
00411819*      pow_
004116c0       IF@DPOW
004116c0*      IF@POW
Module: C:\WATCOM/lib386/nt\flib7.lib(hexcnv.c)
00411840       Hex_
00411860*      HSToB_
004118d0       BToHS_
Module: C:\WATCOM/lib386/nt\clib3r.lib(strupr.c)
00411920       strupr_
Module: C:\WATCOM/lib386\math387r.lib(bufld386)
00411940       __ZBuf2LD
Module: C:\WATCOM/lib386\math387r.lib(inf_nan.c)
004119e3*      ___f_infinity
004119e7*      ___f_posqnan
004119eb       ___d_infinity
004119f3       ___d_posqnan
004119fb*      ___ld_infinity
00411a03*      ___ld_posqnan
Module: C:\WATCOM/lib386/nt\clib3r.lib(hugeval.c)
00411a10       __HugeValue
Module: C:\WATCOM/lib386/nt\clib3r.lib(trdalloc.c)
00411a20       __FiniThreadProcessing_
Module: C:\WATCOM/lib386/nt\clib3r.lib(nheapmin.c)
00411a30       _nheapshrink_
00411a30*      _nheapmin_
00411a30*      _heapmin_
00411a30       _heapshrink_
Module: C:\WATCOM/lib386/nt\clib3r.lib(thredwnt.c)
00411bd0       __CBeginThread_
00411c70       __CEndThread_
Module: C:\WATCOM/lib386/nt\clib3r.lib(amblksiz.c)
00417148       __amblksiz
Module: C:\WATCOM/lib386/nt\clib3r.lib(heapen.c)
00411cb0*      _heapenable_
0041714c       ___heap_enabled
Module: C:\WATCOM/lib386/nt\clib3r.lib(strtol.c)
00411f00*      strtoul_
00411f10       strtol_
Module: C:\WATCOM/lib386/nt\clib3r.lib(putenv.c)
00411f20       putenv_
004121b0       __putenv_
Module: C:\WATCOM/lib386/nt\clib3r.lib(flush.c)
00412320       __flush_
Module: C:\WATCOM/lib386/nt\clib3r.lib(mbconv.c)
00412420       _mbvtop_
Module: C:\WATCOM/lib386/nt\clib3r.lib(locmktim.c)
00412440       __local_mktime_
Module: C:\WATCOM/lib386/nt\clib3r.lib(gmtime.c)
004125c0       __brktime_
004126c0+      _gmtime_
004126e0*      gmtime_
Module: C:\WATCOM/lib386/nt\clib3r.lib(tzset.c)
004171dc       ___start_dst
00417200       ___end_dst
00417328*      _tzname
00417330       _timezone
00417334       _daylight
00417338       ___dst_adjust
00412750*      __DontCacheOSTZ_
00412760*      __CacheOSTZ_
00412c40+      __parse_tz_
00413030       tzset_
Module: C:\WATCOM/lib386/nt\clib3r.lib(timeutil.c)
004131a0       __isindst_
Module: C:\WATCOM/lib386/nt\clib3r.lib(mbclen.c)
004134d0       _mbclen_
Module: C:\WATCOM/lib386/nt\clib3r.lib(mbccmp.c)
00413500       _mbccmp_
Module: C:\WATCOM/lib386/nt\clib3r.lib(mbinit.c)
00413575       __mbinit_
00417340       ___MBCodePage
Module: C:\WATCOM/lib386/nt\clib3r.lib(initargv.c)
00413670       __Init_Argv_
004136c0+      _getargv_
00413860       __Fini_Argv_
Module: C:\WATCOM/lib386\math387r.lib(ldclass.c)
0041386e       __LDClass_
004138be*      _FLClass_
Module: C:\WATCOM/lib386/nt\clib3r.lib(chipvar)
00417344       ___chipbug
00417344       __chipbug
Module: C:\WATCOM/lib386\math387r.lib(pow87e.c)
004138d0       __pow87_err_
Module: C:\WATCOM/lib386\math387r.lib(exp87)
004139bf*      exp_
00413958*      __@DEXP1
00413960*      IF@EXP
00413960*      IF@DEXP
00413962       __@DEXP
Module: C:\WATCOM/lib386/nt\clib3r.lib(chipd32.asm)
00413ae3       __fdiv_fpr
00413fa5*      __fdiv_chk
00413fb8*      __fdiv_m32
00414005*      __fdiv_m64
00414052*      __fdiv_m32r
0041409f*      __fdiv_m64r
Module: C:\WATCOM/lib386/nt\clib3r.lib(mbslen.c)
004140f0       _mbslen_
Module: C:\WATCOM/lib386/nt\clib3r.lib(mbstowcs.c)
00414120       mbstowcs_
Module: C:\WATCOM/lib386/nt\clib3r.lib(uputenv.c)
004141a0*      _wputenv_
004143c0       __wputenv_
Module: C:\WATCOM/lib386/nt\clib3r.lib(fsync.c)
004144c0       fsync_
Module: C:\WATCOM/lib386/nt\clib3r.lib(qwrit.c)
00414510       __qwrite_
Module: C:\WATCOM/lib386/nt\clib3r.lib(leapyear.c)
004145f0       __leapyear_
004161cc       ___diyr
004161e6       ___dilyr
Module: C:\WATCOM/lib386/nt\clib3r.lib(wcstombs.c)
00414630       wcstombs_
Module: C:\WATCOM/lib386/nt\clib3r.lib(histsplt.c)
004190ec       ___historical_splitparms
Module: C:\WATCOM/lib386/nt\clib3r.lib(chipbug.c)
004146d0       __verify_pentium_fdiv_bug_
Module: C:\WATCOM/lib386/nt\flib7.lib(_matherr.c)
00414730*      __imath2err_
00414770*      __amath1err_
004147a0*      __amath2err_
004147d0       __math2err_
004148e0       __math1err_
004148f0*      __zmath2err_
00414950*      __qmath2err_
Module: C:\WATCOM/lib386\math387r.lib(math87e.c)
004149b6       __math87_err_
Module: C:\WATCOM/lib386/nt\clib3r.lib(mbtowc.c)
00414a30       mbtowc_
Module: C:\WATCOM/lib386/nt\clib3r.lib(ustrchr.c)
00414ac0       wcschr_
Module: C:\WATCOM/lib386/nt\clib3r.lib(setenvar.c)
00414ae0       __lib_SetEnvironmentVariableW_
Module: C:\WATCOM/lib386/nt\clib3r.lib(crtwenv.c)
00414bd0       __create_wide_environment_
Module: C:\WATCOM/lib386/nt\clib3r.lib(utoupper.c)
00414c38       towupper_
Module: C:\WATCOM/lib386/nt\clib3r.lib(wctomb.c)
00414c50       wctomb_


                        +----------------------+
                        |   Imported Symbols   |
                        +----------------------+

Symbol                              Module
======                              ======

_GetEnvironmentStringsA@0           KERNEL32.DLL
_GetVersion@0                       KERNEL32.DLL
_GetModuleFileNameA@12              KERNEL32.DLL
_GetCommandLineA@0                  KERNEL32.DLL
_GetCommandLineW@0                  KERNEL32.DLL
_FreeEnvironmentStringsA@4          KERNEL32.DLL
_GetModuleHandleA@4                 KERNEL32.DLL
_ExitProcess@4                      KERNEL32.DLL
_RtlUnwind@16                       KERNEL32.DLL
_MessageBoxA@16                     USER32.DLL
_SetStdHandle@8                     KERNEL32.DLL
_CreateEventA@16                    KERNEL32.DLL
_GetStdHandle@4                     KERNEL32.DLL
_CloseHandle@4                      KERNEL32.DLL
_GetModuleFileNameW@12              KERNEL32.DLL
_MultiByteToWideChar@24             KERNEL32.DLL
_LoadLibraryA@4                     KERNEL32.DLL
_GetProcAddress@8                   KERNEL32.DLL
_WriteFile@20                       KERNEL32.DLL
_SetUnhandledExceptionFilter@4      KERNEL32.DLL
_UnhandledExceptionFilter@4         KERNEL32.DLL
_VirtualQuery@12                    KERNEL32.DLL
_SetFilePointer@16                  KERNEL32.DLL
_GetLastError@0                     KERNEL32.DLL
_GetFileType@4                      KERNEL32.DLL
_GetFullPathNameA@16                KERNEL32.DLL
_GetFileInformationByHandle@8       KERNEL32.DLL
_GetFileTime@16                     KERNEL32.DLL
_GetFileSize@8                      KERNEL32.DLL
_CreateFileA@28                     KERNEL32.DLL
_GetDriveTypeA@4                    KERNEL32.DLL
_FindFirstFileA@8                   KERNEL32.DLL
_FindClose@4                        KERNEL32.DLL
_GetCurrentThreadId@0               KERNEL32.DLL
_SetConsoleCtrlHandler@8            KERNEL32.DLL
_TlsGetValue@4                      KERNEL32.DLL
_TlsSetValue@8                      KERNEL32.DLL
_GetFileAttributesA@4               KERNEL32.DLL
_GetCurrentDirectoryA@8             KERNEL32.DLL
_FileTimeToLocalFileTime@8          KERNEL32.DLL
_FileTimeToDosDateTime@12           KERNEL32.DLL
_DosDateTimeToFileTime@12           KERNEL32.DLL
_LocalFileTimeToFileTime@8          KERNEL32.DLL
_FindNextFileA@8                    KERNEL32.DLL
_FormatMessageA@28                  KERNEL32.DLL
_DeleteFileA@4                      KERNEL32.DLL
_SetEndOfFile@4                     KERNEL32.DLL
_ReadFile@20                        KERNEL32.DLL
_InitializeCriticalSection@4        KERNEL32.DLL
_DeleteCriticalSection@4            KERNEL32.DLL
_LeaveCriticalSection@4             KERNEL32.DLL
_EnterCriticalSection@4             KERNEL32.DLL
_SetLastError@4                     KERNEL32.DLL
_TlsAlloc@0                         KERNEL32.DLL
_TlsFree@4                          KERNEL32.DLL
_VirtualAlloc@16                    KERNEL32.DLL
_CharUpperA@4                       USER32.DLL
_VirtualFree@12                     KERNEL32.DLL
_CreateThread@24                    KERNEL32.DLL
_ResumeThread@4                     KERNEL32.DLL
_ExitThread@4                       KERNEL32.DLL
_SetEnvironmentVariableA@8          KERNEL32.DLL
_GetTimeZoneInformation@4           KERNEL32.DLL
_GetACP@0                           KERNEL32.DLL
_GetOEMCP@0                         KERNEL32.DLL
_GetCPInfo@8                        KERNEL32.DLL
_FlushFileBuffers@4                 KERNEL32.DLL
_SetEnvironmentVariableW@8          KERNEL32.DLL
_WideCharToMultiByte@32             KERNEL32.DLL


                        +--------------------+
                        |   Libraries Used   |
                        +--------------------+

C:\WATCOM/lib386/nt\kernel32.lib
C:\WATCOM/lib386/nt\user32.lib
C:\WATCOM/lib386/nt\flib7.lib
C:\WATCOM/lib386\math387r.lib
C:\WATCOM/lib386/nt\clib3r.lib
C:\WATCOM/lib386/nt\emu387.lib


                        +-----------------------+
                        |   Linker Statistics   |
                        +-----------------------+

Stack size:  00010000 (65536.)
Memory size:  003f7fa4 (4161444.)
Entry point address: 004027d0
Link time: 00:00.34
