Open Watcom Linker Version 1.9
Portions Copyright (c) 1985-2002 Sybase, Inc. All Rights Reserved.
Created on:       22/02/02 17:16:36
Executable Image: lab4.exe
creating a Windows NT character-mode executable


                        +------------+
                        |   Groups   |
                        +------------+

Group                           Address              Size
=====                           =======              ====

.idata                          00415000             00000786
DGROUP                          00416000             17d8b520



                        +--------------+
                        |   Segments   |
                        +--------------+

Segment                Class          Group          Address         Size
=======                =====          =====          =======         ====

BEGTEXT                CODE           AUTO           00401000        00000007
_TEXT                  CODE           AUTO           00401010        000137f8
TRANSFER CODE          CODE           AUTO           00414808        0000019e
.idata                 .idata         .idata         00415000        00000786
_NULL                  BEGDATA        DGROUP         00416000        00000004
_AFTERNULL             BEGDATA        DGROUP         00416004        00000000
CONST                  DATA           DGROUP         00416010        000001b4
_DATA                  DATA           DGROUP         004161d0        000010bc
XIB                    DATA           DGROUP         0041728c        00000000
XI                     DATA           DGROUP         0041728c        0000004e
XIE                    DATA           DGROUP         004172da        00000000
YIB                    DATA           DGROUP         004172da        00000000
YI                     DATA           DGROUP         004172da        00000030
YIE                    DATA           DGROUP         0041730a        00000000
CONST2                 DATA           DGROUP         0041730c        00000000
TIB                    DATA           DGROUP         0041730c        00000000
TI                     DATA           DGROUP         0041730c        00000000
TIE                    DATA           DGROUP         0041730c        00000000
DATA                   DATA           DGROUP         0041730c        00000000
DATA32                 DATA           DGROUP         0041730c        0000011c
PARTITION              PARTITION      DGROUP         00418000        00000004
INTERVAL               INTERVAL       DGROUP         00418010        00000018
CONST32                CONST          DGROUP         00418028        00000000
_BSS                   BSS            DGROUP         00418030        000010f0
GDATA@0                BSS            DGROUP         00419120        17d78400
BSS32                  BSS            DGROUP         18191520        00000000
STACK                  STACK          DGROUP         18191520        00010000


                        +----------------+
                        |   Memory Map   |
                        +----------------+

* = unreferenced symbol
+ = symbol only referenced locally

Address        Symbol
=======        ======

Module: lab4source.obj(C:\FRAN\lab4source.for)
00401010       FMAIN
004010cc+      FUN
0040110c+      READDATA
004011eb+      MAKEPARTITION
0040129c+      GAUSSIANQUADRATURE_1
0040137e+      GAUSSIANQUADRATURE_3
00401501+      SIMPSON
00418000+      PARTITION
00418010+      INTERVAL
Module: C:\WATCOM/lib386/nt\flib7.lib(cowrite)
00401615       RT@IOWrite
00401624*      RT@OutLOG1
00401636*      RT@OutLOG4
00401644*      RT@OutINT1
00401656*      RT@OutINT2
00401666*      RT@OutINT4
00401675*      RT@OutREAL
00401685       RT@OutDBLE
00401695*      RT@OutXTND
004016a5*      RT@OutCPLX
004016bb*      RT@OutDBCX
004016d1*      RT@OutXTCX
004016e7       RT@OutCHAR
004016ec*      RT@OutSTR
004016f1*      RT@PrtArr
004016f6*      RT@PrtChArr
Module: C:\WATCOM/lib386/nt\flib7.lib(cortns)
00416230*      _FRT_SaveESP
00401706*      SwitchToGen
00401724       SwitchToRT
00401742       RdWrCommon
004017e6       IOType_
00401804       IOChar
0040181f       IOStr
00401834       IOArr
0040184f       IOChArr
00401871       RT@EndIO
Module: C:\WATCOM/lib386/nt\flib7.lib(pause.c)
00401890       RT@Pause
00416250*      LG@PAUSE_HOOK
Module: C:\WATCOM/lib386/nt\flib7.lib(setunit.c)
004018e0       RT@SetUnit
Module: C:\WATCOM/lib386/nt\flib7.lib(setfile.c)
00401920       RT@SetFile
Module: C:\WATCOM/lib386/nt\flib7.lib(seterr.c)
00401940       RT@SetErr
Module: C:\WATCOM/lib386/nt\flib7.lib(exopen.c)
00402080       RT@IOOpen
00416254+      _AccModTab
00416264+      _FormTab
00416270+      _OpStatTab
00416284+      _BlnkTab
00416290+      _RecFmTab
004162a0+      _CCtrlTab
004162ac+      _ActionTab
004162bc+      _ShareTab
Module: C:\WATCOM/lib386/nt\flib7.lib(coread)
00402096       RT@IORead
004020a5*      RT@InpLOG1
004020b4*      RT@InpLOG4
004020c3*      RT@InpINT1
004020d2*      RT@InpINT2
004020e1       RT@InpINT4
004020f0*      RT@InpREAL
004020ff       RT@InpDBLE
0040210e*      RT@InpXTND
0040211d*      RT@InpCPLX
0040212c*      RT@InpDBCX
0040213b*      RT@InpXTCX
0040214a*      RT@InpCHAR
0040214f*      RT@InpSTR
00402154*      RT@InpArr
00402159*      RT@InpChArr
Module: C:\WATCOM/lib386/nt\flib7.lib(exclose.c)
00402250       RT@IOClose
Module: C:\WATCOM/lib386/nt\flib7.lib(stop.c)
00402290       RT@Stop
004162e4+      LG@STOP_HOOK
Module: C:\WATCOM/lib386\math387r.lib(sqrt87)
00402300*      sqrt_
00402330       IF@SQRT
00402330*      IF@DSQRT
00402332*      __@DSQRT
Module: C:\WATCOM/lib386/nt\clib3r.lib(cstrtwnt)
00402364       _cstart_
00402364*      mainCRTStartup
Module: C:\WATCOM/lib386/nt\clib3r.lib(_8087)
004162e8       __8087
004162e9       __real87
Module: C:\WATCOM/lib386/nt\emu387.lib(386)
004023c0       __init_387_emulator
004023c1*      __fini_387_emulator
Module: C:\WATCOM/lib386/nt\flib7.lib(initeng.c)
00418030       __init_english
Module: C:\WATCOM/lib386/nt\flib7.lib(initerr.c)
00418034       __init_error
Module: C:\WATCOM/lib386/nt\flib7.lib(exwrite.c)
00402440       DoWrite_
Module: C:\WATCOM/lib386/nt\flib7.lib(setiocb.c)
00402470       RT@SetIOCB
Module: C:\WATCOM/lib386/nt\flib7.lib(rdata.c)
00418040       _IORslt
00418050       _FmtBuff
00418054*      _Fmt_revert
00418058*      _Fmt_start
0041805c*      _Fmt_paren_level
00418060*      _Fmt_charptr
00418064*      _FmtEmStruct
00418068       _IOTypeRtn
0041806c*      _Fmt_end
00418070*      _Fmt_rep_spec
00418074       _FmtRoutine
00418078       _IOCB
0041807c       _Files
00418080*      _Fmt_delimited
Module: C:\WATCOM/lib386/nt\flib7.lib(iomain.c)
00402500       __ReleaseIOSys_
00402520       IOMain_
Module: C:\WATCOM/lib386/nt\clib3r.lib(crwdata)
00416330       __osmajor
00416331       __osminor
00416332       __osbuild
00416334       __osver
00416338       __winmajor
0041633c       __winminor
00416340       __winver
004162fc       __LpDllName
00416300       __LpwCmdLine
00416304       __LpwPgmName
00416308       __LpwDllName
004162f4       __LpCmdLine
004162f8       __LpPgmName
004162ec*      __dynend
004162f0       __curbrk
0041630c*      __STACKLOW
00416310       __STACKTOP
00416314       __ASTACKSIZ
00416318       __ASTACKPTR
0041631c*      __cbyte
00416320*      __cbyte2
00416324*      __child
0041632a       __Envptr
0041632e*      __Envseg
00416328       __no87
00416344       ___FPE_handler
Module: C:\WATCOM/lib386/nt\flib7.lib(thrdutil.c)
00402730*      __InitMultiThreadIO_
0041634c       ___SwitchStkLow
Module: C:\WATCOM/lib386/nt\flib7.lib(rtinit.c)
00416350       ___FAppType
00416354       __ExceptionInit
00416358       __ExceptionFini
00402750*      __InitFThreadData_
00402790+      RTSysFini_
004027a0       RTSysInit_
00416360       __AccessFIO
00416364       __ReleaseFIO
00416368       __PartialReleaseFIO
00418088       ___FThreadDataOffset
004172aa*      ___fthread_data_size
Module: C:\WATCOM/lib386/nt\flib7.lib(rtsysutl.c)
00402800       GetSysIOInfo_
00402820       GetSysFileInfo_
00402850       IsDevice_
00402a20       OpenAction_
00402a60*      DfltRecType_
00402a80+      _FileAttrs_
00402b40       CloseFile_
00402bb0       Scrtched_
00402bd0       CloseDeleteFile_
00402c20       Errf_
00402c40       FPutBuff_
00402cb0       FGetBuff_
00402d00       SeekFile_
00402d20       NoEOF_
00402d30       SysClearEOF_
00402d40       SameFile_
00402d50*      Rewindf_
00402d70       SysCreateFile_
00402db0       CheckLogicalRecord_
00402dd0       SkipLogicalRecord_
00402df0*      BackSpacef_
00402e20*      EndFilef_
00402e60       GetIOErrMsg_
00402ea0       ReportNExist_
00402ec0       ReportEOF_
00402ed0       WaitForEnter_
Module: C:\WATCOM/lib386/nt\flib7.lib(rterr.c)
0041636c+      _TraceRoutine
00402f00       FlushStdUnit_
00402f50+      WriteErr_
00403020       ErrHandler_
00403060       RTErr_
00416378+      LG@ERR_HOOK
Module: C:\WATCOM/lib386/nt\flib7.lib(stdio.c)
004030a0       StdBuffer_
004030c0       StdWrite_
004031a0       StdFlush_
004031d0       StdWriteNL_
Module: C:\WATCOM/lib386/nt\flib7.lib(rtutls.c)
00403220       FindFtnFile_
00403310       RChkAlloc_
00403340       F_Connect_
004033c0       ConnectFile_
004033d0       GetFileInfo_
004034c0       DiscoFile_
00403530*      ChkFileName_
00403560+      ChkLogFile_
004035a0       ChkIOOperation_
004035e0       GetIOErr_
004035f0       ChkIOErr_
00403610       ChkUnitId_
00403650*      ChkConnected_
00403670       SetEOF_
004036a0       ClearEOF_
004036e0       SysEOF_
00403710       IsFixed_
00403720       IsCarriage_
00403730*      ChkRecordStructure_
00403760*      ChkSequential_
00403780*      ChkExist_
004037b0       StrItem_
Module: C:\WATCOM/lib386/nt\flib7.lib(exutil.c)
00403830       FindKWord_
004038c0*      ClrBuff_
00416784       _SpecId
Module: C:\WATCOM/lib386/nt\flib7.lib(ioerr.c)
00403910       IOErr_
Module: C:\WATCOM/lib386/nt\flib7.lib(runmain.c)
004039a0*      __InitUnit6CC_
004039b0       __DevicesCC_
004039c0*      __InitAllowCommaSeparator_
004039d0       __AllowCommaSep_
004039e0+      _InitIO_
00403a50+      CloseAllFiles_
00403a90*      _FiniEx_
00403a90       RunExit_
00403ad0       RunEntry_
Module: C:\WATCOM/lib386/nt\flib7.lib(rdwr.c)
00403b00       DoOpen_
00403b30+      _AllocBuffer_
00403b70       IOPrologue_
00403db0       UpdateRecNum_
Module: C:\WATCOM/lib386/nt\flib7.lib(exread.c)
00403e70       DoRead_
Module: C:\WATCOM/lib386/nt\clib3r.lib(mainwnt.c)
004167b0       ___TlsIndex
004167b4       ___FirstThreadData
004167b8       ___GetThreadPtr
004167bc       __AccessFileH
004167c0       __ReleaseFileH
004167c4       __AccessIOB
004167c8       __ReleaseIOB
004167cc       __AccessNHeap
004167d0       __AccessFHeap
004167d4       __ReleaseNHeap
00403eb0*      __threadid_
00403ed0+      __sig_null_rtn_
00403ee0+      __NTInit_
004040c0+      __NTFini_
00404120       __NTMainInit_
00404180       __exit_
004167d8       __ReleaseFHeap
004167dc       __AccessTDList
004167e0       __ReleaseTDList
004167e4       __AccessFList
004167e8       __ReleaseFList
004167ec       __ThreadExitRtn
004167f0       ___sig_init_rtn
004167f4       ___sig_fini_rtn
004167f8       ___process_fini
00418098       ___Is_DLL
Module: C:\WATCOM/lib386/nt\flib7.lib(spawn.c)
004041d0       Spawn_
00404230       Suicide_
Module: C:\WATCOM/lib386\math387r.lib(math87e.c)
00404266       __math87_err_
Module: C:\WATCOM/lib386/nt\clib3r.lib(main2wnt.c)
004042e0       __NTMain
Module: C:\WATCOM/lib386/nt\clib3r.lib(segdefns)
00401003       ___begtext
00416000*      __nullarea
0041728c       __Start_XI
004172da       __End_XI
004172da       __Start_YI
0041730a       __End_YI
Module: C:\WATCOM/lib386/nt\clib3r.lib(chk8087.c)
00404360*      _fpreset_
004043a0       __chk8087_
004043b0*      __init_8087_
Module: C:\WATCOM/lib386/nt\flib7.lib(english.c)
00404400       __UseEnglishCharSet_
Module: C:\WATCOM/lib386/nt\flib7.lib(errincl.c)
00404510       __InitError_
004167fc+      _PGroupTable
00416800+      _PErrWord
Module: C:\WATCOM/lib386/nt\flib7.lib(unfmtout.c)
00404610       UnFmtOut_
Module: C:\WATCOM/lib386/nt\flib7.lib(freeout.c)
00404a60       FreeOut_
00416804+      _OutRtn
Module: C:\WATCOM/lib386/nt\flib7.lib(ioinit.c)
00404b50       IOSysInit_
Module: C:\WATCOM/lib386/nt\flib7.lib(rttraps.c)
00404c70       __EnableF77RTExceptionHandling_
00404c80       R_TrapInit_
00404d10       R_TrapFini_
00404d20*      __InitExceptionVectors_
Module: C:\WATCOM/lib386/nt\flib7.lib(errrtns.c)
004186b4       ___ErrorFini
004186b8       ___ErrorInit
004186bc       ___BldErrMsg
Module: C:\WATCOM/lib386/nt\clib3r.lib(nodefwin.c)
0041683c*      __WindowsIsWindowedHandle
00416840*      __WindowsRemoveWindowedHandle
00416844*      __WindowsNewWindow
00416848*      __WindowsCloseWindow
0041684c*      __WindowsSetAbout
00416850*      __WindowsSetAppTitle
00416854*      __WindowsSetConTitle
00416858*      __WindowsDestroyOnClose
0041685c*      __WindowsYieldControl
00416860*      __WindowsShutDown
00416864*      __WindowsStdin
00416868       __WindowsStdout
0041686c*      __WindowsKbhit
00416870*      __WindowsGetch
00416874*      __WindowsGetche
00416878*      __WindowsPutch
00404d40*      _dwShutDown_
00404d40*      _dwYield_
00404d40*      _dwSetConTitle_
00404d40*      _dwSetAppTitle_
00404d40*      _dwSetAboutDlg_
00404d40       _dwDeleteOnClose_
0041687c*      __WindowsExitRtn
004186c0*      __init_default_win
Module: C:\WATCOM/lib386/nt\clib3r.lib(atexit.c)
00404d43       atexit_
Module: C:\WATCOM/lib386/nt\clib3r.lib(regdata.c)
00404da0       __RegisterThreadDataSize_
Module: C:\WATCOM/lib386/nt\clib3r.lib(accsswnt.c)
00404dd0       access_
Module: C:\WATCOM/lib386/nt\clib3r.lib(fullpath.c)
00404e10+      _sys_fullpath_
00404e90       _fullpath_
Module: C:\WATCOM/lib386/nt\flib7.lib(rmemmgr.c)
00404f00       RMemAlloc_
00404f10       RMemFree_
Module: C:\WATCOM/lib386/nt\clib3r.lib(fstatwnt.c)
00404f20       fstat_
Module: C:\WATCOM/lib386/nt\flib7.lib(poserr.c)
00405280       Errorf_
004052a0*      EOFile_
004052c0       ErrorMsg_
00405300       FSetTrunc_
00405310       FSetSysErr_
00405330       FSetErr_
00405350       FSetEof_
00405370       IOOk_
Module: C:\WATCOM/lib386/nt\clib3r.lib(statwnt.c)
00405495       stat_
Module: C:\WATCOM/lib386/nt\flib7.lib(posopen.c)
004056d0       InitStd_
00405790       SetIOBufferSize_
004057b0+      _AllocFile_
004058a0       Openf_
00405990       Closef_
Module: C:\WATCOM/lib386/nt\flib7.lib(posdat.c)
00416a68       _FStdIn
00416a6c       _FStdOut
00416a70       _FStdErr
Module: C:\WATCOM/lib386/nt\flib7.lib(posflush.c)
00405a10       FlushBuffer_
Module: C:\WATCOM/lib386/nt\flib7.lib(posdel.c)
00405ac0       Scratchf_
Module: C:\WATCOM/lib386/nt\flib7.lib(posput.c)
00405ae0       FPutRec_
00405b20       ChopFile_
00405b70*      PutRec_
00405c90       writebytes_
00405d10       SysWrite_
Module: C:\WATCOM/lib386/nt\flib7.lib(posget.c)
00405e50       readbytes_
00405f20       SysRead_
00406390       FGetRec_
004063c0*      GetRec_
004063e0       GetStdChar_
00406430       FCheckLogical_
004064b0       FSkipLogical_
00406580*      FGetVarRecLen_
Module: C:\WATCOM/lib386/nt\flib7.lib(posseek.c)
00406670       FSeekRec_
004066b0       CurrFileOffset_
004066b0       FGetFilePos_
004066d0       SysSeek_
004068c0*      FSeekAbs_
Module: C:\WATCOM/lib386/nt\clib3r.lib(stricmp.c)
004068d0       stricmp_
Module: C:\WATCOM/lib386/nt\flib7.lib(posrew.c)
00406910       FRewind_
Module: C:\WATCOM/lib386/nt\flib7.lib(posback.c)
00406980       FBackspace_
Module: C:\WATCOM/lib386/nt\flib7.lib(postrunc.c)
00406a60       FTruncate_
Module: C:\WATCOM/lib386/nt\clib3r.lib(errno.c)
00406a80       __get_errno_ptr_
00406a90*      __get_doserrno_ptr_
Module: C:\WATCOM/lib386/nt\flib7.lib(errutil.c)
00406aa0       BldErrCode_
00406b00*      MsgFormat_
00406b30*      MsgBuffer_
00416a74+      _PGrpCodes
Module: C:\WATCOM/lib386/nt\clib3r.lib(enterdb.c)
00406b60       __EnterWVIDEO_
00416a78       ___WD_Present
Module: C:\WATCOM/lib386/nt\clib3r.lib(iob.c)
00416a7c       ___iob
00416c84       __fmode
00418748       ___OpenStreams
0041874c       ___ClosedStreams
Module: C:\WATCOM/lib386/nt\clib3r.lib(setmd.c)
00406b90       setmode_
Module: C:\WATCOM/lib386/nt\clib3r.lib(write.c)
00406ed0       write_
Module: C:\WATCOM/lib386/nt\flib7.lib(fdutil.c)
00407130       LocFile_
00407140       LocUnit_
00407170       ExtractInfo_
Module: C:\WATCOM/lib386/nt\flib7.lib(rstdio.c)
004072a0       _InitStandardInput_
004072d0       _InitStandardOutput_
Module: C:\WATCOM/lib386/nt\clib3r.lib(memset.c)
00407300       memset_
Module: C:\WATCOM/lib386/nt\flib7.lib(deffname.c)
00416c88       _DefFName
Module: C:\WATCOM/lib386/nt\flib7.lib(stracc.c)
00407320       TrimStr_
00407360       GetStr_
Module: C:\WATCOM/lib386/nt\clib3r.lib(memicmp.c)
00407390       memicmp_
Module: C:\WATCOM/lib386/nt\flib7.lib(blderr.c)
00407450       Substitute_
00407610       ErrCodOrg_
Module: C:\WATCOM/lib386/nt\flib7.lib(sdfile.c)
00416c90*      _FFCtrlSeq
00416c92*      _SkipCtrlSeq
00416c94       _NormalCtrlSeq
00416c96       _SDTermIn
00416c9a       _SDTermOut
00416c9e*      _SDPrtName
Module: C:\WATCOM/lib386/nt\flib7.lib(unfmtin.c)
00407620       UnFmtIn_
004076c0+      NextUnFmtRec_
Module: C:\WATCOM/lib386/nt\flib7.lib(freein.c)
00407aa0+      GetNum_
00407ca0       FreeIn_
00407cb0*      DoFreeIn_
00407ce0+      BumpComma_
00407d10+      Blanks_
00407d30+      CheckEor_
Module: C:\WATCOM/lib386/nt\clib3r.lib(hdlman.c)
00416ca4+      ___NHandles
00416ca8+      ___OSHandles
00416cac+      ___FakeHandles
00408340+      __growPOSIXHandles_
004083e0       __allocPOSIXHandle_
004084a0       __freePOSIXHandle_
004084c0       __getOSHandle_
004084d0       __setOSHandle_
00408520+      __NTGetFakeHandle_
00408590       __initPOSIXHandles_
00408670*      __set_handles_
00408680*      _grow_handles_
Module: C:\WATCOM/lib386/nt\clib3r.lib(environ.c)
00418750       ___env_mask
00418754       _environ
00418758       __wenviron
Module: C:\WATCOM/lib386/nt\clib3r.lib(getmodfn.c)
004086c0       __lib_GetModuleFileNameW_
Module: C:\WATCOM/lib386/nt\clib3r.lib(strdup.c)
00408760       __clib_strdup_
Module: C:\WATCOM/lib386/nt\clib3r.lib(istable.c)
004087a0       __IsTable
Module: C:\WATCOM/lib386/nt\clib3r.lib(ustrdup.c)
004088a1       __clib_wcsdup_
Module: C:\WATCOM/lib386/nt\clib3r.lib(nfree.c)
004088d0       _nfree_
004088d0       free_
0041875c       ___MiniHeapFreeRover
Module: C:\WATCOM/lib386/nt\clib3r.lib(excptwnt.c)
00409040+      ___ReportException@4
00409490       __DefaultExceptionHandler_
004094d0+      ___ExceptionFilter
004096e0       __NewExceptionFilter_
00409710       __DoneExceptionFilter_
00416cb8       ___oscode_check_func
00416cbc       ___raise_func
00418760*      _sw
00418764       ___ExceptionHandled
00418765+      ___ReportInvoked
Module: C:\WATCOM/lib386/nt\clib3r.lib(stklmwnt.c)
00409750       __init_stack_limits_
Module: C:\WATCOM/lib386/nt\clib3r.lib(initrtns.c)
004097d0       __InitRtns
00409820       __FiniRtns
Module: C:\WATCOM/lib386/nt\clib3r.lib(setjmp)
00409874       _setjmp_
004098ad       longjmp_
Module: C:\WATCOM/lib386/nt\clib3r.lib(exit.c)
00409935+      __null_int23_exit_
00409936       exit_
00409986*      _exit_
00416cd4+      ___int23_exit
00416cd8+      ___FPE_handler_exit
Module: C:\WATCOM/lib386/nt\flib7.lib(_matherr.c)
004099a0*      __imath2err_
004099e0*      __amath1err_
00409a10*      __amath2err_
00409a40       __math2err_
00409b50       __math1err_
00409b60*      __zmath2err_
00409bc0*      __qmath2err_
Module: C:\WATCOM/lib386/nt\clib3r.lib(mthrdini.c)
00409c30       __InitThreadData_
00416cdc       ___ThreadDataSize
Module: C:\WATCOM/lib386/nt\clib3r.lib(cmain386.c)
00409c60       __CMain
Module: C:\WATCOM/lib386/nt\clib3r.lib(dosseg)
00001234       __DOSseg__
Module: C:\WATCOM/lib386/nt\clib3r.lib(8087cw.c)
00416ce0       __8087cw
Module: C:\WATCOM/lib386/nt\clib3r.lib(save8087.c)
00416ce4       ___Save8087
00416ce8       ___Rest8087
Module: C:\WATCOM/lib386/nt\clib3r.lib(init8087)
00409ca4       __x87id
Module: C:\WATCOM/lib386/nt\flib7.lib(csetinfo.c)
00418768       _CharSetInfo
Module: C:\WATCOM/lib386/nt\flib7.lib(errmsg.c)
0040a010       _GroupTable
0040a0c0       _ErrWord
Module: C:\WATCOM/lib386/nt\flib7.lib(wrutils.c)
0040a6f0       F_SendData_
0040a750*      SendLine_
0040a760       SendEOR_
0040a7f0*      SendInt_
0040a820       SendStr_
0040a840+      SendWSLStr_
0040a860       SendChar_
0040a880       Drop_
0040aa40       IOItemResult_
Module: C:\WATCOM/lib386/nt\flib7.lib(unfmtutl.c)
0040aac0       _SizeVars
Module: C:\WATCOM/lib386/nt\flib7.lib(undefcg.c)
0040ab60       OutLogCG_
0040ab70       OutIntCG_
0040abb0+      FmtRealCG_
0040abe0+      FmtDoubleCG_
0040ac10+      FmtExtendedCG_
0040ac40+      UndefIntCG_
0040ac40+      UndefLogCG_
0040ac40+      UndefExtendedCG_
0040ac40+      UndefDoubleCG_
0040ac40+      UndefRealCG_
0040ac50+      GetRealCG_
00416cec       _FmtRealRtn
00416cf0       _FmtDoubleRtn
00416cf4       _FmtExtendedRtn
00416cf8       _SendStrRtn
00416cfc       _UndefRealRtn
00416d00       _UndefDoubleRtn
00416d04       _UndefExtendedRtn
00416d08       _UndefLogRtn
00416d0c       _UndefIntRtn
00416d10       _GetRealRtn
Module: C:\WATCOM/lib386/nt\flib7.lib(cctrl.c)
0040ac60       CheckCCtrl_
Module: C:\WATCOM/lib386/nt\clib3r.lib(signlwnt.c)
00416d14+      __SignalTable
0040acd0+      __SetSignalFunc_
0040ad20+      __GetSignalFunc_
0040ad50+      __GetSignalOSCode_
0040ad80+      __CheckSignalExCode_
0040aec0+      __sigabort_
0040aed0       __sigfpe_handler_
0040af20       signal_
0040afb0+      raise_
0040b020+      __SigInit_
0040b070+      __SigFini_
0040b0b0+      __sig_init_
Module: C:\WATCOM/lib386/nt\flib7.lib(fptraps.c)
0040b190*      __MaskDefaultFPE_
0040b1b0       FPTrapInit_
0040b1e0       FPTrapFini_
Module: C:\WATCOM/lib386/nt\clib3r.lib(trdlist.c)
0040b250       __GetThreadData_
0040b2a0       __ReallocThreadData_
0040b390       __AddThreadData_
0040b410       __RemoveThreadData_
0040b470       __ResizeThreadDataList_
0040b4a0       __FreeThreadDataList_
0040b4d0*      __ActiveThreads_
Module: C:\WATCOM/lib386/nt\clib3r.lib(fgtattr.c)
0040b4f0       __fixed_GetFileAttributesA_
Module: C:\WATCOM/lib386/nt\clib3r.lib(dosret.c)
0040b590*      _dosretax_
0040b5a0*      _dosret0_
0040b5b0       __set_errno_dos_
0040b5e0*      __set_errno_dos_reterr_
0040b5f0       __set_errno_nt_
0040b600*      __set_errno_nt_reterr_
Module: C:\WATCOM/lib386/nt\clib3r.lib(seterrno.c)
0040b614       __set_errno_
0040b622*      __set_EDOM_
0040b630       __set_ERANGE_
0040b63e*      __set_EINVAL_
0040b651       __set_doserrno_
Module: C:\WATCOM/lib386/nt\clib3r.lib(gtcwdwnt.c)
0040b660       getcwd_
Module: C:\WATCOM/lib386/nt\clib3r.lib(nmalloc.c)
0040b6f0       _nmalloc_
0040b6f0       malloc_
00416e84       ___nheapbeg
00416e88       ___MiniHeapRover
00416e8c       ___LargestSizeB4MiniHeapRover
Module: C:\WATCOM/lib386/nt\clib3r.lib(iomode.c)
0040b7f0       __GetIOMode_
0040b810       __SetIOMode_nogrow_
00416e90       ___NFiles
00416e94       ___init_mode
00416ee4       ___io_mode
Module: C:\WATCOM/lib386/nt\clib3r.lib(iomodtty.c)
0040b830       __ChkTTYIOMode_
0040b870       __IOMode_
Module: C:\WATCOM/lib386/nt\clib3r.lib(ntdirinf.c)
0040b890       __MakeDOSDT_
0040b8c0*      __FromDOSDT_
0040b8f0*      __GetNTDirInfo_
0040b930*      __NTFindNextFileWithAttr_
Module: C:\WATCOM/lib386/nt\clib3r.lib(d2ttime.c)
0040b990       _d2ttime_
Module: C:\WATCOM/lib386/nt\clib3r.lib(strerror.c)
0040bd30       strerror_
0040bd50*      _strerror_
0040be20*      _doserror_
00416ee8+      __sys_errlist
00416f8c+      __sys_nerr
Module: C:\WATCOM/lib386/nt\clib3r.lib(_strcmp)
0040be50       strcmp_
Module: C:\WATCOM/lib386/nt\clib3r.lib(mbspbrk.c)
0040bf90       _mbspbrk_
Module: C:\WATCOM/lib386/nt\clib3r.lib(mbsinc.c)
0040bfe0       _mbsinc_
Module: C:\WATCOM/lib386/nt\clib3r.lib(tolower.c)
0040c010       tolower_
Module: C:\WATCOM/lib386/nt\clib3r.lib(stiomode.c)
0040c020       __grow_iomode_
0040c0f0+      __shrink_iomode_
0040c130       __SetIOMode_
Module: C:\WATCOM/lib386/nt\clib3r.lib(close.c)
0040c1a0       close_
Module: C:\WATCOM/lib386/nt\clib3r.lib(openwnt.c)
0040c3c0*      open_
0040c3e0       sopen_
Module: C:\WATCOM/lib386/nt\clib3r.lib(lseek.c)
0040c410       lseek_
Module: C:\WATCOM/lib386/nt\flib7.lib(poscc.c)
0040c460*      __LineFeedWithFormFeed_
0040c470       FSetCC_
Module: C:\WATCOM/lib386/nt\clib3r.lib(unlnkwnt.c)
0040c4d0       unlink_
Module: C:\WATCOM/lib386/nt\clib3r.lib(chsizwnt.c)
0040c550       chsize_
Module: C:\WATCOM/lib386/nt\clib3r.lib(read.c)
0040c640       read_
Module: C:\WATCOM/lib386/nt\flib7.lib(errgrp.c)
0040c7d0       _GrpCodes
Module: C:\WATCOM/lib386/nt\clib3r.lib(initfile.c)
0040c890       __InitFiles_
Module: C:\WATCOM/lib386/nt\clib3r.lib(ioexit.c)
0040c990*      fcloseall_
0040c9a0       __full_io_exit_
Module: C:\WATCOM/lib386/nt\clib3r.lib(stackwnt.c)
0040c9b0       stackavail_
Module: C:\WATCOM/lib386/nt\clib3r.lib(stk)
0040c9c1*      __CHK
0040c9d1*      __STK
0040c9f0       __STKOVERFLOW_
0040ca00*      __GRO
0040ca20*      __alloca_probe
Module: C:\WATCOM/lib386/nt\clib3r.lib(getenv.c)
0040ca40       getenv_
Module: C:\WATCOM/lib386/nt\clib3r.lib(ltoa.c)
0040cad0       ultoa_
0040cb20       ltoa_
Module: C:\WATCOM/lib386/nt\clib3r.lib(__stos)
0040cb50       __STOSB
0040cb87*      __STOSD
Module: C:\WATCOM/lib386/nt\clib3r.lib(memmove.c)
0040cc00       memmove_
Module: C:\WATCOM/lib386/nt\clib3r.lib(itoa.c)
0040cc60       utoa_
0040ccb0       itoa_
Module: C:\WATCOM/lib386/nt\flib7.lib(rdutils.c)
0040cce0       NextRec_
Module: C:\WATCOM/lib386/nt\flib7.lib(arrayio.c)
0040ce80       ArrayIOType_
Module: C:\WATCOM/lib386/nt\clib3r.lib(toupper.c)
0040cf00       toupper_
Module: C:\WATCOM/lib386/nt\flib7.lib(chrutils.c)
0040cf10       JmpBlanks_
Module: C:\WATCOM/lib386/nt\flib7.lib(fmtcnvt.c)
0040cf30       FmtS2I_
0040d060       FmtS2F_
Module: C:\WATCOM/lib386/nt\clib3r.lib(nrealloc.c)
0040d430*      _nrealloc_
0040d430       realloc_
Module: C:\WATCOM/lib386/nt\clib3r.lib(setenvp.c)
0040d4b0       __setenvp_
0040d570       __freeenvp_
Module: C:\WATCOM/lib386/nt\clib3r.lib(ustrlen.c)
0040d5bd       wcslen_
Module: C:\WATCOM/lib386/nt\clib3r.lib(memcpy.c)
0040d5d0       memcpy_
Module: C:\WATCOM/lib386/nt\clib3r.lib(mem.c)
0040d5f0       __MemAllocator
0040d6a0       __MemFree
Module: C:\WATCOM/lib386/nt\clib3r.lib(conutwnt.c)
0040d7f0*      __NTRealKey_
0040d8a0*      __NTConsoleInput_
0040d8b0       __NTConsoleOutput_
Module: C:\WATCOM/lib386/nt\clib3r.lib(fclex387.c)
0040d8c0       _ClearFPE_
Module: C:\WATCOM/lib386/nt\clib3r.lib(ljmphdl.c)
00416fb0       ___longjmp_handler
Module: C:\WATCOM/lib386/nt\clib3r.lib(cinit.c)
0040d8e0       __CommonInit_
Module: C:\WATCOM/lib386/nt\clib3r.lib(___argc.c)
00418888       ____Argc
0041888c       ____Argv
Module: C:\WATCOM/lib386/nt\flib7.lib(rtmain.c)
0040d8f0       main_
Module: C:\WATCOM/lib386/nt\flib7.lib(ifile.c)
0040d910       SendIFBuff_
0040d940       NextIFBuff_
Module: C:\WATCOM/lib386/nt\flib7.lib(expchk.c)
0040d970       ToFFormat_
Module: C:\WATCOM/lib386/nt\flib7.lib(fmtrtns.c)
0040d9c0       R_F2E_
0040db30       R_F2F_
0040dcc0       SetMaxPrec_
Module: C:\WATCOM/lib386/nt\flib7.lib(rfmtlog.c)
0040dce0       R_FmtLog_
Module: C:\WATCOM/lib386/nt\flib7.lib(rfmtutil.c)
0040dd40+      R_ChkType_
0040dd70*      R_NewRec_
0040ddb0*      R_ChkIType_
0040dde0*      R_ChkFType_
0040de10*      R_ChkRecLen_
0040de30+      GetLen_
0040de70*      R_FOStr_
0040de80*      FOString_
0040def0*      R_FIStr_
0040dfb0+      R_FOLog_
0040e000*      R_FILog_
0040e0e0*      R_FIFloat_
0040e2d0       GetReal_
0040e3e0*      R_FOF_
0040e460*      R_FOE_
0040e5a0+      FmtH2B_
0040e690*      R_FIHex_
0040e810*      R_FOHex_
0040e820*      FOHex_
0040e920*      R_FIInt_
0040ea30*      R_FOInt_
0040ec90*      R_FOG_
0040ef10+      ChkBuffLen_
Module: C:\WATCOM/lib386/nt\clib3r.lib(abort.c)
0040ef47*      abort_
0040ef59       __terminate_
00416fb4       ___abort
Module: C:\WATCOM/lib386/nt\clib3r.lib(cntrl87.c)
0040ef70       _control87_
Module: C:\WATCOM/lib386/nt\clib3r.lib(mthread.c)
0040f150+      __CloseSemaphore_
0040f190+      __AccessIOB_
0040f1a0+      __ReleaseIOB_
0040f1b0+      __AccessFileH_
0040f1c0+      __ReleaseFileH_
0040f1d0+      __AccessNHeap_
0040f1e0+      __ReleaseNHeap_
0040f1f0+      __AccessFHeap_
0040f200+      __ReleaseFHeap_
0040f210+      __AccessTDList_
0040f220+      __ReleaseTDList_
0040f230+      __AccessFList_
0040f240+      __AccessSemaphore_
0040f2a0+      __ReleaseFList_
0040f2b0+      __ReleaseSemaphore_
0040f2e0+      __MultipleThread_
0040f330+      __AllocInitThreadData_
0040f380*      __FreeInitThreadData_
0040f390       __NTThreadInit_
0040f400       __NTAddThread_
0040f450       __NTRemoveThread_
0040f4e0       __InitMultipleThread_
00416fb8+      ___AccessSema4
00416fbc+      ___ReleaseSema4
00416fc0+      ___CloseSema4
Module: C:\WATCOM/lib386/nt\clib3r.lib(xmsgwnt.c)
0040f6a0+      __exit_with_msg_
0040f700       __fatal_runtime_error_
Module: C:\WATCOM/lib386/nt\clib3r.lib(calloc.c)
0040f720       calloc_
Module: C:\WATCOM/lib386/nt\clib3r.lib(register.c)
0040f750       __initthread_
0040f760*      _beginthread_
0040f770       _endthread_
0040f780*      __RegisterThreadData_
Module: C:\WATCOM/lib386/nt\clib3r.lib(nmemneed.c)
0040f7d0       __nmemneed_
Module: C:\WATCOM/lib386/nt\clib3r.lib(grownear.c)
0040f940       __ExpandDGROUP_
Module: C:\WATCOM/lib386/nt\clib3r.lib(isattwnt.c)
0040f960       isatty_
Module: C:\WATCOM/lib386/nt\clib3r.lib(strncpy.c)
0040f980       strncpy_
Module: C:\WATCOM/lib386/nt\clib3r.lib(mktime.c)
0040f9c0       mktime_
Module: C:\WATCOM/lib386/nt\clib3r.lib(mbterm.c)
0040fa50       _mbterm_
Module: C:\WATCOM/lib386/nt\clib3r.lib(mbsnextc.c)
0040fa90       _mbsnextc_
Module: C:\WATCOM/lib386/nt\clib3r.lib(mbschr.c)
0040fad0       _mbschr_
Module: C:\WATCOM/lib386/nt\clib3r.lib(mbisdbcs.c)
00418ffc       ___IsDBCS
Module: C:\WATCOM/lib386/nt\clib3r.lib(mbislead.c)
0040fb30*      _ismbblead_
00419000       ___MBCSIsTable
Module: C:\WATCOM/lib386/nt\clib3r.lib(_clsewnt.c)
0040fb50       __close_
Module: C:\WATCOM/lib386/nt\clib3r.lib(ntfio.c)
0040fbb0*      __GetNTCreateAttr_
0040fbf0       __GetNTAccessAttr_
0040fc20       __GetNTShareAttr_
Module: C:\WATCOM/lib386/nt\clib3r.lib(umaskval.c)
00416fd0       ___umaskval
Module: C:\WATCOM/lib386/nt\clib3r.lib(__lseek.c)
0040fc80       __lseek_
Module: C:\WATCOM/lib386/nt\clib3r.lib(fclose.c)
0040fcc0+      __doclose_
0040fd60       __shutdown_stream_
0040fd80*      fclose_
00419104+      ___RmTmpFileFn
Module: C:\WATCOM/lib386/nt\clib3r.lib(freefp.c)
0040fdd0       __freefp_
0040fe20       __purgefp_
Module: C:\WATCOM/lib386/nt\clib3r.lib(mbcupper.c)
0040fe50       _mbctoupper_
Module: C:\WATCOM/lib386/nt\clib3r.lib(alphabet.c)
00416160       ___Alphabet
Module: C:\WATCOM/lib386/nt\flib7.lib(intarith.c)
0040fe80       AddIOFlo_
0040fe90*      SubIOFlo_
0040fea0       MulIOFlo_
Module: C:\WATCOM/lib386\math387r.lib(strtod.c)
004103c3+      __Strtold_
0041052a       strtod_
Module: C:\WATCOM/lib386/nt\clib3r.lib(nmsize.c)
00410670       _nmsize_
00410670*      _msize_
Module: C:\WATCOM/lib386/nt\clib3r.lib(nexpand.c)
00410680       _nexpand_
00410680*      _expand_
004106c0+      __HeapManager_expand_
Module: C:\WATCOM/lib386/nt\clib3r.lib(dofilstr.c)
004108a0       __ParsePosixHandleStr_
Module: C:\WATCOM/lib386/nt\clib3r.lib(clearenv.c)
004109c0       clearenv_
Module: C:\WATCOM/lib386/nt\clib3r.lib(argcv.c)
00419108       __argc
0041910c       __argv
00419110       ___argv
00419114       ___argc
Module: C:\WATCOM/lib386\math387r.lib(ldcvt.c)
00410b2f       _LDScale10x_
004110d6       __LDcvt_
Module: C:\WATCOM/lib386/nt\flib7.lib(flt86.c)
00411530       _P1d100
00411538       _P1d_99
Module: C:\WATCOM/lib386\math387r.lib(pow87)
00411699*      pow_
00411540       IF@DPOW
00411540*      IF@POW
Module: C:\WATCOM/lib386/nt\flib7.lib(hexcnv.c)
004116c0       Hex_
004116e0*      HSToB_
00411750       BToHS_
Module: C:\WATCOM/lib386/nt\clib3r.lib(strupr.c)
004117a0       strupr_
Module: C:\WATCOM/lib386/nt\clib3r.lib(trdalloc.c)
004117c0       __FiniThreadProcessing_
Module: C:\WATCOM/lib386/nt\clib3r.lib(nheapmin.c)
004117d0       _nheapshrink_
004117d0*      _nheapmin_
004117d0*      _heapmin_
004117d0       _heapshrink_
Module: C:\WATCOM/lib386/nt\clib3r.lib(thredwnt.c)
00411970       __CBeginThread_
00411a10       __CEndThread_
Module: C:\WATCOM/lib386/nt\clib3r.lib(amblksiz.c)
0041707c       __amblksiz
Module: C:\WATCOM/lib386/nt\clib3r.lib(heapen.c)
00411a50*      _heapenable_
00417080       ___heap_enabled
Module: C:\WATCOM/lib386/nt\clib3r.lib(locmktim.c)
00411a80       __local_mktime_
Module: C:\WATCOM/lib386/nt\clib3r.lib(gmtime.c)
00411c00       __brktime_
00411d00+      _gmtime_
00411d20*      gmtime_
Module: C:\WATCOM/lib386/nt\clib3r.lib(tzset.c)
00417084       ___start_dst
004170a8       ___end_dst
004171d0*      _tzname
004171d8       _timezone
004171dc       _daylight
004171e0       ___dst_adjust
00411d90*      __DontCacheOSTZ_
00411da0*      __CacheOSTZ_
00412280+      __parse_tz_
00412670       tzset_
Module: C:\WATCOM/lib386/nt\clib3r.lib(timeutil.c)
004127e0       __isindst_
Module: C:\WATCOM/lib386/nt\clib3r.lib(mbconv.c)
00412b10       _mbvtop_
Module: C:\WATCOM/lib386/nt\clib3r.lib(mbclen.c)
00412b30       _mbclen_
Module: C:\WATCOM/lib386/nt\clib3r.lib(mbccmp.c)
00412b60       _mbccmp_
Module: C:\WATCOM/lib386/nt\clib3r.lib(mbinit.c)
00412bd5       __mbinit_
004171e8       ___MBCodePage
Module: C:\WATCOM/lib386/nt\clib3r.lib(flush.c)
00412cd0       __flush_
Module: C:\WATCOM/lib386\math387r.lib(bufld386)
00412dcc       __ZBuf2LD
Module: C:\WATCOM/lib386\math387r.lib(inf_nan.c)
00412e6f*      ___f_infinity
00412e73*      ___f_posqnan
00412e77       ___d_infinity
00412e7f       ___d_posqnan
00412e87*      ___ld_infinity
00412e8f*      ___ld_posqnan
Module: C:\WATCOM/lib386/nt\clib3r.lib(hugeval.c)
00412ea0       __HugeValue
Module: C:\WATCOM/lib386/nt\clib3r.lib(strtol.c)
004130d0*      strtoul_
004130e0       strtol_
Module: C:\WATCOM/lib386/nt\clib3r.lib(putenv.c)
004130f0       putenv_
00413380       __putenv_
Module: C:\WATCOM/lib386/nt\clib3r.lib(initargv.c)
004134f0       __Init_Argv_
00413540+      _getargv_
004136e0       __Fini_Argv_
Module: C:\WATCOM/lib386\math387r.lib(ldclass.c)
004136ee       __LDClass_
0041373e*      _FLClass_
Module: C:\WATCOM/lib386/nt\clib3r.lib(chipvar)
00417278       ___chipbug
00417278       __chipbug
Module: C:\WATCOM/lib386\math387r.lib(pow87e.c)
00413750       __pow87_err_
Module: C:\WATCOM/lib386\math387r.lib(exp87)
0041383f*      exp_
004137d8*      __@DEXP1
004137e0*      IF@EXP
004137e0*      IF@DEXP
004137e2       __@DEXP
Module: C:\WATCOM/lib386/nt\clib3r.lib(chipd32.asm)
00413963       __fdiv_fpr
00413e25*      __fdiv_chk
00413e38*      __fdiv_m32
00413e85*      __fdiv_m64
00413ed2*      __fdiv_m32r
00413f1f*      __fdiv_m64r
Module: C:\WATCOM/lib386/nt\clib3r.lib(leapyear.c)
00413f70       __leapyear_
00416188       ___diyr
004161a2       ___dilyr
Module: C:\WATCOM/lib386/nt\clib3r.lib(wcstombs.c)
00413fb0       wcstombs_
Module: C:\WATCOM/lib386/nt\clib3r.lib(fsync.c)
00414050       fsync_
Module: C:\WATCOM/lib386/nt\clib3r.lib(qwrit.c)
004140a0       __qwrite_
Module: C:\WATCOM/lib386/nt\clib3r.lib(mbslen.c)
00414180       _mbslen_
Module: C:\WATCOM/lib386/nt\clib3r.lib(mbstowcs.c)
004141b0       mbstowcs_
Module: C:\WATCOM/lib386/nt\clib3r.lib(uputenv.c)
00414230*      _wputenv_
00414450       __wputenv_
Module: C:\WATCOM/lib386/nt\clib3r.lib(histsplt.c)
0041911c       ___historical_splitparms
Module: C:\WATCOM/lib386/nt\clib3r.lib(chipbug.c)
00414550       __verify_pentium_fdiv_bug_
Module: C:\WATCOM/lib386/nt\clib3r.lib(wctomb.c)
004145b0       wctomb_
Module: C:\WATCOM/lib386/nt\clib3r.lib(mbtowc.c)
004145f0       mbtowc_
Module: C:\WATCOM/lib386/nt\clib3r.lib(ustrchr.c)
00414680       wcschr_
Module: C:\WATCOM/lib386/nt\clib3r.lib(setenvar.c)
004146a0       __lib_SetEnvironmentVariableW_
Module: C:\WATCOM/lib386/nt\clib3r.lib(crtwenv.c)
00414790       __create_wide_environment_
Module: C:\WATCOM/lib386/nt\clib3r.lib(utoupper.c)
004147f8       towupper_


                        +----------------------+
                        |   Imported Symbols   |
                        +----------------------+

Symbol                              Module
======                              ======

_MessageBoxA@16                     USER32.DLL
_GetEnvironmentStringsA@0           KERNEL32.DLL
_GetVersion@0                       KERNEL32.DLL
_GetModuleFileNameA@12              KERNEL32.DLL
_GetCommandLineA@0                  KERNEL32.DLL
_GetCommandLineW@0                  KERNEL32.DLL
_FreeEnvironmentStringsA@4          KERNEL32.DLL
_GetModuleHandleA@4                 KERNEL32.DLL
_ExitProcess@4                      KERNEL32.DLL
_RtlUnwind@16                       KERNEL32.DLL
_GetFullPathNameA@16                KERNEL32.DLL
_GetFileType@4                      KERNEL32.DLL
_GetFileInformationByHandle@8       KERNEL32.DLL
_GetFileTime@16                     KERNEL32.DLL
_GetFileSize@8                      KERNEL32.DLL
_CreateFileA@28                     KERNEL32.DLL
_CloseHandle@4                      KERNEL32.DLL
_GetLastError@0                     KERNEL32.DLL
_GetDriveTypeA@4                    KERNEL32.DLL
_FindFirstFileA@8                   KERNEL32.DLL
_FindClose@4                        KERNEL32.DLL
_SetFilePointer@16                  KERNEL32.DLL
_WriteFile@20                       KERNEL32.DLL
_SetStdHandle@8                     KERNEL32.DLL
_CreateEventA@16                    KERNEL32.DLL
_GetStdHandle@4                     KERNEL32.DLL
_GetModuleFileNameW@12              KERNEL32.DLL
_MultiByteToWideChar@24             KERNEL32.DLL
_LoadLibraryA@4                     KERNEL32.DLL
_GetProcAddress@8                   KERNEL32.DLL
_SetUnhandledExceptionFilter@4      KERNEL32.DLL
_UnhandledExceptionFilter@4         KERNEL32.DLL
_VirtualQuery@12                    KERNEL32.DLL
_GetCurrentThreadId@0               KERNEL32.DLL
_SetConsoleCtrlHandler@8            KERNEL32.DLL
_TlsGetValue@4                      KERNEL32.DLL
_TlsSetValue@8                      KERNEL32.DLL
_GetFileAttributesA@4               KERNEL32.DLL
_GetCurrentDirectoryA@8             KERNEL32.DLL
_FileTimeToLocalFileTime@8          KERNEL32.DLL
_FileTimeToDosDateTime@12           KERNEL32.DLL
_DosDateTimeToFileTime@12           KERNEL32.DLL
_LocalFileTimeToFileTime@8          KERNEL32.DLL
_FindNextFileA@8                    KERNEL32.DLL
_FormatMessageA@28                  KERNEL32.DLL
_DeleteFileA@4                      KERNEL32.DLL
_SetEndOfFile@4                     KERNEL32.DLL
_ReadFile@20                        KERNEL32.DLL
_InitializeCriticalSection@4        KERNEL32.DLL
_DeleteCriticalSection@4            KERNEL32.DLL
_LeaveCriticalSection@4             KERNEL32.DLL
_EnterCriticalSection@4             KERNEL32.DLL
_SetLastError@4                     KERNEL32.DLL
_TlsAlloc@0                         KERNEL32.DLL
_TlsFree@4                          KERNEL32.DLL
_VirtualAlloc@16                    KERNEL32.DLL
_CharUpperA@4                       USER32.DLL
_VirtualFree@12                     KERNEL32.DLL
_CreateThread@24                    KERNEL32.DLL
_ResumeThread@4                     KERNEL32.DLL
_ExitThread@4                       KERNEL32.DLL
_GetTimeZoneInformation@4           KERNEL32.DLL
_GetACP@0                           KERNEL32.DLL
_GetOEMCP@0                         KERNEL32.DLL
_GetCPInfo@8                        KERNEL32.DLL
_SetEnvironmentVariableA@8          KERNEL32.DLL
_FlushFileBuffers@4                 KERNEL32.DLL
_WideCharToMultiByte@32             KERNEL32.DLL
_SetEnvironmentVariableW@8          KERNEL32.DLL


                        +--------------------+
                        |   Libraries Used   |
                        +--------------------+

C:\WATCOM/lib386/nt\kernel32.lib
C:\WATCOM/lib386/nt\user32.lib
C:\WATCOM/lib386/nt\flib7.lib
C:\WATCOM/lib386\math387r.lib
C:\WATCOM/lib386/nt\clib3r.lib
C:\WATCOM/lib386/nt\emu387.lib


                        +-----------------------+
                        |   Linker Statistics   |
                        +-----------------------+

Stack size:  00010000 (65536.)
Memory size:  17d9f64c (400160332.)
Entry point address: 00402364
Link time: 00:00.00
