Open Watcom Linker Version 1.9
Portions Copyright (c) 1985-2002 Sybase, Inc. All Rights Reserved.
Created on:       21/03/04 10:30:21
Executable Image: noname.exe
creating a Windows NT character-mode executable


                        +------------+
                        |   Groups   |
                        +------------+

Group                           Address              Size
=====                           =======              ====

.idata                          00414000             00000786
DGROUP                          00415000             00013120



                        +--------------+
                        |   Segments   |
                        +--------------+

Segment                Class          Group          Address         Size
=======                =====          =====          =======         ====

BEGTEXT                CODE           AUTO           00401000        00000007
_TEXT                  CODE           AUTO           00401010        00012be0
TRANSFER CODE          CODE           AUTO           00413bf0        0000019e
.idata                 .idata         .idata         00414000        00000786
_NULL                  BEGDATA        DGROUP         00415000        00000004
_AFTERNULL             BEGDATA        DGROUP         00415004        00000000
CONST                  DATA           DGROUP         00415010        00000158
_DATA                  DATA           DGROUP         00415170        00000ff8
XIB                    DATA           DGROUP         00416168        00000000
XI                     DATA           DGROUP         00416168        0000004e
XIE                    DATA           DGROUP         004161b6        00000000
YIB                    DATA           DGROUP         004161b6        00000000
YI                     DATA           DGROUP         004161b6        00000030
YIE                    DATA           DGROUP         004161e6        00000000
CONST2                 DATA           DGROUP         004161e8        00000000
DATA32                 DATA           DGROUP         004161e8        00000134
TIB                    DATA           DGROUP         0041631c        00000000
TI                     DATA           DGROUP         0041631c        00000000
TIE                    DATA           DGROUP         0041631c        00000000
DATA                   DATA           DGROUP         0041631c        00000000
STORAGE                STORAGE        DGROUP         00417000        00000024
CONST32                CONST          DGROUP         00417024        00000000
_BSS                   BSS            DGROUP         00417030        000010f0
BSS32                  BSS            DGROUP         00418120        00000000
STACK                  STACK          DGROUP         00418120        00010000


                        +----------------+
                        |   Memory Map   |
                        +----------------+

* = unreferenced symbol
+ = symbol only referenced locally

Address        Symbol
=======        ======

Module: lab1.obj(C:\FRAN\lab1.for)
00401010+      INPUT
004010ce+      AREA
00401133+      SMALLESTANGLE
004011da+      COSINE
00401230+      MENU
004012a9       FMAIN
00417000+      STORAGE
Module: C:\WATCOM/lib386/nt\flib7.lib(coread)
00401420       RT@IORead
0040142f*      RT@InpLOG1
0040143e*      RT@InpLOG4
0040144d*      RT@InpINT1
0040145c*      RT@InpINT2
0040146b       RT@InpINT4
0040147a       RT@InpREAL
00401489*      RT@InpDBLE
00401498*      RT@InpXTND
004014a7*      RT@InpCPLX
004014b6*      RT@InpDBCX
004014c5*      RT@InpXTCX
004014d4*      RT@InpCHAR
004014d9*      RT@InpSTR
004014de*      RT@InpArr
004014e3*      RT@InpChArr
Module: C:\WATCOM/lib386/nt\flib7.lib(cortns)
004151c0*      _FRT_SaveESP
004014f3*      SwitchToGen
00401511       SwitchToRT
0040152f       RdWrCommon
004015d3       IOType_
004015f1       IOChar
0040160c       IOStr
00401621       IOArr
0040163c       IOChArr
0040165e       RT@EndIO
Module: C:\WATCOM/lib386\math387r.lib(trig87)
004016b5*      sin_
004016a9*      cos_
004016d6*      tan_
00401668       IF@COS
00401668*      IF@DCOS
00401672       IF@SIN
00401672*      IF@DSIN
004016c1*      IF@TAN
004016c1*      IF@DTAN
Module: C:\WATCOM/lib386/nt\flib7.lib(cowrite)
004016e2       RT@IOWrite
004016f1*      RT@OutLOG1
00401703*      RT@OutLOG4
00401711*      RT@OutINT1
00401723*      RT@OutINT2
00401733       RT@OutINT4
00401742       RT@OutREAL
00401752*      RT@OutDBLE
00401762*      RT@OutXTND
00401772*      RT@OutCPLX
00401788*      RT@OutDBCX
0040179e*      RT@OutXTCX
004017b4       RT@OutCHAR
004017b9*      RT@OutSTR
004017be*      RT@PrtArr
004017c3*      RT@PrtChArr
Module: C:\WATCOM/lib386\math387r.lib(fchop87)
004017c8       __CHP
Module: C:\WATCOM/lib386/nt\clib3r.lib(cstrtwnt)
004017e0       _cstart_
004017e0*      mainCRTStartup
Module: C:\WATCOM/lib386/nt\clib3r.lib(_8087)
004151ec       __8087
004151ed       __real87
Module: C:\WATCOM/lib386/nt\emu387.lib(386)
0040183c       __init_387_emulator
0040183d*      __fini_387_emulator
Module: C:\WATCOM/lib386/nt\flib7.lib(initeng.c)
00417030       __init_english
Module: C:\WATCOM/lib386/nt\flib7.lib(initerr.c)
00417034       __init_error
Module: C:\WATCOM/lib386/nt\flib7.lib(exread.c)
004018c0       DoRead_
Module: C:\WATCOM/lib386/nt\flib7.lib(setiocb.c)
004018f0       RT@SetIOCB
Module: C:\WATCOM/lib386/nt\flib7.lib(rdata.c)
00417040       _IORslt
00417050       _FmtBuff
00417054*      _Fmt_revert
00417058*      _Fmt_start
0041705c*      _Fmt_paren_level
00417060*      _Fmt_charptr
00417064*      _FmtEmStruct
00417068       _IOTypeRtn
0041706c*      _Fmt_end
00417070*      _Fmt_rep_spec
00417074       _FmtRoutine
00417078       _IOCB
0041707c       _Files
00417080*      _Fmt_delimited
Module: C:\WATCOM/lib386/nt\flib7.lib(iomain.c)
00401980       __ReleaseIOSys_
004019a0       IOMain_
Module: C:\WATCOM/lib386/nt\clib3r.lib(crwdata)
00415234       __osmajor
00415235       __osminor
00415236       __osbuild
00415238       __osver
0041523c       __winmajor
00415240       __winminor
00415244       __winver
00415200       __LpDllName
00415204       __LpwCmdLine
00415208       __LpwPgmName
0041520c       __LpwDllName
004151f8       __LpCmdLine
004151fc       __LpPgmName
004151f0*      __dynend
004151f4       __curbrk
00415210*      __STACKLOW
00415214       __STACKTOP
00415218       __ASTACKSIZ
0041521c       __ASTACKPTR
00415220*      __cbyte
00415224*      __cbyte2
00415228*      __child
0041522e       __Envptr
00415232*      __Envseg
0041522c       __no87
00415248       ___FPE_handler
Module: C:\WATCOM/lib386/nt\flib7.lib(thrdutil.c)
00401bb0*      __InitMultiThreadIO_
00415250       ___SwitchStkLow
Module: C:\WATCOM/lib386/nt\clib3r.lib(chipvar)
00415254       ___chipbug
00415254       __chipbug
Module: C:\WATCOM/lib386/nt\clib3r.lib(chipt32.asm)
00401bbc       __fptan_chk
Module: C:\WATCOM/lib386/nt\flib7.lib(exwrite.c)
00401ce0       DoWrite_
Module: C:\WATCOM/lib386/nt\clib3r.lib(main2wnt.c)
00401d10       __NTMain
Module: C:\WATCOM/lib386/nt\clib3r.lib(segdefns)
00401003       ___begtext
00415000*      __nullarea
00416168       __Start_XI
004161b6       __End_XI
004161b6       __Start_YI
004161e6       __End_YI
Module: C:\WATCOM/lib386/nt\clib3r.lib(chk8087.c)
00401d90*      _fpreset_
00401dd0       __chk8087_
00401de0*      __init_8087_
Module: C:\WATCOM/lib386/nt\flib7.lib(english.c)
00401e30       __UseEnglishCharSet_
Module: C:\WATCOM/lib386/nt\flib7.lib(errincl.c)
00401f40       __InitError_
00415258+      _PGroupTable
0041525c+      _PErrWord
Module: C:\WATCOM/lib386/nt\flib7.lib(rdwr.c)
00401f60+      DoOpen_
00401f90+      _AllocBuffer_
00401fd0       IOPrologue_
00402210       UpdateRecNum_
Module: C:\WATCOM/lib386/nt\flib7.lib(unfmtin.c)
00402250       UnFmtIn_
004022f0+      NextUnFmtRec_
Module: C:\WATCOM/lib386/nt\flib7.lib(freein.c)
004026d0+      GetNum_
004028d0       FreeIn_
004028e0*      DoFreeIn_
00402910+      BumpComma_
00402940+      Blanks_
00402960+      CheckEor_
Module: C:\WATCOM/lib386/nt\flib7.lib(rtutls.c)
00402f90       FindFtnFile_
00403080       RChkAlloc_
004030b0       F_Connect_
00403130       ConnectFile_
00403140*      GetFileInfo_
00403230       DiscoFile_
004032a0*      ChkFileName_
004032d0+      ChkLogFile_
00403310       ChkIOOperation_
00403350       GetIOErr_
00403360       ChkIOErr_
00403380       ChkUnitId_
004033c0*      ChkConnected_
004033e0       SetEOF_
00403410       ClearEOF_
00403450       SysEOF_
00403480       IsFixed_
00403490       IsCarriage_
004034a0*      ChkRecordStructure_
004034d0*      ChkSequential_
004034f0*      ChkExist_
00403520*      StrItem_
Module: C:\WATCOM/lib386/nt\flib7.lib(rtsysutl.c)
00403550       GetSysIOInfo_
00403570       GetSysFileInfo_
004035a0*      IsDevice_
00403770       OpenAction_
004037b0*      DfltRecType_
004037d0+      _FileAttrs_
00403890       CloseFile_
00403900       Scrtched_
00403920*      CloseDeleteFile_
00403970       Errf_
00403990       FPutBuff_
00403a00       FGetBuff_
00403a50       SeekFile_
00403a70       NoEOF_
00403a80       SysClearEOF_
00403a90*      SameFile_
00403aa0*      Rewindf_
00403ac0*      SysCreateFile_
00403b00       CheckLogicalRecord_
00403b20       SkipLogicalRecord_
00403b40*      BackSpacef_
00403b70*      EndFilef_
00403bb0       GetIOErrMsg_
00403bf0       ReportNExist_
00403c10       ReportEOF_
00403c20*      WaitForEnter_
Module: C:\WATCOM/lib386/nt\flib7.lib(rtinit.c)
00415260       ___FAppType
00415264       __ExceptionInit
00415268       __ExceptionFini
00403c40*      __InitFThreadData_
00403c80+      RTSysFini_
00403c90       RTSysInit_
00415270       __AccessFIO
00415274       __ReleaseFIO
00415278       __PartialReleaseFIO
00417088       ___FThreadDataOffset
00416186*      ___fthread_data_size
Module: C:\WATCOM/lib386/nt\clib3r.lib(mainwnt.c)
0041527c       ___TlsIndex
00415280       ___FirstThreadData
00415284       ___GetThreadPtr
00415288       __AccessFileH
0041528c       __ReleaseFileH
00415290       __AccessIOB
00415294       __ReleaseIOB
00415298       __AccessNHeap
0041529c       __AccessFHeap
004152a0       __ReleaseNHeap
00403d00*      __threadid_
00403d20+      __sig_null_rtn_
00403d30+      __NTInit_
00403f10+      __NTFini_
00403f70       __NTMainInit_
00403fd0       __exit_
004152a4       __ReleaseFHeap
004152a8       __AccessTDList
004152ac       __ReleaseTDList
004152b0       __AccessFList
004152b4       __ReleaseFList
004152b8       __ThreadExitRtn
004152bc       ___sig_init_rtn
004152c0       ___sig_fini_rtn
004152c4       ___process_fini
00417094       ___Is_DLL
Module: C:\WATCOM/lib386/nt\flib7.lib(ioinit.c)
00404030       IOSysInit_
Module: C:\WATCOM/lib386/nt\flib7.lib(rterr.c)
004152cc+      _TraceRoutine
00404080+      FlushStdUnit_
004040d0+      WriteErr_
004041a0       ErrHandler_
004041e0       RTErr_
004152d8+      LG@ERR_HOOK
Module: C:\WATCOM/lib386/nt\flib7.lib(spawn.c)
00404210       Spawn_
00404270       Suicide_
Module: C:\WATCOM/lib386/nt\clib3r.lib(chipbug.c)
004042b0       __verify_pentium_fdiv_bug_
Module: C:\WATCOM/lib386/nt\flib7.lib(unfmtout.c)
004043f0       UnFmtOut_
Module: C:\WATCOM/lib386/nt\flib7.lib(freeout.c)
00404840       FreeOut_
004152dc+      _OutRtn
Module: C:\WATCOM/lib386/nt\clib3r.lib(initrtns.c)
00404930       __InitRtns
00404980       __FiniRtns
Module: C:\WATCOM/lib386/nt\clib3r.lib(mthrdini.c)
004049e0       __InitThreadData_
00415310       ___ThreadDataSize
Module: C:\WATCOM/lib386/nt\clib3r.lib(memset.c)
00404a10       memset_
Module: C:\WATCOM/lib386/nt\clib3r.lib(cmain386.c)
00404a30       __CMain
Module: C:\WATCOM/lib386/nt\clib3r.lib(dosseg)
00001234       __DOSseg__
Module: C:\WATCOM/lib386/nt\clib3r.lib(8087cw.c)
00415314       __8087cw
Module: C:\WATCOM/lib386/nt\clib3r.lib(save8087.c)
00415318       ___Save8087
0041531c       ___Rest8087
Module: C:\WATCOM/lib386/nt\clib3r.lib(init8087)
00404a74       __x87id
Module: C:\WATCOM/lib386/nt\flib7.lib(csetinfo.c)
004176b0       _CharSetInfo
Module: C:\WATCOM/lib386/nt\flib7.lib(errmsg.c)
00404de0       _GroupTable
00404e90       _ErrWord
Module: C:\WATCOM/lib386/nt\flib7.lib(blderr.c)
00405540       Substitute_
00405700       ErrCodOrg_
Module: C:\WATCOM/lib386/nt\flib7.lib(errrtns.c)
004176c4       ___ErrorFini
004176c8       ___ErrorInit
004176cc       ___BldErrMsg
Module: C:\WATCOM/lib386/nt\flib7.lib(sdfile.c)
00415320*      _FFCtrlSeq
00415322*      _SkipCtrlSeq
00415324       _NormalCtrlSeq
00415326       _SDTermIn
0041532a       _SDTermOut
0041532e*      _SDPrtName
Module: C:\WATCOM/lib386/nt\flib7.lib(ioerr.c)
00405740       IOErr_
Module: C:\WATCOM/lib386/nt\flib7.lib(rdutils.c)
004057d0       NextRec_
Module: C:\WATCOM/lib386/nt\flib7.lib(unfmtutl.c)
004058e0       _SizeVars
Module: C:\WATCOM/lib386/nt\clib3r.lib(istable.c)
004058f0       __IsTable
Module: C:\WATCOM/lib386/nt\flib7.lib(arrayio.c)
00405a90       ArrayIOType_
Module: C:\WATCOM/lib386/nt\clib3r.lib(toupper.c)
00405b10       toupper_
Module: C:\WATCOM/lib386/nt\flib7.lib(chrutils.c)
00405b20       JmpBlanks_
Module: C:\WATCOM/lib386/nt\flib7.lib(fmtcnvt.c)
00405b40       FmtS2I_
00405c70       FmtS2F_
Module: C:\WATCOM/lib386/nt\flib7.lib(fdutil.c)
00406040       LocFile_
00406050       LocUnit_
00406080       ExtractInfo_
Module: C:\WATCOM/lib386/nt\flib7.lib(rstdio.c)
004061b0       _InitStandardInput_
004061e0       _InitStandardOutput_
Module: C:\WATCOM/lib386/nt\flib7.lib(rmemmgr.c)
00406210       RMemAlloc_
00406220       RMemFree_
Module: C:\WATCOM/lib386/nt\flib7.lib(deffname.c)
00415334       _DefFName
Module: C:\WATCOM/lib386/nt\flib7.lib(stracc.c)
00406230       TrimStr_
00406270       GetStr_
Module: C:\WATCOM/lib386/nt\clib3r.lib(accsswnt.c)
004062a0       access_
Module: C:\WATCOM/lib386/nt\clib3r.lib(fullpath.c)
004062e0+      _sys_fullpath_
00406360       _fullpath_
Module: C:\WATCOM/lib386/nt\clib3r.lib(fstatwnt.c)
004063d0       fstat_
Module: C:\WATCOM/lib386/nt\flib7.lib(poserr.c)
00406730       Errorf_
00406750*      EOFile_
00406770       ErrorMsg_
004067b0       FSetTrunc_
004067c0       FSetSysErr_
004067e0       FSetErr_
00406800       FSetEof_
00406820       IOOk_
Module: C:\WATCOM/lib386/nt\clib3r.lib(statwnt.c)
00406945       stat_
Module: C:\WATCOM/lib386/nt\flib7.lib(posopen.c)
00406b80       InitStd_
00406c40       SetIOBufferSize_
00406c60+      _AllocFile_
00406d50       Openf_
00406e40       Closef_
Module: C:\WATCOM/lib386/nt\flib7.lib(posdat.c)
00415524       _FStdIn
00415528       _FStdOut
0041552c       _FStdErr
Module: C:\WATCOM/lib386/nt\flib7.lib(posflush.c)
00406ec0       FlushBuffer_
Module: C:\WATCOM/lib386/nt\flib7.lib(posdel.c)
00406f70       Scratchf_
Module: C:\WATCOM/lib386/nt\clib3r.lib(nodefwin.c)
00415530*      __WindowsIsWindowedHandle
00415534*      __WindowsRemoveWindowedHandle
00415538*      __WindowsNewWindow
0041553c*      __WindowsCloseWindow
00415540*      __WindowsSetAbout
00415544*      __WindowsSetAppTitle
00415548*      __WindowsSetConTitle
0041554c*      __WindowsDestroyOnClose
00415550*      __WindowsYieldControl
00415554*      __WindowsShutDown
00415558*      __WindowsStdin
0041555c       __WindowsStdout
00415560*      __WindowsKbhit
00415564*      __WindowsGetch
00415568*      __WindowsGetche
0041556c*      __WindowsPutch
00406f90*      _dwShutDown_
00406f90*      _dwYield_
00406f90*      _dwSetConTitle_
00406f90*      _dwSetAppTitle_
00406f90*      _dwSetAboutDlg_
00406f90       _dwDeleteOnClose_
00415570*      __WindowsExitRtn
004176d0*      __init_default_win
Module: C:\WATCOM/lib386/nt\flib7.lib(posput.c)
00406fa0       FPutRec_
00406fe0       ChopFile_
00407030*      PutRec_
00407150       writebytes_
004071d0       SysWrite_
Module: C:\WATCOM/lib386/nt\flib7.lib(posget.c)
00407310       readbytes_
004073e0       SysRead_
00407850       FGetRec_
00407880*      GetRec_
004078a0       GetStdChar_
004078f0       FCheckLogical_
00407970       FSkipLogical_
00407a40*      FGetVarRecLen_
Module: C:\WATCOM/lib386/nt\flib7.lib(posseek.c)
00407b30       FSeekRec_
00407b70       CurrFileOffset_
00407b70       FGetFilePos_
00407b90       SysSeek_
00407d80*      FSeekAbs_
Module: C:\WATCOM/lib386/nt\clib3r.lib(stricmp.c)
00407d90       stricmp_
Module: C:\WATCOM/lib386/nt\flib7.lib(posrew.c)
00407dd0       FRewind_
Module: C:\WATCOM/lib386/nt\flib7.lib(posback.c)
00407e40       FBackspace_
Module: C:\WATCOM/lib386/nt\flib7.lib(postrunc.c)
00407f20       FTruncate_
Module: C:\WATCOM/lib386/nt\clib3r.lib(errno.c)
00407f40       __get_errno_ptr_
00407f50*      __get_doserrno_ptr_
Module: C:\WATCOM/lib386/nt\flib7.lib(rttraps.c)
00408050       __EnableF77RTExceptionHandling_
00408060       R_TrapInit_
004080f0       R_TrapFini_
00408100*      __InitExceptionVectors_
Module: C:\WATCOM/lib386/nt\clib3r.lib(atexit.c)
00408115       atexit_
Module: C:\WATCOM/lib386/nt\clib3r.lib(regdata.c)
00408170       __RegisterThreadDataSize_
Module: C:\WATCOM/lib386/nt\clib3r.lib(hdlman.c)
00415574+      ___NHandles
00415578+      ___OSHandles
0041557c+      ___FakeHandles
004081a0+      __growPOSIXHandles_
00408240       __allocPOSIXHandle_
00408300       __freePOSIXHandle_
00408320       __getOSHandle_
00408330       __setOSHandle_
00408380+      __NTGetFakeHandle_
004083f0       __initPOSIXHandles_
004084d0*      __set_handles_
004084e0*      _grow_handles_
Module: C:\WATCOM/lib386/nt\clib3r.lib(environ.c)
00417758       ___env_mask
0041775c       _environ
00417760       __wenviron
Module: C:\WATCOM/lib386/nt\clib3r.lib(getmodfn.c)
00408520       __lib_GetModuleFileNameW_
Module: C:\WATCOM/lib386/nt\clib3r.lib(strdup.c)
004085c0       __clib_strdup_
Module: C:\WATCOM/lib386/nt\clib3r.lib(ustrdup.c)
00408600       __clib_wcsdup_
Module: C:\WATCOM/lib386/nt\clib3r.lib(nfree.c)
00408630       _nfree_
00408630       free_
00417764       ___MiniHeapFreeRover
Module: C:\WATCOM/lib386/nt\clib3r.lib(excptwnt.c)
00408da0+      ___ReportException@4
004091f0       __DefaultExceptionHandler_
00409230+      ___ExceptionFilter
00409440       __NewExceptionFilter_
00409470       __DoneExceptionFilter_
00415588       ___oscode_check_func
0041558c       ___raise_func
00417768*      _sw
0041776c       ___ExceptionHandled
0041776d+      ___ReportInvoked
Module: C:\WATCOM/lib386/nt\clib3r.lib(stklmwnt.c)
004094b0       __init_stack_limits_
Module: C:\WATCOM/lib386/nt\flib7.lib(runmain.c)
00409520*      __InitUnit6CC_
00409530       __DevicesCC_
00409540*      __InitAllowCommaSeparator_
00409550       __AllowCommaSep_
00409560+      _InitIO_
004095d0+      CloseAllFiles_
00409610*      _FiniEx_
00409610       RunExit_
00409650       RunEntry_
Module: C:\WATCOM/lib386/nt\flib7.lib(errutil.c)
00409680       BldErrCode_
004096e0*      MsgFormat_
00409710*      MsgBuffer_
004155a8+      _PGrpCodes
Module: C:\WATCOM/lib386/nt\clib3r.lib(enterdb.c)
00409740       __EnterWVIDEO_
004155ac       ___WD_Present
Module: C:\WATCOM/lib386/nt\flib7.lib(stdio.c)
00409780       StdBuffer_
004097a0+      StdWrite_
00409880       StdFlush_
004098b0       StdWriteNL_
Module: C:\WATCOM/lib386/nt\clib3r.lib(setjmp)
004098d8       _setjmp_
00409911       longjmp_
Module: C:\WATCOM/lib386/nt\clib3r.lib(exit.c)
00409999+      __null_int23_exit_
0040999a       exit_
004099ea*      _exit_
004159b8+      ___int23_exit
004159bc+      ___FPE_handler_exit
Module: C:\WATCOM/lib386/nt\flib7.lib(wrutils.c)
00409a00       F_SendData_
00409a60*      SendLine_
00409a70       SendEOR_
00409b00*      SendInt_
00409b30       SendStr_
00409b50+      SendWSLStr_
00409b70       SendChar_
00409b90       Drop_
00409d50       IOItemResult_
Module: C:\WATCOM/lib386/nt\flib7.lib(undefcg.c)
00409e60       OutLogCG_
00409e70       OutIntCG_
00409eb0+      FmtRealCG_
00409ee0+      FmtDoubleCG_
00409f10+      FmtExtendedCG_
00409f40+      UndefIntCG_
00409f40+      UndefLogCG_
00409f40+      UndefExtendedCG_
00409f40+      UndefDoubleCG_
00409f40+      UndefRealCG_
00409f50+      GetRealCG_
004159c0       _FmtRealRtn
004159c4       _FmtDoubleRtn
004159c8       _FmtExtendedRtn
004159cc       _SendStrRtn
004159d0       _UndefRealRtn
004159d4       _UndefDoubleRtn
004159d8       _UndefExtendedRtn
004159dc       _UndefLogRtn
004159e0       _UndefIntRtn
004159e4       _GetRealRtn
Module: C:\WATCOM/lib386/nt\flib7.lib(cctrl.c)
00409f60       CheckCCtrl_
Module: C:\WATCOM/lib386/nt\clib3r.lib(__stos)
00409fd0       __STOSB
0040a007*      __STOSD
Module: C:\WATCOM/lib386/nt\clib3r.lib(cinit.c)
0040a080       __CommonInit_
Module: C:\WATCOM/lib386/nt\clib3r.lib(___argc.c)
00417774       ____Argc
00417778       ____Argv
Module: C:\WATCOM/lib386/nt\flib7.lib(rtmain.c)
0040a090       main_
Module: C:\WATCOM/lib386/nt\clib3r.lib(memmove.c)
0040a0b0       memmove_
Module: C:\WATCOM/lib386/nt\clib3r.lib(itoa.c)
0040a110       utoa_
0040a160       itoa_
Module: C:\WATCOM/lib386/nt\clib3r.lib(ltoa.c)
0040a190       ultoa_
0040a1e0       ltoa_
Module: C:\WATCOM/lib386/nt\flib7.lib(ifile.c)
0040a210       SendIFBuff_
0040a240       NextIFBuff_
Module: C:\WATCOM/lib386/nt\flib7.lib(intarith.c)
0040a270       AddIOFlo_
0040a280*      SubIOFlo_
0040a290       MulIOFlo_
Module: C:\WATCOM/lib386/nt\clib3r.lib(tolower.c)
0040a2a0       tolower_
Module: C:\WATCOM/lib386\math387r.lib(strtod.c)
0040a7c2+      __Strtold_
0040a929       strtod_
Module: C:\WATCOM/lib386/nt\clib3r.lib(getenv.c)
0040aa70       getenv_
Module: C:\WATCOM/lib386/nt\clib3r.lib(nmalloc.c)
0040ab00       _nmalloc_
0040ab00       malloc_
004159e8       ___nheapbeg
004159ec       ___MiniHeapRover
004159f0       ___LargestSizeB4MiniHeapRover
Module: C:\WATCOM/lib386/nt\clib3r.lib(fgtattr.c)
0040ac00       __fixed_GetFileAttributesA_
Module: C:\WATCOM/lib386/nt\clib3r.lib(dosret.c)
0040aca0*      _dosretax_
0040acb0*      _dosret0_
0040acc0       __set_errno_dos_
0040acf0*      __set_errno_dos_reterr_
0040ad00       __set_errno_nt_
0040ad10*      __set_errno_nt_reterr_
Module: C:\WATCOM/lib386/nt\clib3r.lib(seterrno.c)
0040ad24       __set_errno_
0040ad32*      __set_EDOM_
0040ad40       __set_ERANGE_
0040ad4e*      __set_EINVAL_
0040ad61       __set_doserrno_
Module: C:\WATCOM/lib386/nt\clib3r.lib(gtcwdwnt.c)
0040ad70       getcwd_
Module: C:\WATCOM/lib386/nt\clib3r.lib(iomode.c)
0040ae00       __GetIOMode_
0040ae20       __SetIOMode_nogrow_
00415af8       ___NFiles
00415afc       ___init_mode
00415b4c       ___io_mode
Module: C:\WATCOM/lib386/nt\clib3r.lib(iomodtty.c)
0040ae40       __ChkTTYIOMode_
0040ae80       __IOMode_
Module: C:\WATCOM/lib386/nt\clib3r.lib(ntdirinf.c)
0040aea0       __MakeDOSDT_
0040aed0*      __FromDOSDT_
0040af00*      __GetNTDirInfo_
0040af40*      __NTFindNextFileWithAttr_
Module: C:\WATCOM/lib386/nt\clib3r.lib(d2ttime.c)
0040afa0       _d2ttime_
Module: C:\WATCOM/lib386/nt\clib3r.lib(strerror.c)
0040b340       strerror_
0040b360*      _strerror_
0040b430*      _doserror_
00415b50+      __sys_errlist
00415bf4+      __sys_nerr
Module: C:\WATCOM/lib386/nt\clib3r.lib(_strcmp)
0040b460       strcmp_
Module: C:\WATCOM/lib386/nt\clib3r.lib(mbspbrk.c)
0040b5a0       _mbspbrk_
Module: C:\WATCOM/lib386/nt\clib3r.lib(mbsinc.c)
0040b5f0       _mbsinc_
Module: C:\WATCOM/lib386/nt\clib3r.lib(stiomode.c)
0040b620       __grow_iomode_
0040b6f0+      __shrink_iomode_
0040b730       __SetIOMode_
Module: C:\WATCOM/lib386/nt\clib3r.lib(close.c)
0040b7a0       close_
Module: C:\WATCOM/lib386/nt\clib3r.lib(openwnt.c)
0040b9c0*      open_
0040b9e0       sopen_
Module: C:\WATCOM/lib386/nt\clib3r.lib(lseek.c)
0040ba10       lseek_
Module: C:\WATCOM/lib386/nt\flib7.lib(poscc.c)
0040ba60*      __LineFeedWithFormFeed_
0040ba70       FSetCC_
Module: C:\WATCOM/lib386/nt\clib3r.lib(write.c)
0040bd20       write_
Module: C:\WATCOM/lib386/nt\clib3r.lib(unlnkwnt.c)
0040bf80       unlink_
Module: C:\WATCOM/lib386/nt\clib3r.lib(chsizwnt.c)
0040c000       chsize_
Module: C:\WATCOM/lib386/nt\clib3r.lib(read.c)
0040c0f0       read_
Module: C:\WATCOM/lib386/nt\clib3r.lib(signlwnt.c)
00415c00+      __SignalTable
0040c280+      __SetSignalFunc_
0040c2d0+      __GetSignalFunc_
0040c300+      __GetSignalOSCode_
0040c330+      __CheckSignalExCode_
0040c470+      __sigabort_
0040c480       __sigfpe_handler_
0040c4d0       signal_
0040c560+      raise_
0040c5d0+      __SigInit_
0040c620+      __SigFini_
0040c660+      __sig_init_
Module: C:\WATCOM/lib386/nt\flib7.lib(fptraps.c)
0040c740*      __MaskDefaultFPE_
0040c760       FPTrapInit_
0040c790       FPTrapFini_
Module: C:\WATCOM/lib386/nt\clib3r.lib(trdlist.c)
0040c800       __GetThreadData_
0040c850       __ReallocThreadData_
0040c940       __AddThreadData_
0040c9c0       __RemoveThreadData_
0040ca20       __ResizeThreadDataList_
0040ca50       __FreeThreadDataList_
0040ca80*      __ActiveThreads_
Module: C:\WATCOM/lib386/nt\clib3r.lib(nrealloc.c)
0040caa0*      _nrealloc_
0040caa0       realloc_
Module: C:\WATCOM/lib386/nt\clib3r.lib(setenvp.c)
0040cb20       __setenvp_
0040cbe0       __freeenvp_
Module: C:\WATCOM/lib386/nt\clib3r.lib(ustrlen.c)
0040cc2d       wcslen_
Module: C:\WATCOM/lib386/nt\clib3r.lib(memcpy.c)
0040cc40       memcpy_
Module: C:\WATCOM/lib386/nt\clib3r.lib(mem.c)
0040cc60       __MemAllocator
0040cd10       __MemFree
Module: C:\WATCOM/lib386/nt\clib3r.lib(conutwnt.c)
0040ce60*      __NTRealKey_
0040cf10*      __NTConsoleInput_
0040cf20       __NTConsoleOutput_
Module: C:\WATCOM/lib386/nt\clib3r.lib(fclex387.c)
0040cf30       _ClearFPE_
Module: C:\WATCOM/lib386/nt\flib7.lib(errgrp.c)
0040cf40       _GrpCodes
Module: C:\WATCOM/lib386/nt\clib3r.lib(iob.c)
00415c74       ___iob
00415e7c       __fmode
00417888       ___OpenStreams
0041788c       ___ClosedStreams
Module: C:\WATCOM/lib386/nt\clib3r.lib(setmd.c)
0040cfd0       setmode_
Module: C:\WATCOM/lib386/nt\clib3r.lib(ljmphdl.c)
00415e80       ___longjmp_handler
Module: C:\WATCOM/lib386/nt\flib7.lib(expchk.c)
0040d0d0       ToFFormat_
Module: C:\WATCOM/lib386/nt\flib7.lib(fmtrtns.c)
0040d120       R_F2E_
0040d290       R_F2F_
0040d420       SetMaxPrec_
Module: C:\WATCOM/lib386/nt\flib7.lib(rfmtlog.c)
0040d440       R_FmtLog_
Module: C:\WATCOM/lib386/nt\flib7.lib(rfmtutil.c)
0040d4a0+      R_ChkType_
0040d4d0*      R_NewRec_
0040d510*      R_ChkIType_
0040d540*      R_ChkFType_
0040d570*      R_ChkRecLen_
0040d590+      GetLen_
0040d5d0*      R_FOStr_
0040d5e0*      FOString_
0040d650*      R_FIStr_
0040d710+      R_FOLog_
0040d760*      R_FILog_
0040d840*      R_FIFloat_
0040da30       GetReal_
0040db40*      R_FOF_
0040dbc0*      R_FOE_
0040dd00+      FmtH2B_
0040ddf0*      R_FIHex_
0040df70*      R_FOHex_
0040df80*      FOHex_
0040e080*      R_FIInt_
0040e190*      R_FOInt_
0040e3f0*      R_FOG_
0040e670+      ChkBuffLen_
Module: C:\WATCOM/lib386/nt\clib3r.lib(argcv.c)
00417890       __argc
00417894       __argv
00417898       ___argv
0041789c       ___argc
Module: C:\WATCOM/lib386/nt\clib3r.lib(alphabet.c)
0041510c       ___Alphabet
Module: C:\WATCOM/lib386\math387r.lib(bufld386)
0040e6a0       __ZBuf2LD
Module: C:\WATCOM/lib386\math387r.lib(ldcvt.c)
0040e822       _LDScale10x_
0040edc9       __LDcvt_
Module: C:\WATCOM/lib386\math387r.lib(inf_nan.c)
0040f216*      ___f_infinity
0040f21a*      ___f_posqnan
0040f21e       ___d_infinity
0040f226       ___d_posqnan
0040f22e*      ___ld_infinity
0040f236*      ___ld_posqnan
Module: C:\WATCOM/lib386/nt\clib3r.lib(hugeval.c)
0040f240       __HugeValue
Module: C:\WATCOM/lib386/nt\clib3r.lib(mbterm.c)
0040f250       _mbterm_
Module: C:\WATCOM/lib386/nt\clib3r.lib(mbsnextc.c)
0040f290       _mbsnextc_
Module: C:\WATCOM/lib386/nt\clib3r.lib(mbcupper.c)
0040f2d0       _mbctoupper_
Module: C:\WATCOM/lib386/nt\clib3r.lib(nmemneed.c)
0040f300       __nmemneed_
Module: C:\WATCOM/lib386/nt\clib3r.lib(grownear.c)
0040f470       __ExpandDGROUP_
Module: C:\WATCOM/lib386/nt\clib3r.lib(isattwnt.c)
0040f490       isatty_
Module: C:\WATCOM/lib386/nt\clib3r.lib(strncpy.c)
0040f4b0       strncpy_
Module: C:\WATCOM/lib386/nt\clib3r.lib(mktime.c)
0040f4f0       mktime_
Module: C:\WATCOM/lib386/nt\clib3r.lib(mbschr.c)
0040f580       _mbschr_
Module: C:\WATCOM/lib386/nt\clib3r.lib(mbisdbcs.c)
004178a0       ___IsDBCS
Module: C:\WATCOM/lib386/nt\clib3r.lib(mbislead.c)
0040f5e0*      _ismbblead_
004178a4       ___MBCSIsTable
Module: C:\WATCOM/lib386/nt\clib3r.lib(_clsewnt.c)
0040f600       __close_
Module: C:\WATCOM/lib386/nt\clib3r.lib(ntfio.c)
0040f660*      __GetNTCreateAttr_
0040f6a0       __GetNTAccessAttr_
0040f6d0       __GetNTShareAttr_
Module: C:\WATCOM/lib386/nt\clib3r.lib(umaskval.c)
00415f2c       ___umaskval
Module: C:\WATCOM/lib386/nt\clib3r.lib(__lseek.c)
0040f730       __lseek_
Module: C:\WATCOM/lib386/nt\clib3r.lib(stackwnt.c)
0040f770       stackavail_
Module: C:\WATCOM/lib386/nt\clib3r.lib(stk)
0040f781*      __CHK
0040f791*      __STK
0040f7b0       __STKOVERFLOW_
0040f7c0*      __GRO
0040f7e0*      __alloca_probe
Module: C:\WATCOM/lib386/nt\clib3r.lib(abort.c)
0040f809*      abort_
0040f81b       __terminate_
00415f40       ___abort
Module: C:\WATCOM/lib386/nt\clib3r.lib(cntrl87.c)
0040f830       _control87_
Module: C:\WATCOM/lib386/nt\clib3r.lib(mthread.c)
0040fa10+      __CloseSemaphore_
0040fa50+      __AccessIOB_
0040fa60+      __ReleaseIOB_
0040fa70+      __AccessFileH_
0040fa80+      __ReleaseFileH_
0040fa90+      __AccessNHeap_
0040faa0+      __ReleaseNHeap_
0040fab0+      __AccessFHeap_
0040fac0+      __ReleaseFHeap_
0040fad0+      __AccessTDList_
0040fae0+      __ReleaseTDList_
0040faf0+      __AccessFList_
0040fb00+      __AccessSemaphore_
0040fb60+      __ReleaseFList_
0040fb70+      __ReleaseSemaphore_
0040fba0+      __MultipleThread_
0040fbf0+      __AllocInitThreadData_
0040fc40*      __FreeInitThreadData_
0040fc50       __NTThreadInit_
0040fcc0       __NTAddThread_
0040fd10       __NTRemoveThread_
0040fda0       __InitMultipleThread_
00415f44+      ___AccessSema4
00415f48+      ___ReleaseSema4
00415f4c+      ___CloseSema4
Module: C:\WATCOM/lib386/nt\clib3r.lib(xmsgwnt.c)
0040ff60+      __exit_with_msg_
0040ffc0       __fatal_runtime_error_
Module: C:\WATCOM/lib386/nt\clib3r.lib(calloc.c)
0040ffe0       calloc_
Module: C:\WATCOM/lib386/nt\clib3r.lib(register.c)
00410010       __initthread_
00410020*      _beginthread_
00410030       _endthread_
00410040*      __RegisterThreadData_
Module: C:\WATCOM/lib386/nt\clib3r.lib(nmsize.c)
00410090       _nmsize_
00410090*      _msize_
Module: C:\WATCOM/lib386/nt\clib3r.lib(nexpand.c)
004100a0       _nexpand_
004100a0*      _expand_
004100e0+      __HeapManager_expand_
Module: C:\WATCOM/lib386/nt\clib3r.lib(dofilstr.c)
004102c0       __ParsePosixHandleStr_
Module: C:\WATCOM/lib386/nt\clib3r.lib(clearenv.c)
004103e0       clearenv_
Module: C:\WATCOM/lib386/nt\clib3r.lib(initfile.c)
004104a0       __InitFiles_
Module: C:\WATCOM/lib386/nt\clib3r.lib(ioexit.c)
004105a0*      fcloseall_
004105b0       __full_io_exit_
Module: C:\WATCOM/lib386/nt\flib7.lib(flt86.c)
004105c0       _P1d100
004105c8       _P1d_99
Module: C:\WATCOM/lib386\math387r.lib(pow87)
00410729*      pow_
004105d0       IF@DPOW
004105d0*      IF@POW
Module: C:\WATCOM/lib386/nt\flib7.lib(hexcnv.c)
00410750       Hex_
00410770*      HSToB_
004107e0       BToHS_
Module: C:\WATCOM/lib386/nt\clib3r.lib(strupr.c)
00410830       strupr_
Module: C:\WATCOM/lib386/nt\clib3r.lib(initargv.c)
00410850       __Init_Argv_
004108a0+      _getargv_
00410a40       __Fini_Argv_
Module: C:\WATCOM/lib386\math387r.lib(ldclass.c)
00410a4e       __LDClass_
00410a9e*      _FLClass_
Module: C:\WATCOM/lib386/nt\clib3r.lib(mbconv.c)
00410ab0       _mbvtop_
Module: C:\WATCOM/lib386/nt\clib3r.lib(amblksiz.c)
00415f5c       __amblksiz
Module: C:\WATCOM/lib386/nt\clib3r.lib(heapen.c)
00410ad0*      _heapenable_
00415f60       ___heap_enabled
Module: C:\WATCOM/lib386/nt\clib3r.lib(nheapmin.c)
00410b00       _nheapshrink_
00410b00*      _nheapmin_
00410b00*      _heapmin_
00410b00       _heapshrink_
Module: C:\WATCOM/lib386/nt\clib3r.lib(locmktim.c)
00410bf0       __local_mktime_
Module: C:\WATCOM/lib386/nt\clib3r.lib(gmtime.c)
00410d70       __brktime_
00410e70+      _gmtime_
00410e90*      gmtime_
Module: C:\WATCOM/lib386/nt\clib3r.lib(tzset.c)
00415f64       ___start_dst
00415f88       ___end_dst
004160b0*      _tzname
004160b8       _timezone
004160bc       _daylight
004160c0       ___dst_adjust
00410f00*      __DontCacheOSTZ_
00410f10*      __CacheOSTZ_
004113f0+      __parse_tz_
004117e0       tzset_
Module: C:\WATCOM/lib386/nt\clib3r.lib(timeutil.c)
00411950       __isindst_
Module: C:\WATCOM/lib386/nt\clib3r.lib(mbclen.c)
00411c80       _mbclen_
Module: C:\WATCOM/lib386/nt\clib3r.lib(mbccmp.c)
00411cb0       _mbccmp_
Module: C:\WATCOM/lib386/nt\clib3r.lib(mbinit.c)
00411d25       __mbinit_
004160c8       ___MBCodePage
Module: C:\WATCOM/lib386/nt\clib3r.lib(trdalloc.c)
00411e20       __FiniThreadProcessing_
Module: C:\WATCOM/lib386/nt\clib3r.lib(thredwnt.c)
00411ee0       __CBeginThread_
00411f80       __CEndThread_
Module: C:\WATCOM/lib386/nt\clib3r.lib(strtol.c)
004121e0*      strtoul_
004121f0       strtol_
Module: C:\WATCOM/lib386/nt\clib3r.lib(putenv.c)
00412200       putenv_
00412490       __putenv_
Module: C:\WATCOM/lib386/nt\clib3r.lib(fclose.c)
00412600+      __doclose_
004126a0       __shutdown_stream_
004126c0*      fclose_
00418118+      ___RmTmpFileFn
Module: C:\WATCOM/lib386/nt\clib3r.lib(freefp.c)
00412710       __freefp_
00412760       __purgefp_
Module: C:\WATCOM/lib386\math387r.lib(pow87e.c)
0041278e       __pow87_err_
Module: C:\WATCOM/lib386\math387r.lib(exp87)
0041287b*      exp_
00412814*      __@DEXP1
0041281c*      IF@EXP
0041281c*      IF@DEXP
0041281e       __@DEXP
Module: C:\WATCOM/lib386/nt\clib3r.lib(chipd32.asm)
0041299f       __fdiv_fpr
00412e61*      __fdiv_chk
00412e74*      __fdiv_m32
00412ec1*      __fdiv_m64
00412f0e*      __fdiv_m32r
00412f5b*      __fdiv_m64r
Module: C:\WATCOM/lib386/nt\clib3r.lib(histsplt.c)
0041811c       ___historical_splitparms
Module: C:\WATCOM/lib386/nt\clib3r.lib(leapyear.c)
00412fb0       __leapyear_
00415134       ___diyr
0041514e       ___dilyr
Module: C:\WATCOM/lib386/nt\clib3r.lib(wcstombs.c)
00412ff0       wcstombs_
Module: C:\WATCOM/lib386/nt\clib3r.lib(mbslen.c)
00413090       _mbslen_
Module: C:\WATCOM/lib386/nt\clib3r.lib(mbstowcs.c)
004130c0       mbstowcs_
Module: C:\WATCOM/lib386/nt\clib3r.lib(uputenv.c)
00413140*      _wputenv_
00413360       __wputenv_
Module: C:\WATCOM/lib386/nt\clib3r.lib(flush.c)
00413460       __flush_
Module: C:\WATCOM/lib386/nt\flib7.lib(_matherr.c)
00413560*      __imath2err_
004135a0*      __amath1err_
004135d0*      __amath2err_
00413600       __math2err_
00413710       __math1err_
00413720*      __zmath2err_
00413780*      __qmath2err_
Module: C:\WATCOM/lib386\math387r.lib(math87e.c)
004137e6       __math87_err_
Module: C:\WATCOM/lib386/nt\clib3r.lib(wctomb.c)
00413860       wctomb_
Module: C:\WATCOM/lib386/nt\clib3r.lib(mbtowc.c)
004138a0       mbtowc_
Module: C:\WATCOM/lib386/nt\clib3r.lib(ustrchr.c)
00413930       wcschr_
Module: C:\WATCOM/lib386/nt\clib3r.lib(setenvar.c)
00413950       __lib_SetEnvironmentVariableW_
Module: C:\WATCOM/lib386/nt\clib3r.lib(crtwenv.c)
00413a40       __create_wide_environment_
Module: C:\WATCOM/lib386/nt\clib3r.lib(utoupper.c)
00413aa8       towupper_
Module: C:\WATCOM/lib386/nt\clib3r.lib(fsync.c)
00413ac0       fsync_
Module: C:\WATCOM/lib386/nt\clib3r.lib(qwrit.c)
00413b10       __qwrite_


                        +----------------------+
                        |   Imported Symbols   |
                        +----------------------+

Symbol                              Module
======                              ======

_GetEnvironmentStringsA@0           KERNEL32.DLL
_GetVersion@0                       KERNEL32.DLL
_GetModuleFileNameA@12              KERNEL32.DLL
_GetCommandLineA@0                  KERNEL32.DLL
_GetCommandLineW@0                  KERNEL32.DLL
_FreeEnvironmentStringsA@4          KERNEL32.DLL
_GetModuleHandleA@4                 KERNEL32.DLL
_ExitProcess@4                      KERNEL32.DLL
_RtlUnwind@16                       KERNEL32.DLL
_GetCurrentThreadId@0               KERNEL32.DLL
_GetFullPathNameA@16                KERNEL32.DLL
_GetFileType@4                      KERNEL32.DLL
_GetFileInformationByHandle@8       KERNEL32.DLL
_GetFileTime@16                     KERNEL32.DLL
_GetFileSize@8                      KERNEL32.DLL
_CreateFileA@28                     KERNEL32.DLL
_CloseHandle@4                      KERNEL32.DLL
_GetLastError@0                     KERNEL32.DLL
_GetDriveTypeA@4                    KERNEL32.DLL
_FindFirstFileA@8                   KERNEL32.DLL
_FindClose@4                        KERNEL32.DLL
_SetStdHandle@8                     KERNEL32.DLL
_CreateEventA@16                    KERNEL32.DLL
_GetStdHandle@4                     KERNEL32.DLL
_GetModuleFileNameW@12              KERNEL32.DLL
_MultiByteToWideChar@24             KERNEL32.DLL
_LoadLibraryA@4                     KERNEL32.DLL
_GetProcAddress@8                   KERNEL32.DLL
_WriteFile@20                       KERNEL32.DLL
_SetUnhandledExceptionFilter@4      KERNEL32.DLL
_UnhandledExceptionFilter@4         KERNEL32.DLL
_VirtualQuery@12                    KERNEL32.DLL
_MessageBoxA@16                     USER32.DLL
_GetFileAttributesA@4               KERNEL32.DLL
_GetCurrentDirectoryA@8             KERNEL32.DLL
_FileTimeToLocalFileTime@8          KERNEL32.DLL
_FileTimeToDosDateTime@12           KERNEL32.DLL
_DosDateTimeToFileTime@12           KERNEL32.DLL
_LocalFileTimeToFileTime@8          KERNEL32.DLL
_FindNextFileA@8                    KERNEL32.DLL
_FormatMessageA@28                  KERNEL32.DLL
_SetFilePointer@16                  KERNEL32.DLL
_DeleteFileA@4                      KERNEL32.DLL
_SetEndOfFile@4                     KERNEL32.DLL
_ReadFile@20                        KERNEL32.DLL
_SetConsoleCtrlHandler@8            KERNEL32.DLL
_TlsGetValue@4                      KERNEL32.DLL
_TlsSetValue@8                      KERNEL32.DLL
_CharUpperA@4                       USER32.DLL
_VirtualAlloc@16                    KERNEL32.DLL
_InitializeCriticalSection@4        KERNEL32.DLL
_DeleteCriticalSection@4            KERNEL32.DLL
_LeaveCriticalSection@4             KERNEL32.DLL
_EnterCriticalSection@4             KERNEL32.DLL
_SetLastError@4                     KERNEL32.DLL
_TlsAlloc@0                         KERNEL32.DLL
_TlsFree@4                          KERNEL32.DLL
_VirtualFree@12                     KERNEL32.DLL
_GetTimeZoneInformation@4           KERNEL32.DLL
_GetACP@0                           KERNEL32.DLL
_GetOEMCP@0                         KERNEL32.DLL
_GetCPInfo@8                        KERNEL32.DLL
_CreateThread@24                    KERNEL32.DLL
_ResumeThread@4                     KERNEL32.DLL
_ExitThread@4                       KERNEL32.DLL
_SetEnvironmentVariableA@8          KERNEL32.DLL
_WideCharToMultiByte@32             KERNEL32.DLL
_SetEnvironmentVariableW@8          KERNEL32.DLL
_FlushFileBuffers@4                 KERNEL32.DLL


                        +--------------------+
                        |   Libraries Used   |
                        +--------------------+

C:\WATCOM/lib386/nt\kernel32.lib
C:\WATCOM/lib386/nt\user32.lib
C:\WATCOM/lib386/nt\flib7.lib
C:\WATCOM/lib386\math387r.lib
C:\WATCOM/lib386/nt\clib3r.lib
C:\WATCOM/lib386/nt\emu387.lib


                        +-----------------------+
                        |   Linker Statistics   |
                        +-----------------------+

Stack size:  00010000 (65536.)
Memory size:  00026634 (157236.)
Entry point address: 004017e0
Link time: 00:00.03
