Open Watcom Linker Version 1.9
Portions Copyright (c) 1985-2002 Sybase, Inc. All Rights Reserved.
Created on:       21/02/11 11:44:05
Executable Image: triangle.exe
creating a Windows NT character-mode executable


                        +------------+
                        |   Groups   |
                        +------------+

Group                           Address              Size
=====                           =======              ====

.idata                          00414000             00000786
DGROUP                          00415000             00013120



                        +--------------+
                        |   Segments   |
                        +--------------+

Segment                Class          Group          Address         Size
=======                =====          =====          =======         ====

BEGTEXT                CODE           AUTO           00401000        00000007
_TEXT                  CODE           AUTO           00401010        00012db0
TRANSFER CODE          CODE           AUTO           00413dc0        0000019e
.idata                 .idata         .idata         00414000        00000786
_NULL                  BEGDATA        DGROUP         00415000        00000004
_AFTERNULL             BEGDATA        DGROUP         00415004        00000000
CONST                  DATA           DGROUP         00415010        00000158
_DATA                  DATA           DGROUP         00415170        00000ff8
XIB                    DATA           DGROUP         00416168        00000000
XI                     DATA           DGROUP         00416168        0000004e
XIE                    DATA           DGROUP         004161b6        00000000
YIB                    DATA           DGROUP         004161b6        00000000
YI                     DATA           DGROUP         004161b6        00000030
YIE                    DATA           DGROUP         004161e6        00000000
CONST2                 DATA           DGROUP         004161e8        00000000
DATA32                 DATA           DGROUP         004161e8        00000134
TIB                    DATA           DGROUP         0041631c        00000000
TI                     DATA           DGROUP         0041631c        00000000
TIE                    DATA           DGROUP         0041631c        00000000
DATA                   DATA           DGROUP         0041631c        00000000
STORAGE                STORAGE        DGROUP         00417000        00000028
CONST32                CONST          DGROUP         00417028        00000000
_BSS                   BSS            DGROUP         00417030        000010f0
BSS32                  BSS            DGROUP         00418120        00000000
STACK                  STACK          DGROUP         00418120        00010000


                        +----------------+
                        |   Memory Map   |
                        +----------------+

* = unreferenced symbol
+ = symbol only referenced locally

Address        Symbol
=======        ======

Module: lab1.obj(C:\FRAN\lab1.for)
00401010+      INPUT
004010da+      SQUARE
00401158+      SMALLESTANGLE
004011b2+      COSINE
00401344+      MENU
004013bd       FMAIN
00417000+      STORAGE
Module: C:\WATCOM/lib386/nt\flib7.lib(coread)
00401534       RT@IORead
00401543*      RT@InpLOG1
00401552*      RT@InpLOG4
00401561*      RT@InpINT1
00401570*      RT@InpINT2
0040157f       RT@InpINT4
0040158e       RT@InpREAL
0040159d*      RT@InpDBLE
004015ac*      RT@InpXTND
004015bb*      RT@InpCPLX
004015ca*      RT@InpDBCX
004015d9*      RT@InpXTCX
004015e8*      RT@InpCHAR
004015ed*      RT@InpSTR
004015f2*      RT@InpArr
004015f7*      RT@InpChArr
Module: C:\WATCOM/lib386/nt\flib7.lib(cortns)
004151c0*      _FRT_SaveESP
00401607*      SwitchToGen
00401625       SwitchToRT
00401643       RdWrCommon
004016e7       IOType_
00401705       IOChar
00401720       IOStr
00401735       IOArr
00401750       IOChArr
00401772       RT@EndIO
Module: C:\WATCOM/lib386\math387r.lib(trig87)
004017c9*      sin_
004017bd*      cos_
004017ea*      tan_
0040177c*      IF@COS
0040177c*      IF@DCOS
00401786       IF@SIN
00401786*      IF@DSIN
004017d5*      IF@TAN
004017d5*      IF@DTAN
Module: C:\WATCOM/lib386/nt\flib7.lib(cowrite)
004017f6       RT@IOWrite
00401805*      RT@OutLOG1
00401817*      RT@OutLOG4
00401825*      RT@OutINT1
00401837*      RT@OutINT2
00401847       RT@OutINT4
00401856       RT@OutREAL
00401866*      RT@OutDBLE
00401876*      RT@OutXTND
00401886*      RT@OutCPLX
0040189c*      RT@OutDBCX
004018b2*      RT@OutXTCX
004018c8       RT@OutCHAR
004018cd*      RT@OutSTR
004018d2*      RT@PrtArr
004018d7*      RT@PrtChArr
Module: C:\WATCOM/lib386\math387r.lib(sqrt87)
004018dc*      sqrt_
0040190c       IF@SQRT
0040190c*      IF@DSQRT
0040190e*      __@DSQRT
Module: C:\WATCOM/lib386/nt\flib7.lib(xfamin1.c)
00401940       IF@XAMIN1
Module: C:\WATCOM/lib386\math387r.lib(fchop87)
0040198c       __CHP
Module: C:\WATCOM/lib386/nt\clib3r.lib(cstrtwnt)
004019a4       _cstart_
004019a4*      mainCRTStartup
Module: C:\WATCOM/lib386/nt\clib3r.lib(_8087)
004151ec       __8087
004151ed       __real87
Module: C:\WATCOM/lib386/nt\emu387.lib(386)
00401a00       __init_387_emulator
00401a01*      __fini_387_emulator
Module: C:\WATCOM/lib386/nt\flib7.lib(initeng.c)
00417030       __init_english
Module: C:\WATCOM/lib386/nt\flib7.lib(initerr.c)
00417034       __init_error
Module: C:\WATCOM/lib386/nt\flib7.lib(exread.c)
00401a90       DoRead_
Module: C:\WATCOM/lib386/nt\flib7.lib(setiocb.c)
00401ac0       RT@SetIOCB
Module: C:\WATCOM/lib386/nt\flib7.lib(rdata.c)
00417040       _IORslt
00417050       _FmtBuff
00417054*      _Fmt_revert
00417058*      _Fmt_start
0041705c*      _Fmt_paren_level
00417060*      _Fmt_charptr
00417064*      _FmtEmStruct
00417068       _IOTypeRtn
0041706c*      _Fmt_end
00417070*      _Fmt_rep_spec
00417074       _FmtRoutine
00417078       _IOCB
0041707c       _Files
00417080*      _Fmt_delimited
Module: C:\WATCOM/lib386/nt\flib7.lib(iomain.c)
00401b50       __ReleaseIOSys_
00401b70       IOMain_
Module: C:\WATCOM/lib386/nt\clib3r.lib(crwdata)
00415234       __osmajor
00415235       __osminor
00415236       __osbuild
00415238       __osver
0041523c       __winmajor
00415240       __winminor
00415244       __winver
00415200       __LpDllName
00415204       __LpwCmdLine
00415208       __LpwPgmName
0041520c       __LpwDllName
004151f8       __LpCmdLine
004151fc       __LpPgmName
004151f0*      __dynend
004151f4       __curbrk
00415210*      __STACKLOW
00415214       __STACKTOP
00415218       __ASTACKSIZ
0041521c       __ASTACKPTR
00415220*      __cbyte
00415224*      __cbyte2
00415228*      __child
0041522e       __Envptr
00415232*      __Envseg
0041522c       __no87
00415248       ___FPE_handler
Module: C:\WATCOM/lib386/nt\flib7.lib(thrdutil.c)
00401d80*      __InitMultiThreadIO_
00415250       ___SwitchStkLow
Module: C:\WATCOM/lib386/nt\clib3r.lib(chipvar)
00415254       ___chipbug
00415254       __chipbug
Module: C:\WATCOM/lib386/nt\clib3r.lib(chipt32.asm)
00401d8c       __fptan_chk
Module: C:\WATCOM/lib386/nt\flib7.lib(exwrite.c)
00401eb0       DoWrite_
Module: C:\WATCOM/lib386\math387r.lib(math87e.c)
00401ed7       __math87_err_
Module: C:\WATCOM/lib386/nt\clib3r.lib(main2wnt.c)
00401f50       __NTMain
Module: C:\WATCOM/lib386/nt\clib3r.lib(segdefns)
00401003       ___begtext
00415000*      __nullarea
00416168       __Start_XI
004161b6       __End_XI
004161b6       __Start_YI
004161e6       __End_YI
Module: C:\WATCOM/lib386/nt\clib3r.lib(chk8087.c)
00401fd0*      _fpreset_
00402010       __chk8087_
00402020*      __init_8087_
Module: C:\WATCOM/lib386/nt\flib7.lib(english.c)
00402070       __UseEnglishCharSet_
Module: C:\WATCOM/lib386/nt\flib7.lib(errincl.c)
00402180       __InitError_
00415258+      _PGroupTable
0041525c+      _PErrWord
Module: C:\WATCOM/lib386/nt\flib7.lib(rdwr.c)
004021a0+      DoOpen_
004021d0+      _AllocBuffer_
00402210       IOPrologue_
00402450       UpdateRecNum_
Module: C:\WATCOM/lib386/nt\flib7.lib(unfmtin.c)
00402490       UnFmtIn_
00402530+      NextUnFmtRec_
Module: C:\WATCOM/lib386/nt\flib7.lib(freein.c)
00402910+      GetNum_
00402b10       FreeIn_
00402b20*      DoFreeIn_
00402b50+      BumpComma_
00402b80+      Blanks_
00402ba0+      CheckEor_
Module: C:\WATCOM/lib386/nt\flib7.lib(rtutls.c)
004031d0       FindFtnFile_
004032c0       RChkAlloc_
004032f0       F_Connect_
00403370       ConnectFile_
00403380*      GetFileInfo_
00403470       DiscoFile_
004034e0*      ChkFileName_
00403510+      ChkLogFile_
00403550       ChkIOOperation_
00403590       GetIOErr_
004035a0       ChkIOErr_
004035c0       ChkUnitId_
00403600*      ChkConnected_
00403620       SetEOF_
00403650       ClearEOF_
00403690       SysEOF_
004036c0       IsFixed_
004036d0       IsCarriage_
004036e0*      ChkRecordStructure_
00403710*      ChkSequential_
00403730*      ChkExist_
00403760*      StrItem_
Module: C:\WATCOM/lib386/nt\flib7.lib(rtsysutl.c)
00403790       GetSysIOInfo_
004037b0       GetSysFileInfo_
004037e0*      IsDevice_
004039b0       OpenAction_
004039f0*      DfltRecType_
00403a10+      _FileAttrs_
00403ad0       CloseFile_
00403b40       Scrtched_
00403b60*      CloseDeleteFile_
00403bb0       Errf_
00403bd0       FPutBuff_
00403c40       FGetBuff_
00403c90       SeekFile_
00403cb0       NoEOF_
00403cc0       SysClearEOF_
00403cd0*      SameFile_
00403ce0*      Rewindf_
00403d00*      SysCreateFile_
00403d40       CheckLogicalRecord_
00403d60       SkipLogicalRecord_
00403d80*      BackSpacef_
00403db0*      EndFilef_
00403df0       GetIOErrMsg_
00403e30       ReportNExist_
00403e50       ReportEOF_
00403e60*      WaitForEnter_
Module: C:\WATCOM/lib386/nt\flib7.lib(rtinit.c)
00415260       ___FAppType
00415264       __ExceptionInit
00415268       __ExceptionFini
00403e80*      __InitFThreadData_
00403ec0+      RTSysFini_
00403ed0       RTSysInit_
00415270       __AccessFIO
00415274       __ReleaseFIO
00415278       __PartialReleaseFIO
00417088       ___FThreadDataOffset
00416186*      ___fthread_data_size
Module: C:\WATCOM/lib386/nt\clib3r.lib(mainwnt.c)
0041527c       ___TlsIndex
00415280       ___FirstThreadData
00415284       ___GetThreadPtr
00415288       __AccessFileH
0041528c       __ReleaseFileH
00415290       __AccessIOB
00415294       __ReleaseIOB
00415298       __AccessNHeap
0041529c       __AccessFHeap
004152a0       __ReleaseNHeap
00403f40*      __threadid_
00403f60+      __sig_null_rtn_
00403f70+      __NTInit_
00404150+      __NTFini_
004041b0       __NTMainInit_
00404210       __exit_
004152a4       __ReleaseFHeap
004152a8       __AccessTDList
004152ac       __ReleaseTDList
004152b0       __AccessFList
004152b4       __ReleaseFList
004152b8       __ThreadExitRtn
004152bc       ___sig_init_rtn
004152c0       ___sig_fini_rtn
004152c4       ___process_fini
00417094       ___Is_DLL
Module: C:\WATCOM/lib386/nt\flib7.lib(ioinit.c)
00404270       IOSysInit_
Module: C:\WATCOM/lib386/nt\flib7.lib(rterr.c)
004152cc+      _TraceRoutine
004042c0+      FlushStdUnit_
00404310+      WriteErr_
004043e0       ErrHandler_
00404420       RTErr_
004152d8+      LG@ERR_HOOK
Module: C:\WATCOM/lib386/nt\flib7.lib(spawn.c)
00404450       Spawn_
004044b0       Suicide_
Module: C:\WATCOM/lib386/nt\clib3r.lib(chipbug.c)
004044f0       __verify_pentium_fdiv_bug_
Module: C:\WATCOM/lib386/nt\flib7.lib(unfmtout.c)
00404630       UnFmtOut_
Module: C:\WATCOM/lib386/nt\flib7.lib(freeout.c)
00404a80       FreeOut_
004152dc+      _OutRtn
Module: C:\WATCOM/lib386/nt\flib7.lib(_matherr.c)
00404b60*      __imath2err_
00404ba0*      __amath1err_
00404bd0*      __amath2err_
00404c00       __math2err_
00404d10       __math1err_
00404d20*      __zmath2err_
00404d80*      __qmath2err_
Module: C:\WATCOM/lib386/nt\clib3r.lib(initrtns.c)
00404e00       __InitRtns
00404e50       __FiniRtns
Module: C:\WATCOM/lib386/nt\clib3r.lib(mthrdini.c)
00404eb0       __InitThreadData_
00415310       ___ThreadDataSize
Module: C:\WATCOM/lib386/nt\clib3r.lib(memset.c)
00404ee0       memset_
Module: C:\WATCOM/lib386/nt\clib3r.lib(cmain386.c)
00404f00       __CMain
Module: C:\WATCOM/lib386/nt\clib3r.lib(dosseg)
00001234       __DOSseg__
Module: C:\WATCOM/lib386/nt\clib3r.lib(8087cw.c)
00415314       __8087cw
Module: C:\WATCOM/lib386/nt\clib3r.lib(save8087.c)
00415318       ___Save8087
0041531c       ___Rest8087
Module: C:\WATCOM/lib386/nt\clib3r.lib(init8087)
00404f44       __x87id
Module: C:\WATCOM/lib386/nt\flib7.lib(csetinfo.c)
004176b0       _CharSetInfo
Module: C:\WATCOM/lib386/nt\flib7.lib(errmsg.c)
004052b0       _GroupTable
00405360       _ErrWord
Module: C:\WATCOM/lib386/nt\flib7.lib(blderr.c)
00405a10       Substitute_
00405bd0       ErrCodOrg_
Module: C:\WATCOM/lib386/nt\flib7.lib(errrtns.c)
004176c4       ___ErrorFini
004176c8       ___ErrorInit
004176cc       ___BldErrMsg
Module: C:\WATCOM/lib386/nt\flib7.lib(sdfile.c)
00415320*      _FFCtrlSeq
00415322*      _SkipCtrlSeq
00415324       _NormalCtrlSeq
00415326       _SDTermIn
0041532a       _SDTermOut
0041532e*      _SDPrtName
Module: C:\WATCOM/lib386/nt\flib7.lib(ioerr.c)
00405c10       IOErr_
Module: C:\WATCOM/lib386/nt\flib7.lib(rdutils.c)
00405ca0       NextRec_
Module: C:\WATCOM/lib386/nt\flib7.lib(unfmtutl.c)
00405db0       _SizeVars
Module: C:\WATCOM/lib386/nt\clib3r.lib(istable.c)
00405dc0       __IsTable
Module: C:\WATCOM/lib386/nt\flib7.lib(arrayio.c)
00405f60       ArrayIOType_
Module: C:\WATCOM/lib386/nt\clib3r.lib(toupper.c)
00405fe0       toupper_
Module: C:\WATCOM/lib386/nt\flib7.lib(chrutils.c)
00405ff0       JmpBlanks_
Module: C:\WATCOM/lib386/nt\flib7.lib(fmtcnvt.c)
00406010       FmtS2I_
00406140       FmtS2F_
Module: C:\WATCOM/lib386/nt\flib7.lib(fdutil.c)
00406510       LocFile_
00406520       LocUnit_
00406550       ExtractInfo_
Module: C:\WATCOM/lib386/nt\flib7.lib(rstdio.c)
00406680       _InitStandardInput_
004066b0       _InitStandardOutput_
Module: C:\WATCOM/lib386/nt\flib7.lib(rmemmgr.c)
004066e0       RMemAlloc_
004066f0       RMemFree_
Module: C:\WATCOM/lib386/nt\flib7.lib(deffname.c)
00415334       _DefFName
Module: C:\WATCOM/lib386/nt\flib7.lib(stracc.c)
00406700       TrimStr_
00406740       GetStr_
Module: C:\WATCOM/lib386/nt\clib3r.lib(accsswnt.c)
00406770       access_
Module: C:\WATCOM/lib386/nt\clib3r.lib(fullpath.c)
004067b0+      _sys_fullpath_
00406830       _fullpath_
Module: C:\WATCOM/lib386/nt\clib3r.lib(fstatwnt.c)
004068a0       fstat_
Module: C:\WATCOM/lib386/nt\flib7.lib(poserr.c)
00406c00       Errorf_
00406c20*      EOFile_
00406c40       ErrorMsg_
00406c80       FSetTrunc_
00406c90       FSetSysErr_
00406cb0       FSetErr_
00406cd0       FSetEof_
00406cf0       IOOk_
Module: C:\WATCOM/lib386/nt\clib3r.lib(statwnt.c)
00406e15       stat_
Module: C:\WATCOM/lib386/nt\flib7.lib(posopen.c)
00407050       InitStd_
00407110       SetIOBufferSize_
00407130+      _AllocFile_
00407220       Openf_
00407310       Closef_
Module: C:\WATCOM/lib386/nt\flib7.lib(posdat.c)
00415524       _FStdIn
00415528       _FStdOut
0041552c       _FStdErr
Module: C:\WATCOM/lib386/nt\flib7.lib(posflush.c)
00407390       FlushBuffer_
Module: C:\WATCOM/lib386/nt\flib7.lib(posdel.c)
00407440       Scratchf_
Module: C:\WATCOM/lib386/nt\clib3r.lib(nodefwin.c)
00415530*      __WindowsIsWindowedHandle
00415534*      __WindowsRemoveWindowedHandle
00415538*      __WindowsNewWindow
0041553c*      __WindowsCloseWindow
00415540*      __WindowsSetAbout
00415544*      __WindowsSetAppTitle
00415548*      __WindowsSetConTitle
0041554c*      __WindowsDestroyOnClose
00415550*      __WindowsYieldControl
00415554*      __WindowsShutDown
00415558*      __WindowsStdin
0041555c       __WindowsStdout
00415560*      __WindowsKbhit
00415564*      __WindowsGetch
00415568*      __WindowsGetche
0041556c*      __WindowsPutch
00407460*      _dwShutDown_
00407460*      _dwYield_
00407460*      _dwSetConTitle_
00407460*      _dwSetAppTitle_
00407460*      _dwSetAboutDlg_
00407460       _dwDeleteOnClose_
00415570*      __WindowsExitRtn
004176d0*      __init_default_win
Module: C:\WATCOM/lib386/nt\flib7.lib(posput.c)
00407470       FPutRec_
004074b0       ChopFile_
00407500*      PutRec_
00407620       writebytes_
004076a0       SysWrite_
Module: C:\WATCOM/lib386/nt\flib7.lib(posget.c)
004077e0       readbytes_
004078b0       SysRead_
00407d20       FGetRec_
00407d50*      GetRec_
00407d70       GetStdChar_
00407dc0       FCheckLogical_
00407e40       FSkipLogical_
00407f10*      FGetVarRecLen_
Module: C:\WATCOM/lib386/nt\flib7.lib(posseek.c)
00408000       FSeekRec_
00408040       CurrFileOffset_
00408040       FGetFilePos_
00408060       SysSeek_
00408250*      FSeekAbs_
Module: C:\WATCOM/lib386/nt\clib3r.lib(stricmp.c)
00408260       stricmp_
Module: C:\WATCOM/lib386/nt\flib7.lib(posrew.c)
004082a0       FRewind_
Module: C:\WATCOM/lib386/nt\flib7.lib(posback.c)
00408310       FBackspace_
Module: C:\WATCOM/lib386/nt\flib7.lib(postrunc.c)
004083f0       FTruncate_
Module: C:\WATCOM/lib386/nt\clib3r.lib(errno.c)
00408410       __get_errno_ptr_
00408420*      __get_doserrno_ptr_
Module: C:\WATCOM/lib386/nt\flib7.lib(rttraps.c)
00408520       __EnableF77RTExceptionHandling_
00408530       R_TrapInit_
004085c0       R_TrapFini_
004085d0*      __InitExceptionVectors_
Module: C:\WATCOM/lib386/nt\clib3r.lib(atexit.c)
004085e5       atexit_
Module: C:\WATCOM/lib386/nt\clib3r.lib(regdata.c)
00408640       __RegisterThreadDataSize_
Module: C:\WATCOM/lib386/nt\clib3r.lib(hdlman.c)
00415574+      ___NHandles
00415578+      ___OSHandles
0041557c+      ___FakeHandles
00408670+      __growPOSIXHandles_
00408710       __allocPOSIXHandle_
004087d0       __freePOSIXHandle_
004087f0       __getOSHandle_
00408800       __setOSHandle_
00408850+      __NTGetFakeHandle_
004088c0       __initPOSIXHandles_
004089a0*      __set_handles_
004089b0*      _grow_handles_
Module: C:\WATCOM/lib386/nt\clib3r.lib(environ.c)
00417758       ___env_mask
0041775c       _environ
00417760       __wenviron
Module: C:\WATCOM/lib386/nt\clib3r.lib(getmodfn.c)
004089f0       __lib_GetModuleFileNameW_
Module: C:\WATCOM/lib386/nt\clib3r.lib(strdup.c)
00408a90       __clib_strdup_
Module: C:\WATCOM/lib386/nt\clib3r.lib(ustrdup.c)
00408ad0       __clib_wcsdup_
Module: C:\WATCOM/lib386/nt\clib3r.lib(nfree.c)
00408b00       _nfree_
00408b00       free_
00417764       ___MiniHeapFreeRover
Module: C:\WATCOM/lib386/nt\clib3r.lib(excptwnt.c)
00409270+      ___ReportException@4
004096c0       __DefaultExceptionHandler_
00409700+      ___ExceptionFilter
00409910       __NewExceptionFilter_
00409940       __DoneExceptionFilter_
00415588       ___oscode_check_func
0041558c       ___raise_func
00417768*      _sw
0041776c       ___ExceptionHandled
0041776d+      ___ReportInvoked
Module: C:\WATCOM/lib386/nt\clib3r.lib(stklmwnt.c)
00409980       __init_stack_limits_
Module: C:\WATCOM/lib386/nt\flib7.lib(runmain.c)
004099f0*      __InitUnit6CC_
00409a00       __DevicesCC_
00409a10*      __InitAllowCommaSeparator_
00409a20       __AllowCommaSep_
00409a30+      _InitIO_
00409aa0+      CloseAllFiles_
00409ae0*      _FiniEx_
00409ae0       RunExit_
00409b20       RunEntry_
Module: C:\WATCOM/lib386/nt\flib7.lib(errutil.c)
00409b50       BldErrCode_
00409bb0*      MsgFormat_
00409be0*      MsgBuffer_
004155a8+      _PGrpCodes
Module: C:\WATCOM/lib386/nt\clib3r.lib(enterdb.c)
00409c10       __EnterWVIDEO_
004155ac       ___WD_Present
Module: C:\WATCOM/lib386/nt\flib7.lib(stdio.c)
00409c50       StdBuffer_
00409c70+      StdWrite_
00409d50       StdFlush_
00409d80       StdWriteNL_
Module: C:\WATCOM/lib386/nt\clib3r.lib(setjmp)
00409da8       _setjmp_
00409de1       longjmp_
Module: C:\WATCOM/lib386/nt\clib3r.lib(exit.c)
00409e69+      __null_int23_exit_
00409e6a       exit_
00409eba*      _exit_
004159b8+      ___int23_exit
004159bc+      ___FPE_handler_exit
Module: C:\WATCOM/lib386/nt\flib7.lib(wrutils.c)
00409ed0       F_SendData_
00409f30*      SendLine_
00409f40       SendEOR_
00409fd0*      SendInt_
0040a000       SendStr_
0040a020+      SendWSLStr_
0040a040       SendChar_
0040a060       Drop_
0040a220       IOItemResult_
Module: C:\WATCOM/lib386/nt\flib7.lib(undefcg.c)
0040a330       OutLogCG_
0040a340       OutIntCG_
0040a380+      FmtRealCG_
0040a3b0+      FmtDoubleCG_
0040a3e0+      FmtExtendedCG_
0040a410+      UndefIntCG_
0040a410+      UndefLogCG_
0040a410+      UndefExtendedCG_
0040a410+      UndefDoubleCG_
0040a410+      UndefRealCG_
0040a420+      GetRealCG_
004159c0       _FmtRealRtn
004159c4       _FmtDoubleRtn
004159c8       _FmtExtendedRtn
004159cc       _SendStrRtn
004159d0       _UndefRealRtn
004159d4       _UndefDoubleRtn
004159d8       _UndefExtendedRtn
004159dc       _UndefLogRtn
004159e0       _UndefIntRtn
004159e4       _GetRealRtn
Module: C:\WATCOM/lib386/nt\flib7.lib(cctrl.c)
0040a430       CheckCCtrl_
Module: C:\WATCOM/lib386/nt\clib3r.lib(__stos)
0040a4a0       __STOSB
0040a4d7*      __STOSD
Module: C:\WATCOM/lib386/nt\clib3r.lib(cinit.c)
0040a550       __CommonInit_
Module: C:\WATCOM/lib386/nt\clib3r.lib(___argc.c)
00417774       ____Argc
00417778       ____Argv
Module: C:\WATCOM/lib386/nt\flib7.lib(rtmain.c)
0040a560       main_
Module: C:\WATCOM/lib386/nt\clib3r.lib(memmove.c)
0040a580       memmove_
Module: C:\WATCOM/lib386/nt\clib3r.lib(itoa.c)
0040a5e0       utoa_
0040a630       itoa_
Module: C:\WATCOM/lib386/nt\clib3r.lib(ltoa.c)
0040a660       ultoa_
0040a6b0       ltoa_
Module: C:\WATCOM/lib386/nt\flib7.lib(ifile.c)
0040a6e0       SendIFBuff_
0040a710       NextIFBuff_
Module: C:\WATCOM/lib386/nt\flib7.lib(intarith.c)
0040a740       AddIOFlo_
0040a750*      SubIOFlo_
0040a760       MulIOFlo_
Module: C:\WATCOM/lib386/nt\clib3r.lib(tolower.c)
0040a770       tolower_
Module: C:\WATCOM/lib386\math387r.lib(strtod.c)
0040ac92+      __Strtold_
0040adf9       strtod_
Module: C:\WATCOM/lib386/nt\clib3r.lib(getenv.c)
0040af40       getenv_
Module: C:\WATCOM/lib386/nt\clib3r.lib(nmalloc.c)
0040afd0       _nmalloc_
0040afd0       malloc_
004159e8       ___nheapbeg
004159ec       ___MiniHeapRover
004159f0       ___LargestSizeB4MiniHeapRover
Module: C:\WATCOM/lib386/nt\clib3r.lib(fgtattr.c)
0040b0d0       __fixed_GetFileAttributesA_
Module: C:\WATCOM/lib386/nt\clib3r.lib(dosret.c)
0040b170*      _dosretax_
0040b180*      _dosret0_
0040b190       __set_errno_dos_
0040b1c0*      __set_errno_dos_reterr_
0040b1d0       __set_errno_nt_
0040b1e0*      __set_errno_nt_reterr_
Module: C:\WATCOM/lib386/nt\clib3r.lib(seterrno.c)
0040b1f4       __set_errno_
0040b202*      __set_EDOM_
0040b210       __set_ERANGE_
0040b21e*      __set_EINVAL_
0040b231       __set_doserrno_
Module: C:\WATCOM/lib386/nt\clib3r.lib(gtcwdwnt.c)
0040b240       getcwd_
Module: C:\WATCOM/lib386/nt\clib3r.lib(iomode.c)
0040b2d0       __GetIOMode_
0040b2f0       __SetIOMode_nogrow_
00415af8       ___NFiles
00415afc       ___init_mode
00415b4c       ___io_mode
Module: C:\WATCOM/lib386/nt\clib3r.lib(iomodtty.c)
0040b310       __ChkTTYIOMode_
0040b350       __IOMode_
Module: C:\WATCOM/lib386/nt\clib3r.lib(ntdirinf.c)
0040b370       __MakeDOSDT_
0040b3a0*      __FromDOSDT_
0040b3d0*      __GetNTDirInfo_
0040b410*      __NTFindNextFileWithAttr_
Module: C:\WATCOM/lib386/nt\clib3r.lib(d2ttime.c)
0040b470       _d2ttime_
Module: C:\WATCOM/lib386/nt\clib3r.lib(strerror.c)
0040b810       strerror_
0040b830*      _strerror_
0040b900*      _doserror_
00415b50+      __sys_errlist
00415bf4+      __sys_nerr
Module: C:\WATCOM/lib386/nt\clib3r.lib(_strcmp)
0040b930       strcmp_
Module: C:\WATCOM/lib386/nt\clib3r.lib(mbspbrk.c)
0040ba70       _mbspbrk_
Module: C:\WATCOM/lib386/nt\clib3r.lib(mbsinc.c)
0040bac0       _mbsinc_
Module: C:\WATCOM/lib386/nt\clib3r.lib(stiomode.c)
0040baf0       __grow_iomode_
0040bbc0+      __shrink_iomode_
0040bc00       __SetIOMode_
Module: C:\WATCOM/lib386/nt\clib3r.lib(close.c)
0040bc70       close_
Module: C:\WATCOM/lib386/nt\clib3r.lib(openwnt.c)
0040be90*      open_
0040beb0       sopen_
Module: C:\WATCOM/lib386/nt\clib3r.lib(lseek.c)
0040bee0       lseek_
Module: C:\WATCOM/lib386/nt\flib7.lib(poscc.c)
0040bf30*      __LineFeedWithFormFeed_
0040bf40       FSetCC_
Module: C:\WATCOM/lib386/nt\clib3r.lib(write.c)
0040c1f0       write_
Module: C:\WATCOM/lib386/nt\clib3r.lib(unlnkwnt.c)
0040c450       unlink_
Module: C:\WATCOM/lib386/nt\clib3r.lib(chsizwnt.c)
0040c4d0       chsize_
Module: C:\WATCOM/lib386/nt\clib3r.lib(read.c)
0040c5c0       read_
Module: C:\WATCOM/lib386/nt\clib3r.lib(signlwnt.c)
00415c00+      __SignalTable
0040c750+      __SetSignalFunc_
0040c7a0+      __GetSignalFunc_
0040c7d0+      __GetSignalOSCode_
0040c800+      __CheckSignalExCode_
0040c940+      __sigabort_
0040c950       __sigfpe_handler_
0040c9a0       signal_
0040ca30+      raise_
0040caa0+      __SigInit_
0040caf0+      __SigFini_
0040cb30+      __sig_init_
Module: C:\WATCOM/lib386/nt\flib7.lib(fptraps.c)
0040cc10*      __MaskDefaultFPE_
0040cc30       FPTrapInit_
0040cc60       FPTrapFini_
Module: C:\WATCOM/lib386/nt\clib3r.lib(trdlist.c)
0040ccd0       __GetThreadData_
0040cd20       __ReallocThreadData_
0040ce10       __AddThreadData_
0040ce90       __RemoveThreadData_
0040cef0       __ResizeThreadDataList_
0040cf20       __FreeThreadDataList_
0040cf50*      __ActiveThreads_
Module: C:\WATCOM/lib386/nt\clib3r.lib(nrealloc.c)
0040cf70*      _nrealloc_
0040cf70       realloc_
Module: C:\WATCOM/lib386/nt\clib3r.lib(setenvp.c)
0040cff0       __setenvp_
0040d0b0       __freeenvp_
Module: C:\WATCOM/lib386/nt\clib3r.lib(ustrlen.c)
0040d0fd       wcslen_
Module: C:\WATCOM/lib386/nt\clib3r.lib(memcpy.c)
0040d110       memcpy_
Module: C:\WATCOM/lib386/nt\clib3r.lib(mem.c)
0040d130       __MemAllocator
0040d1e0       __MemFree
Module: C:\WATCOM/lib386/nt\clib3r.lib(conutwnt.c)
0040d330*      __NTRealKey_
0040d3e0*      __NTConsoleInput_
0040d3f0       __NTConsoleOutput_
Module: C:\WATCOM/lib386/nt\clib3r.lib(fclex387.c)
0040d400       _ClearFPE_
Module: C:\WATCOM/lib386/nt\flib7.lib(errgrp.c)
0040d410       _GrpCodes
Module: C:\WATCOM/lib386/nt\clib3r.lib(iob.c)
00415c74       ___iob
00415e7c       __fmode
00417888       ___OpenStreams
0041788c       ___ClosedStreams
Module: C:\WATCOM/lib386/nt\clib3r.lib(setmd.c)
0040d4a0       setmode_
Module: C:\WATCOM/lib386/nt\clib3r.lib(ljmphdl.c)
00415e80       ___longjmp_handler
Module: C:\WATCOM/lib386/nt\flib7.lib(expchk.c)
0040d5a0       ToFFormat_
Module: C:\WATCOM/lib386/nt\flib7.lib(fmtrtns.c)
0040d5f0       R_F2E_
0040d760       R_F2F_
0040d8f0       SetMaxPrec_
Module: C:\WATCOM/lib386/nt\flib7.lib(rfmtlog.c)
0040d910       R_FmtLog_
Module: C:\WATCOM/lib386/nt\flib7.lib(rfmtutil.c)
0040d970+      R_ChkType_
0040d9a0*      R_NewRec_
0040d9e0*      R_ChkIType_
0040da10*      R_ChkFType_
0040da40*      R_ChkRecLen_
0040da60+      GetLen_
0040daa0*      R_FOStr_
0040dab0*      FOString_
0040db20*      R_FIStr_
0040dbe0+      R_FOLog_
0040dc30*      R_FILog_
0040dd10*      R_FIFloat_
0040df00       GetReal_
0040e010*      R_FOF_
0040e090*      R_FOE_
0040e1d0+      FmtH2B_
0040e2c0*      R_FIHex_
0040e440*      R_FOHex_
0040e450*      FOHex_
0040e550*      R_FIInt_
0040e660*      R_FOInt_
0040e8c0*      R_FOG_
0040eb40+      ChkBuffLen_
Module: C:\WATCOM/lib386/nt\clib3r.lib(argcv.c)
00417890       __argc
00417894       __argv
00417898       ___argv
0041789c       ___argc
Module: C:\WATCOM/lib386/nt\clib3r.lib(alphabet.c)
0041510c       ___Alphabet
Module: C:\WATCOM/lib386\math387r.lib(bufld386)
0040eb70       __ZBuf2LD
Module: C:\WATCOM/lib386\math387r.lib(ldcvt.c)
0040ecf2       _LDScale10x_
0040f299       __LDcvt_
Module: C:\WATCOM/lib386\math387r.lib(inf_nan.c)
0040f6e6*      ___f_infinity
0040f6ea*      ___f_posqnan
0040f6ee       ___d_infinity
0040f6f6       ___d_posqnan
0040f6fe*      ___ld_infinity
0040f706*      ___ld_posqnan
Module: C:\WATCOM/lib386/nt\clib3r.lib(hugeval.c)
0040f710       __HugeValue
Module: C:\WATCOM/lib386/nt\clib3r.lib(mbterm.c)
0040f720       _mbterm_
Module: C:\WATCOM/lib386/nt\clib3r.lib(mbsnextc.c)
0040f760       _mbsnextc_
Module: C:\WATCOM/lib386/nt\clib3r.lib(mbcupper.c)
0040f7a0       _mbctoupper_
Module: C:\WATCOM/lib386/nt\clib3r.lib(nmemneed.c)
0040f7d0       __nmemneed_
Module: C:\WATCOM/lib386/nt\clib3r.lib(grownear.c)
0040f940       __ExpandDGROUP_
Module: C:\WATCOM/lib386/nt\clib3r.lib(isattwnt.c)
0040f960       isatty_
Module: C:\WATCOM/lib386/nt\clib3r.lib(strncpy.c)
0040f980       strncpy_
Module: C:\WATCOM/lib386/nt\clib3r.lib(mktime.c)
0040f9c0       mktime_
Module: C:\WATCOM/lib386/nt\clib3r.lib(mbschr.c)
0040fa50       _mbschr_
Module: C:\WATCOM/lib386/nt\clib3r.lib(mbisdbcs.c)
004178a0       ___IsDBCS
Module: C:\WATCOM/lib386/nt\clib3r.lib(mbislead.c)
0040fab0*      _ismbblead_
004178a4       ___MBCSIsTable
Module: C:\WATCOM/lib386/nt\clib3r.lib(_clsewnt.c)
0040fad0       __close_
Module: C:\WATCOM/lib386/nt\clib3r.lib(ntfio.c)
0040fb30*      __GetNTCreateAttr_
0040fb70       __GetNTAccessAttr_
0040fba0       __GetNTShareAttr_
Module: C:\WATCOM/lib386/nt\clib3r.lib(umaskval.c)
00415f2c       ___umaskval
Module: C:\WATCOM/lib386/nt\clib3r.lib(__lseek.c)
0040fc00       __lseek_
Module: C:\WATCOM/lib386/nt\clib3r.lib(stackwnt.c)
0040fc40       stackavail_
Module: C:\WATCOM/lib386/nt\clib3r.lib(stk)
0040fc51*      __CHK
0040fc61*      __STK
0040fc80       __STKOVERFLOW_
0040fc90*      __GRO
0040fcb0*      __alloca_probe
Module: C:\WATCOM/lib386/nt\clib3r.lib(abort.c)
0040fcd9*      abort_
0040fceb       __terminate_
00415f40       ___abort
Module: C:\WATCOM/lib386/nt\clib3r.lib(cntrl87.c)
0040fd00       _control87_
Module: C:\WATCOM/lib386/nt\clib3r.lib(mthread.c)
0040fee0+      __CloseSemaphore_
0040ff20+      __AccessIOB_
0040ff30+      __ReleaseIOB_
0040ff40+      __AccessFileH_
0040ff50+      __ReleaseFileH_
0040ff60+      __AccessNHeap_
0040ff70+      __ReleaseNHeap_
0040ff80+      __AccessFHeap_
0040ff90+      __ReleaseFHeap_
0040ffa0+      __AccessTDList_
0040ffb0+      __ReleaseTDList_
0040ffc0+      __AccessFList_
0040ffd0+      __AccessSemaphore_
00410030+      __ReleaseFList_
00410040+      __ReleaseSemaphore_
00410070+      __MultipleThread_
004100c0+      __AllocInitThreadData_
00410110*      __FreeInitThreadData_
00410120       __NTThreadInit_
00410190       __NTAddThread_
004101e0       __NTRemoveThread_
00410270       __InitMultipleThread_
00415f44+      ___AccessSema4
00415f48+      ___ReleaseSema4
00415f4c+      ___CloseSema4
Module: C:\WATCOM/lib386/nt\clib3r.lib(xmsgwnt.c)
00410430+      __exit_with_msg_
00410490       __fatal_runtime_error_
Module: C:\WATCOM/lib386/nt\clib3r.lib(calloc.c)
004104b0       calloc_
Module: C:\WATCOM/lib386/nt\clib3r.lib(register.c)
004104e0       __initthread_
004104f0*      _beginthread_
00410500       _endthread_
00410510*      __RegisterThreadData_
Module: C:\WATCOM/lib386/nt\clib3r.lib(nmsize.c)
00410560       _nmsize_
00410560*      _msize_
Module: C:\WATCOM/lib386/nt\clib3r.lib(nexpand.c)
00410570       _nexpand_
00410570*      _expand_
004105b0+      __HeapManager_expand_
Module: C:\WATCOM/lib386/nt\clib3r.lib(dofilstr.c)
00410790       __ParsePosixHandleStr_
Module: C:\WATCOM/lib386/nt\clib3r.lib(clearenv.c)
004108b0       clearenv_
Module: C:\WATCOM/lib386/nt\clib3r.lib(initfile.c)
00410970       __InitFiles_
Module: C:\WATCOM/lib386/nt\clib3r.lib(ioexit.c)
00410a70*      fcloseall_
00410a80       __full_io_exit_
Module: C:\WATCOM/lib386/nt\flib7.lib(flt86.c)
00410a90       _P1d100
00410a98       _P1d_99
Module: C:\WATCOM/lib386\math387r.lib(pow87)
00410bf9*      pow_
00410aa0       IF@DPOW
00410aa0*      IF@POW
Module: C:\WATCOM/lib386/nt\flib7.lib(hexcnv.c)
00410c20       Hex_
00410c40*      HSToB_
00410cb0       BToHS_
Module: C:\WATCOM/lib386/nt\clib3r.lib(strupr.c)
00410d00       strupr_
Module: C:\WATCOM/lib386/nt\clib3r.lib(initargv.c)
00410d20       __Init_Argv_
00410d70+      _getargv_
00410f10       __Fini_Argv_
Module: C:\WATCOM/lib386\math387r.lib(ldclass.c)
00410f1e       __LDClass_
00410f6e*      _FLClass_
Module: C:\WATCOM/lib386/nt\clib3r.lib(mbconv.c)
00410f80       _mbvtop_
Module: C:\WATCOM/lib386/nt\clib3r.lib(amblksiz.c)
00415f5c       __amblksiz
Module: C:\WATCOM/lib386/nt\clib3r.lib(heapen.c)
00410fa0*      _heapenable_
00415f60       ___heap_enabled
Module: C:\WATCOM/lib386/nt\clib3r.lib(nheapmin.c)
00410fd0       _nheapshrink_
00410fd0*      _nheapmin_
00410fd0*      _heapmin_
00410fd0       _heapshrink_
Module: C:\WATCOM/lib386/nt\clib3r.lib(locmktim.c)
004110c0       __local_mktime_
Module: C:\WATCOM/lib386/nt\clib3r.lib(gmtime.c)
00411240       __brktime_
00411340+      _gmtime_
00411360*      gmtime_
Module: C:\WATCOM/lib386/nt\clib3r.lib(tzset.c)
00415f64       ___start_dst
00415f88       ___end_dst
004160b0*      _tzname
004160b8       _timezone
004160bc       _daylight
004160c0       ___dst_adjust
004113d0*      __DontCacheOSTZ_
004113e0*      __CacheOSTZ_
004118c0+      __parse_tz_
00411cb0       tzset_
Module: C:\WATCOM/lib386/nt\clib3r.lib(timeutil.c)
00411e20       __isindst_
Module: C:\WATCOM/lib386/nt\clib3r.lib(mbclen.c)
00412150       _mbclen_
Module: C:\WATCOM/lib386/nt\clib3r.lib(mbccmp.c)
00412180       _mbccmp_
Module: C:\WATCOM/lib386/nt\clib3r.lib(mbinit.c)
004121f5       __mbinit_
004160c8       ___MBCodePage
Module: C:\WATCOM/lib386/nt\clib3r.lib(trdalloc.c)
004122f0       __FiniThreadProcessing_
Module: C:\WATCOM/lib386/nt\clib3r.lib(thredwnt.c)
004123b0       __CBeginThread_
00412450       __CEndThread_
Module: C:\WATCOM/lib386/nt\clib3r.lib(strtol.c)
004126b0*      strtoul_
004126c0       strtol_
Module: C:\WATCOM/lib386/nt\clib3r.lib(putenv.c)
004126d0       putenv_
00412960       __putenv_
Module: C:\WATCOM/lib386/nt\clib3r.lib(fclose.c)
00412ad0+      __doclose_
00412b70       __shutdown_stream_
00412b90*      fclose_
00418118+      ___RmTmpFileFn
Module: C:\WATCOM/lib386/nt\clib3r.lib(freefp.c)
00412be0       __freefp_
00412c30       __purgefp_
Module: C:\WATCOM/lib386\math387r.lib(pow87e.c)
00412c5e       __pow87_err_
Module: C:\WATCOM/lib386\math387r.lib(exp87)
00412d4b*      exp_
00412ce4*      __@DEXP1
00412cec*      IF@EXP
00412cec*      IF@DEXP
00412cee       __@DEXP
Module: C:\WATCOM/lib386/nt\clib3r.lib(chipd32.asm)
00412e6f       __fdiv_fpr
00413331*      __fdiv_chk
00413344*      __fdiv_m32
00413391*      __fdiv_m64
004133de*      __fdiv_m32r
0041342b*      __fdiv_m64r
Module: C:\WATCOM/lib386/nt\clib3r.lib(histsplt.c)
0041811c       ___historical_splitparms
Module: C:\WATCOM/lib386/nt\clib3r.lib(leapyear.c)
00413480       __leapyear_
00415134       ___diyr
0041514e       ___dilyr
Module: C:\WATCOM/lib386/nt\clib3r.lib(wcstombs.c)
004134c0       wcstombs_
Module: C:\WATCOM/lib386/nt\clib3r.lib(mbslen.c)
00413560       _mbslen_
Module: C:\WATCOM/lib386/nt\clib3r.lib(mbstowcs.c)
00413590       mbstowcs_
Module: C:\WATCOM/lib386/nt\clib3r.lib(uputenv.c)
00413610*      _wputenv_
00413830       __wputenv_
Module: C:\WATCOM/lib386/nt\clib3r.lib(flush.c)
00413930       __flush_
Module: C:\WATCOM/lib386/nt\clib3r.lib(wctomb.c)
00413a30       wctomb_
Module: C:\WATCOM/lib386/nt\clib3r.lib(mbtowc.c)
00413a70       mbtowc_
Module: C:\WATCOM/lib386/nt\clib3r.lib(ustrchr.c)
00413b00       wcschr_
Module: C:\WATCOM/lib386/nt\clib3r.lib(setenvar.c)
00413b20       __lib_SetEnvironmentVariableW_
Module: C:\WATCOM/lib386/nt\clib3r.lib(crtwenv.c)
00413c10       __create_wide_environment_
Module: C:\WATCOM/lib386/nt\clib3r.lib(utoupper.c)
00413c78       towupper_
Module: C:\WATCOM/lib386/nt\clib3r.lib(fsync.c)
00413c90       fsync_
Module: C:\WATCOM/lib386/nt\clib3r.lib(qwrit.c)
00413ce0       __qwrite_


                        +----------------------+
                        |   Imported Symbols   |
                        +----------------------+

Symbol                              Module
======                              ======

_GetEnvironmentStringsA@0           KERNEL32.DLL
_GetVersion@0                       KERNEL32.DLL
_GetModuleFileNameA@12              KERNEL32.DLL
_GetCommandLineA@0                  KERNEL32.DLL
_GetCommandLineW@0                  KERNEL32.DLL
_FreeEnvironmentStringsA@4          KERNEL32.DLL
_GetModuleHandleA@4                 KERNEL32.DLL
_ExitProcess@4                      KERNEL32.DLL
_RtlUnwind@16                       KERNEL32.DLL
_GetCurrentThreadId@0               KERNEL32.DLL
_GetFullPathNameA@16                KERNEL32.DLL
_GetFileType@4                      KERNEL32.DLL
_GetFileInformationByHandle@8       KERNEL32.DLL
_GetFileTime@16                     KERNEL32.DLL
_GetFileSize@8                      KERNEL32.DLL
_CreateFileA@28                     KERNEL32.DLL
_CloseHandle@4                      KERNEL32.DLL
_GetLastError@0                     KERNEL32.DLL
_GetDriveTypeA@4                    KERNEL32.DLL
_FindFirstFileA@8                   KERNEL32.DLL
_FindClose@4                        KERNEL32.DLL
_SetStdHandle@8                     KERNEL32.DLL
_CreateEventA@16                    KERNEL32.DLL
_GetStdHandle@4                     KERNEL32.DLL
_GetModuleFileNameW@12              KERNEL32.DLL
_MultiByteToWideChar@24             KERNEL32.DLL
_LoadLibraryA@4                     KERNEL32.DLL
_GetProcAddress@8                   KERNEL32.DLL
_WriteFile@20                       KERNEL32.DLL
_SetUnhandledExceptionFilter@4      KERNEL32.DLL
_UnhandledExceptionFilter@4         KERNEL32.DLL
_VirtualQuery@12                    KERNEL32.DLL
_MessageBoxA@16                     USER32.DLL
_GetFileAttributesA@4               KERNEL32.DLL
_GetCurrentDirectoryA@8             KERNEL32.DLL
_FileTimeToLocalFileTime@8          KERNEL32.DLL
_FileTimeToDosDateTime@12           KERNEL32.DLL
_DosDateTimeToFileTime@12           KERNEL32.DLL
_LocalFileTimeToFileTime@8          KERNEL32.DLL
_FindNextFileA@8                    KERNEL32.DLL
_FormatMessageA@28                  KERNEL32.DLL
_SetFilePointer@16                  KERNEL32.DLL
_DeleteFileA@4                      KERNEL32.DLL
_SetEndOfFile@4                     KERNEL32.DLL
_ReadFile@20                        KERNEL32.DLL
_SetConsoleCtrlHandler@8            KERNEL32.DLL
_TlsGetValue@4                      KERNEL32.DLL
_TlsSetValue@8                      KERNEL32.DLL
_CharUpperA@4                       USER32.DLL
_VirtualAlloc@16                    KERNEL32.DLL
_InitializeCriticalSection@4        KERNEL32.DLL
_DeleteCriticalSection@4            KERNEL32.DLL
_LeaveCriticalSection@4             KERNEL32.DLL
_EnterCriticalSection@4             KERNEL32.DLL
_SetLastError@4                     KERNEL32.DLL
_TlsAlloc@0                         KERNEL32.DLL
_TlsFree@4                          KERNEL32.DLL
_VirtualFree@12                     KERNEL32.DLL
_GetTimeZoneInformation@4           KERNEL32.DLL
_GetACP@0                           KERNEL32.DLL
_GetOEMCP@0                         KERNEL32.DLL
_GetCPInfo@8                        KERNEL32.DLL
_CreateThread@24                    KERNEL32.DLL
_ResumeThread@4                     KERNEL32.DLL
_ExitThread@4                       KERNEL32.DLL
_SetEnvironmentVariableA@8          KERNEL32.DLL
_WideCharToMultiByte@32             KERNEL32.DLL
_SetEnvironmentVariableW@8          KERNEL32.DLL
_FlushFileBuffers@4                 KERNEL32.DLL


                        +--------------------+
                        |   Libraries Used   |
                        +--------------------+

C:\WATCOM/lib386/nt\kernel32.lib
C:\WATCOM/lib386/nt\user32.lib
C:\WATCOM/lib386/nt\flib7.lib
C:\WATCOM/lib386\math387r.lib
C:\WATCOM/lib386/nt\clib3r.lib
C:\WATCOM/lib386/nt\emu387.lib


                        +-----------------------+
                        |   Linker Statistics   |
                        +-----------------------+

Stack size:  00010000 (65536.)
Memory size:  00026804 (157700.)
Entry point address: 004019a4
Link time: 00:00.25
